[0] Champions Circuit Mega Evolution retains the overlevel battle handicap: [32mPASS[0m
[0] Champions Circuit level 255 reaches the damage engine through battle controllers: [32mPASS[0m
[0] Champions Circuit restores the exact prepared party after a run: [32mPASS[0m
[0] Champions Circuit templates use configured legal Abilities: [32mPASS[0m
[0] Champions Circuit variant families are contiguous and retain a base form: [32mPASS[0m
[0] Champions Circuit overlevel stats survive form recalculation without changing EXP: [32mPASS[0m
[0] Champions Circuit levels add one point per win and saturate without wrapping: [32mPASS[0m
[0] Champions Circuit assembles complete competitive sets across 2048 seeds: [32mPASS[0m
[0] Champions Circuit honors the live difficulty level reduction: [32mPASS[0m
[0] Champions Circuit generates live Showdown doubles teams: [32mPASS[0m
[0] Champions Circuit mastery waits for every finite Circuit reward: [32mPASS[0m
[0] Champions Circuit full-PC rewards remain claimable without another win: [32mPASS[0m
[0] Champions Circuit sends earned rewards to the PC: [32mPASS[0m
[0] Champions Circuit win and loss transitions preserve counters and restore the party: [32mPASS[0m
[0] Champions Circuit entry requires six healthy non-Egg Pokemon: [32mPASS[0m

- Tests [32mPASSED[0m:          15
- Tests [34mTOTAL[0m:           15

PASS: 'Champions Circuit': total=15 known=0 todo=0 failures=0 assumptions=0 intermittent_debt=0 elapsed=14.38s
[0] Emerald Champions level caps follow every campaign milestone: [32mPASS[0m

- Tests [32mPASSED[0m:          1
- Tests [34mTOTAL[0m:           1

PASS: 'Emerald Champions level caps': total=1 known=0 todo=0 failures=0 assumptions=0 intermittent_debt=0 elapsed=0.11s
[0] Emerald Champions Stat Points change every stat at every level cap: [32mPASS[0m

- Tests [32mPASSED[0m:          1
- Tests [34mTOTAL[0m:           1

PASS: 'Emerald Champions Stat Points change every stat': total=1 known=0 todo=0 failures=0 assumptions=0 intermittent_debt=0 elapsed=0.11s
[0] Emerald Champions strict EXP cap blocks gains at the milestone: [32mPASS[0m

- Tests [32mPASSED[0m:          1
- Tests [34mTOTAL[0m:           1

PASS: 'Emerald Champions strict EXP cap': total=1 known=0 todo=0 failures=0 assumptions=0 intermittent_debt=0 elapsed=0.11s
