headless 9656aabc43afe71c159b39cdafd1387e8bf9d3e52cf7b7fdf8cf56263ddb9394
RESULT frames=1000 stop_matched=0 pc=000001f8 rtc=946684800 width=240 height=160 video_hash=6f563faa7a783573 nonzero_pixels=19514 save_bytes=0

circuit-unlicensed-ready 0 RESULT frames=500 stop_matched=0 pc=000001f8 rtc=946684800 width=240 height=160 video_hash=55aff2cc84fb1168 nonzero_pixels=19503 save_bytes=0
READ width=4 address=020022c4 value=00000000
READ width=4 address=020022ec value=00000000
READ width=4 address=020022f0 value=00000000
READ width=4 address=020022d4 value=00001a05
READ width=4 address=020022e0 value=00000017
READ width=4 address=020022e4 value=00000006
READ width=4 address=02002290 value=00000000
READ width=4 address=0200228c value=00000000
READ width=4 address=02002294 value=00000000
READ width=4 address=0200229c value=00000000
 
circuit-unlicensed 0 RESULT frames=10500 stop_matched=0 pc=000001f8 rtc=946684800 width=240 height=160 video_hash=bd6254faec12fad7 nonzero_pixels=19509 save_bytes=0
READ width=4 address=020022c4 value=00000000
READ width=4 address=020022ec value=00000000
READ width=4 address=020022f0 value=00000000
READ width=4 address=020022d4 value=00001a05
READ width=4 address=020022e0 value=00000017
READ width=4 address=020022e4 value=00000006
READ width=4 address=02002290 value=00000000
READ width=4 address=0200228c value=00000000
READ width=4 address=02002294 value=00000000
READ width=4 address=0200229c value=00000000
 
circuit-fainted-ready 0 RESULT frames=500 stop_matched=0 pc=000001f8 rtc=946684800 width=240 height=160 video_hash=55aff2cc84fb1168 nonzero_pixels=19503 save_bytes=0
READ width=4 address=020022c4 value=00000000
READ width=4 address=020022ec value=00000000
READ width=4 address=020022f0 value=00000000
READ width=4 address=020022d4 value=00001a05
READ width=4 address=020022e0 value=00000017
READ width=4 address=020022e4 value=00000006
READ width=4 address=02002290 value=00000000
READ width=4 address=0200228c value=00000000
READ width=4 address=02002294 value=00000000
READ width=4 address=0200229c value=00000000
 
circuit-fainted 0 RESULT frames=10500 stop_matched=0 pc=000001f8 rtc=946684800 width=240 height=160 video_hash=26ddfbbbe8e92658 nonzero_pixels=19503 save_bytes=0
READ width=4 address=020022c4 value=00000000
READ width=4 address=020022ec value=00000000
READ width=4 address=020022f0 value=00000000
READ width=4 address=020022d4 value=00001a05
READ width=4 address=020022e0 value=00000017
READ width=4 address=020022e4 value=00000006
READ width=4 address=02002290 value=00000000
READ width=4 address=0200228c value=00000000
READ width=4 address=02002294 value=00000000
READ width=4 address=0200229c value=00000000
 
circuit-five-ready 0 RESULT frames=500 stop_matched=0 pc=000001f8 rtc=946684800 width=240 height=160 video_hash=55aff2cc84fb1168 nonzero_pixels=19503 save_bytes=0
READ width=4 address=020022c4 value=00000000
READ width=4 address=020022ec value=00000000
READ width=4 address=020022f0 value=00000000
READ width=4 address=020022d4 value=00001a05
READ width=4 address=020022e0 value=00000017
READ width=4 address=020022e4 value=00000006
READ width=4 address=02002290 value=00000000
READ width=4 address=0200228c value=00000000
READ width=4 address=02002294 value=00000000
READ width=4 address=0200229c value=00000000
 
circuit-five 0 RESULT frames=10500 stop_matched=0 pc=000001f8 rtc=946684800 width=240 height=160 video_hash=26ddfbbbe8e92658 nonzero_pixels=19503 save_bytes=0
READ width=4 address=020022c4 value=00000000
READ width=4 address=020022ec value=00000000
READ width=4 address=020022f0 value=00000000
READ width=4 address=020022d4 value=00001a05
READ width=4 address=020022e0 value=00000017
READ width=4 address=020022e4 value=00000006
READ width=4 address=02002290 value=00000000
READ width=4 address=0200228c value=00000000
READ width=4 address=02002294 value=00000000
READ width=4 address=0200229c value=00000000
 
circuit-entry-cancel-ready 0 RESULT frames=500 stop_matched=0 pc=000001f8 rtc=946684800 width=240 height=160 video_hash=55aff2cc84fb1168 nonzero_pixels=19503 save_bytes=0
READ width=4 address=020022c4 value=00000000
READ width=4 address=020022ec value=00000000
READ width=4 address=020022f0 value=00000000
READ width=4 address=020022d4 value=00001a05
READ width=4 address=020022e0 value=00000017
READ width=4 address=020022e4 value=00000006
READ width=4 address=02002290 value=00000000
READ width=4 address=0200228c value=00000000
READ width=4 address=02002294 value=00000000
READ width=4 address=0200229c value=00000000
 
circuit-entry-cancel 0 RESULT frames=10500 stop_matched=0 pc=000001f8 rtc=946684800 width=240 height=160 video_hash=666f130ca3f82a21 nonzero_pixels=19512 save_bytes=0
READ width=4 address=020022c4 value=00000000
READ width=4 address=020022ec value=00000000
READ width=4 address=020022f0 value=00000000
READ width=4 address=020022d4 value=00001a05
READ width=4 address=020022e0 value=00000017
READ width=4 address=020022e4 value=00000006
READ width=4 address=02002290 value=00000000
READ width=4 address=0200228c value=00000000
READ width=4 address=02002294 value=00000000
READ width=4 address=0200229c value=00000000
 
