circuit-first-win 0 RESULT frames=6800 stop_matched=0 pc=000001f8 rtc=946684800 width=240 height=160 video_hash=5a6344dd425be2eb nonzero_pixels=29355 save_bytes=0
READ width=4 address=020022c4 value=00000001
READ width=4 address=020022ec value=00000001
READ width=4 address=020022f0 value=00000000
READ width=4 address=020022d4 value=00001a08
READ width=4 address=020022e0 value=00000005
READ width=4 address=020022e4 value=00000005
READ width=4 address=02002290 value=00000001
READ width=4 address=0200228c value=00000000
READ width=4 address=02002294 value=00000000
READ width=4 address=0200229c value=00000000
 
circuit-second-win-retire 0 RESULT frames=12500 stop_matched=0 pc=000001f8 rtc=946684800 width=240 height=160 video_hash=ce0801b325090c46 nonzero_pixels=19514 save_bytes=0
READ width=4 address=020022c4 value=00000000
READ width=4 address=020022ec value=00000000
READ width=4 address=020022f0 value=00000000
READ width=4 address=020022d4 value=00001a05
READ width=4 address=020022e0 value=00000017
READ width=4 address=020022e4 value=00000006
READ width=4 address=02002290 value=00000002
READ width=4 address=0200228c value=00000000
READ width=4 address=02002294 value=00000000
READ width=4 address=0200229c value=00000000
 
circuit-fainted-rejection 0 RESULT frames=3000 stop_matched=0 pc=000001f8 rtc=946684800 width=240 height=160 video_hash=368cb754b24bc555 nonzero_pixels=26476 save_bytes=0
READ width=4 address=020022c4 value=00000000
READ width=4 address=020022ec value=00000001
READ width=4 address=020022f0 value=00000001
READ width=4 address=020022d4 value=00001a05
READ width=4 address=020022e0 value=00000017
READ width=4 address=020022e4 value=00000006
READ width=4 address=02002290 value=00000000
READ width=4 address=0200228c value=00000000
READ width=4 address=02002294 value=00000000
READ width=4 address=0200229c value=00000000
 
circuit-five-rejection 0 RESULT frames=3000 stop_matched=0 pc=000001f8 rtc=946684800 width=240 height=160 video_hash=368cb754b24bc555 nonzero_pixels=26476 save_bytes=0
READ width=4 address=020022c4 value=00000000
READ width=4 address=020022ec value=00000001
READ width=4 address=020022f0 value=00000001
READ width=4 address=020022d4 value=00001a05
READ width=4 address=020022e0 value=00000017
READ width=4 address=020022e4 value=00000006
READ width=4 address=02002290 value=00000000
READ width=4 address=0200228c value=00000000
READ width=4 address=02002294 value=00000000
READ width=4 address=0200229c value=00000000
 
