0 (15, 12) (15, 13) 0 [] UP
1 (11, 14) (11, 13) 4 ['LEFT', 'LEFT', 'LEFT', 'LEFT'] DOWN
2 (15, 8) (14, 8) 8 ['UP', 'UP', 'UP', 'UP', 'UP', 'RIGHT', 'RIGHT', 'RIGHT'] RIGHT
3 (19, 14) (19, 13) 10 ['RIGHT', 'RIGHT', 'RIGHT', 'RIGHT', 'RIGHT', 'DOWN', 'DOWN', 'DOWN', 'DOWN', 'DOWN'] DOWN
4 (12, 11) (13, 11) 8 ['UP', 'UP', 'LEFT', 'LEFT', 'LEFT', 'LEFT', 'LEFT', 'LEFT'] LEFT
5 (18, 11) (17, 11) 4 ['RIGHT', 'RIGHT', 'RIGHT', 'RIGHT'] RIGHT
6 (15, 14) (15, 13) 4 ['LEFT', 'LEFT', 'DOWN', 'DOWN'] DOWN
7 (11, 14) (11, 13) 4 ['LEFT', 'LEFT', 'LEFT', 'LEFT'] DOWN
8 (19, 14) (19, 13) 8 ['RIGHT', 'RIGHT', 'RIGHT', 'RIGHT', 'RIGHT', 'RIGHT', 'RIGHT', 'RIGHT'] DOWN
9 (15, 15) (15, 14) 5 ['LEFT', 'LEFT', 'LEFT', 'LEFT', 'DOWN'] DOWN
10 (15, 10) (15, 11) 3 ['UP', 'UP', 'UP'] UP
birth-puzzle-capture 0 RESULT frames=18110 stop_matched=0 pc=000001f8 rtc=946684800 width=240 height=160 video_hash=94b950581e51c54d nonzero_pixels=38327 save_bytes=0
READ width=4 address=020022c4 value=00000001
READ width=4 address=020022ec value=00000000
READ width=4 address=020022f0 value=00000000
READ width=4 address=020022d4 value=00001a3a
READ width=4 address=020022e0 value=0000000f
READ width=4 address=020022e4 value=00000009
READ width=4 address=02002290 value=00000000
READ width=4 address=0200228c value=00000000
READ width=4 address=02002294 value=00000000
READ width=4 address=0200229c value=00000000
 
