party personalities RESULT frames=1 stop_matched=0 pc=000001f8 rtc=946684800 width=240 height=160 video_hash=c8373bed92e3d538 nonzero_pixels=32569 save_bytes=0
READ width=4 address=020337a0 value=00000000
READ width=4 address=02033804 value=00000000
READ width=4 address=02033868 value=00000000
READ width=4 address=020338cc value=00000000
READ width=4 address=02033930 value=00000000
READ width=4 address=02033994 value=00000000

mirage-absent-watcher 1 0 RESULT frames=2200 stop_matched=0 pc=000001f8 rtc=946684800 width=240 height=160 video_hash=b4e98535d4d576c8 nonzero_pixels=17214 save_bytes=0
READ width=4 address=020022c4 value=00000001
READ width=4 address=020022ec value=00000000
READ width=4 address=020022f0 value=00000000
READ width=4 address=020022d4 value=00000706
READ width=4 address=020022e0 value=00000009
READ width=4 address=020022e4 value=00000005
READ width=2 address=02002c5e value=0000004d
READ width=4 address=02002c4c value=08f53e38
READ width=2 address=02002336 value=00000000
 
mirage-present-watcher 0 0 RESULT frames=2200 stop_matched=0 pc=000001f8 rtc=946684800 width=240 height=160 video_hash=b4e98535d4d576c8 nonzero_pixels=17214 save_bytes=0
READ width=4 address=020022c4 value=00000000
READ width=4 address=020022ec value=00000000
READ width=4 address=020022f0 value=00000000
READ width=4 address=020022d4 value=00000706
READ width=4 address=020022e0 value=00000009
READ width=4 address=020022e4 value=00000005
READ width=2 address=02002c5e value=0000004d
READ width=4 address=02002c4c value=08f53e38
READ width=2 address=02002336 value=00000001
 
mirage-absent-route 1 0 RESULT frames=2200 stop_matched=0 pc=000001f8 rtc=946684800 width=240 height=160 video_hash=1fd4dbc8596b80a2 nonzero_pixels=38236 save_bytes=0
READ width=4 address=020022c4 value=00000001
READ width=4 address=020022ec value=00000000
READ width=4 address=020022f0 value=00000000
READ width=4 address=020022d4 value=0000002d
READ width=4 address=020022e0 value=00000034
READ width=4 address=020022e4 value=0000000a
READ width=2 address=02002c5e value=00000107
READ width=4 address=02002c4c value=08f76914
READ width=2 address=02002336 value=00000000
 
mirage-present-route 0 0 RESULT frames=2200 stop_matched=0 pc=000001f8 rtc=946684800 width=240 height=160 video_hash=8cd77575a54b76e5 nonzero_pixels=38351 save_bytes=0
READ width=4 address=020022c4 value=00000000
READ width=4 address=020022ec value=00000000
READ width=4 address=020022f0 value=00000000
READ width=4 address=020022d4 value=0000002d
READ width=4 address=020022e0 value=00000034
READ width=4 address=020022e4 value=0000000a
READ width=2 address=02002c5e value=00000107
READ width=4 address=02002c4c value=08f436e4
READ width=2 address=02002336 value=00000001
 
