headless sha256 9656aabc43afe71c159b39cdafd1387e8bf9d3e52cf7b7fdf8cf56263ddb9394
RESULT frames=1000 stop_matched=0 pc=000001f8 rtc=946684800 width=240 height=160 video_hash=c8373bed92e3d538 nonzero_pixels=32569 save_bytes=0

frontier-apprentice-fresh-ready 0 RESULT frames=1500 stop_matched=0 pc=000001f8 rtc=946684800 width=240 height=160 video_hash=08cd8cde84959b12 nonzero_pixels=19493 save_bytes=0
READ width=4 address=020022c4 value=00000000
READ width=4 address=020022ec value=00000000
READ width=4 address=020022f0 value=00000000
READ width=4 address=020022d4 value=00001a05
READ width=4 address=020022e0 value=00000001
READ width=4 address=020022e4 value=00000006
READ width=4 address=02002290 value=00000000
READ width=4 address=0200228c value=00000000
READ width=4 address=02002294 value=00000000
READ width=4 address=0200229c value=00000000
 
frontier-apprentice-fresh 0 RESULT frames=4500 stop_matched=0 pc=000001f8 rtc=946684800 width=240 height=160 video_hash=8340c7a1d8cae0a2 nonzero_pixels=26450 save_bytes=0
READ width=4 address=020022c4 value=00000000
READ width=4 address=020022ec value=00000001
READ width=4 address=020022f0 value=00000001
READ width=4 address=020022d4 value=00001a05
READ width=4 address=020022e0 value=00000001
READ width=4 address=020022e4 value=00000006
READ width=4 address=02002290 value=00000000
READ width=4 address=0200228c value=00000000
READ width=4 address=02002294 value=00000000
READ width=4 address=0200229c value=00000000
 
frontier-apprentice-fresh-repeat 0 RESULT frames=4500 stop_matched=0 pc=000001f8 rtc=946684800 width=240 height=160 video_hash=08cd8cde84959b12 nonzero_pixels=19493 save_bytes=0
READ width=4 address=020022c4 value=00000000
READ width=4 address=020022ec value=00000000
READ width=4 address=020022f0 value=00000000
READ width=4 address=020022d4 value=00001a05
READ width=4 address=020022e0 value=00000001
READ width=4 address=020022e4 value=00000006
READ width=4 address=02002290 value=00000000
READ width=4 address=0200228c value=00000000
READ width=4 address=02002294 value=00000000
READ width=4 address=0200229c value=00000000
 
frontier-apprentice-departed-ready 0 RESULT frames=1500 stop_matched=0 pc=000001f8 rtc=946684800 width=240 height=160 video_hash=08cd8cde84959b12 nonzero_pixels=19493 save_bytes=0
READ width=4 address=020022c4 value=00000000
READ width=4 address=020022ec value=00000000
READ width=4 address=020022f0 value=00000000
READ width=4 address=020022d4 value=00001a05
READ width=4 address=020022e0 value=00000001
READ width=4 address=020022e4 value=00000006
READ width=4 address=02002290 value=00000000
READ width=4 address=0200228c value=00000000
READ width=4 address=02002294 value=00000000
READ width=4 address=0200229c value=00000000
 
frontier-apprentice-departed 0 RESULT frames=4500 stop_matched=0 pc=000001f8 rtc=946684800 width=240 height=160 video_hash=8340c7a1d8cae0a2 nonzero_pixels=26450 save_bytes=0
READ width=4 address=020022c4 value=00000000
READ width=4 address=020022ec value=00000001
READ width=4 address=020022f0 value=00000001
READ width=4 address=020022d4 value=00001a05
READ width=4 address=020022e0 value=00000001
READ width=4 address=020022e4 value=00000006
READ width=4 address=02002290 value=00000000
READ width=4 address=0200228c value=00000000
READ width=4 address=02002294 value=00000000
READ width=4 address=0200229c value=00000000
 
frontier-apprentice-departed-repeat 0 RESULT frames=4500 stop_matched=0 pc=000001f8 rtc=946684800 width=240 height=160 video_hash=08cd8cde84959b12 nonzero_pixels=19493 save_bytes=0
READ width=4 address=020022c4 value=00000000
READ width=4 address=020022ec value=00000000
READ width=4 address=020022f0 value=00000000
READ width=4 address=020022d4 value=00001a05
READ width=4 address=020022e0 value=00000001
READ width=4 address=020022e4 value=00000006
READ width=4 address=02002290 value=00000000
READ width=4 address=0200228c value=00000000
READ width=4 address=02002294 value=00000000
READ width=4 address=0200229c value=00000000
 
