southern-latias-capture 0 RESULT frames=12500 stop_matched=0 pc=000001f8 rtc=946684800 width=240 height=160 video_hash=7c32c9d086e453bf nonzero_pixels=38343 save_bytes=0
READ width=4 address=020022c4 value=00000001
READ width=4 address=020022ec value=00000000
READ width=4 address=020022f0 value=00000000
READ width=4 address=020022d4 value=00001a0a
READ width=4 address=020022e0 value=0000000d
READ width=4 address=020022e4 value=0000000c
READ width=4 address=02002290 value=00000001
READ width=4 address=0200228c value=00000001
READ width=4 address=02002294 value=0000017c
READ width=4 address=0200229c value=00000001
 
southern-latios-capture 0 RESULT frames=12500 stop_matched=0 pc=000001f8 rtc=946684800 width=240 height=160 video_hash=7c32c9d086e453bf nonzero_pixels=38343 save_bytes=0
READ width=4 address=020022c4 value=00000001
READ width=4 address=020022ec value=00000000
READ width=4 address=020022f0 value=00000000
READ width=4 address=020022d4 value=00001a0a
READ width=4 address=020022e0 value=0000000d
READ width=4 address=020022e4 value=0000000c
READ width=4 address=02002290 value=00000001
READ width=4 address=0200228c value=00000001
READ width=4 address=02002294 value=0000017d
READ width=4 address=0200229c value=00000001
 
southern-no-pass 0 RESULT frames=12500 stop_matched=0 pc=000001f8 rtc=946684800 width=240 height=160 video_hash=4ea5a53761398dd6 nonzero_pixels=38343 save_bytes=0
READ width=4 address=020022c4 value=00000000
READ width=4 address=020022ec value=00000000
READ width=4 address=020022f0 value=00000000
READ width=4 address=020022d4 value=00001a0a
READ width=4 address=020022e0 value=0000000d
READ width=4 address=020022e4 value=0000000c
READ width=4 address=02002290 value=00000000
READ width=4 address=0200228c value=00000000
READ width=4 address=02002294 value=00000000
READ width=4 address=0200229c value=00000000
 
southern-latios-faint 0 RESULT frames=12500 stop_matched=0 pc=000001f8 rtc=946684800 width=240 height=160 video_hash=57030b08918b38e6 nonzero_pixels=38343 save_bytes=0
READ width=4 address=020022c4 value=00000000
READ width=4 address=020022ec value=00000000
READ width=4 address=020022f0 value=00000000
READ width=4 address=020022d4 value=00001a0a
READ width=4 address=020022e0 value=0000000d
READ width=4 address=020022e4 value=0000000c
READ width=4 address=02002290 value=00000001
READ width=4 address=0200228c value=00000000
READ width=4 address=02002294 value=00000000
READ width=4 address=0200229c value=00000000
 
