circuit-berry-ready-active-berry-read 0 RESULT frames=30 stop_matched=0 pc=000001f8 rtc=946684800 width=240 height=160 video_hash=07437ca2b898802b nonzero_pixels=19514 save_bytes=0
READ width=4 address=020022c4 value=00000000
READ width=4 address=020022ec value=00000000
READ width=4 address=020022f0 value=00000000
READ width=4 address=020022d4 value=00001a05
READ width=4 address=020022e0 value=00000017
READ width=4 address=020022e4 value=00000006
READ width=4 address=02002290 value=00000000
READ width=4 address=0200228c value=00000000
READ width=4 address=02002294 value=00000000
READ width=4 address=0200229c value=00000000
 
circuit-berry-ready-current-berry-read 0 RESULT frames=30 stop_matched=0 pc=000001f8 rtc=946684800 width=240 height=160 video_hash=07437ca2b898802b nonzero_pixels=19514 save_bytes=0
READ width=4 address=020022c4 value=00000000
READ width=4 address=020022ec value=00000000
READ width=4 address=020022f0 value=00000000
READ width=4 address=020022d4 value=00001a05
READ width=4 address=020022e0 value=00000017
READ width=4 address=020022e4 value=00000006
READ width=4 address=02002290 value=00000000
READ width=4 address=0200228c value=00000000
READ width=4 address=02002294 value=00000000
READ width=4 address=0200229c value=00000000
 
circuit-berry-ready-best-berry-read 0 RESULT frames=30 stop_matched=0 pc=000001f8 rtc=946684800 width=240 height=160 video_hash=07437ca2b898802b nonzero_pixels=19514 save_bytes=0
READ width=4 address=020022c4 value=00000000
READ width=4 address=020022ec value=00000000
READ width=4 address=020022f0 value=00000000
READ width=4 address=020022d4 value=00001a05
READ width=4 address=020022e0 value=00000017
READ width=4 address=020022e4 value=00000006
READ width=4 address=02002290 value=00000000
READ width=4 address=0200228c value=00000000
READ width=4 address=02002294 value=00000000
READ width=4 address=0200229c value=00000000
 
circuit-berry-ready-total-berry-read 0 RESULT frames=30 stop_matched=0 pc=000001f8 rtc=946684800 width=240 height=160 video_hash=07437ca2b898802b nonzero_pixels=19514 save_bytes=0
READ width=4 address=020022c4 value=00000000
READ width=4 address=020022ec value=00000000
READ width=4 address=020022f0 value=00000000
READ width=4 address=020022d4 value=00001a05
READ width=4 address=020022e0 value=00000017
READ width=4 address=020022e4 value=00000006
READ width=4 address=02002290 value=00000000
READ width=4 address=0200228c value=00000000
READ width=4 address=02002294 value=00000000
READ width=4 address=0200229c value=00000000
 
circuit-berry-ready-BP-berry-read 0 RESULT frames=30 stop_matched=0 pc=000001f8 rtc=946684800 width=240 height=160 video_hash=07437ca2b898802b nonzero_pixels=19514 save_bytes=0
READ width=4 address=020022c4 value=00000000
READ width=4 address=020022ec value=00000000
READ width=4 address=020022f0 value=00000000
READ width=4 address=020022d4 value=00001a05
READ width=4 address=020022e0 value=00000017
READ width=4 address=020022e4 value=00000006
READ width=4 address=02002290 value=00000000
READ width=4 address=0200228c value=00000000
READ width=4 address=02002294 value=00000000
READ width=4 address=0200229c value=00000000
 
circuit-berry-ready-money-berry-read 0 RESULT frames=30 stop_matched=0 pc=000001f8 rtc=946684800 width=240 height=160 video_hash=07437ca2b898802b nonzero_pixels=19514 save_bytes=0
READ width=4 address=020022c4 value=00000bb8
READ width=4 address=020022ec value=00000000
READ width=4 address=020022f0 value=00000000
READ width=4 address=020022d4 value=00001a05
READ width=4 address=020022e0 value=00000017
READ width=4 address=020022e4 value=00000006
READ width=4 address=02002290 value=00000000
READ width=4 address=0200228c value=00000000
READ width=4 address=02002294 value=00000000
READ width=4 address=0200229c value=00000000
 
circuit-berry-defeat-active-berry-read 0 RESULT frames=30 stop_matched=0 pc=000001f8 rtc=946684800 width=240 height=160 video_hash=00ae6839092226df nonzero_pixels=19499 save_bytes=0
READ width=4 address=020022c4 value=00000000
READ width=4 address=020022ec value=00000000
READ width=4 address=020022f0 value=00000000
READ width=4 address=020022d4 value=00001a05
READ width=4 address=020022e0 value=00000017
READ width=4 address=020022e4 value=00000006
READ width=4 address=02002290 value=00000000
READ width=4 address=0200228c value=00000000
READ width=4 address=02002294 value=00000000
READ width=4 address=0200229c value=00000000
 
circuit-berry-defeat-current-berry-read 0 RESULT frames=30 stop_matched=0 pc=000001f8 rtc=946684800 width=240 height=160 video_hash=00ae6839092226df nonzero_pixels=19499 save_bytes=0
READ width=4 address=020022c4 value=00000000
READ width=4 address=020022ec value=00000000
READ width=4 address=020022f0 value=00000000
READ width=4 address=020022d4 value=00001a05
READ width=4 address=020022e0 value=00000017
READ width=4 address=020022e4 value=00000006
READ width=4 address=02002290 value=00000000
READ width=4 address=0200228c value=00000000
READ width=4 address=02002294 value=00000000
READ width=4 address=0200229c value=00000000
 
circuit-berry-defeat-best-berry-read 0 RESULT frames=30 stop_matched=0 pc=000001f8 rtc=946684800 width=240 height=160 video_hash=00ae6839092226df nonzero_pixels=19499 save_bytes=0
READ width=4 address=020022c4 value=00000000
READ width=4 address=020022ec value=00000000
READ width=4 address=020022f0 value=00000000
READ width=4 address=020022d4 value=00001a05
READ width=4 address=020022e0 value=00000017
READ width=4 address=020022e4 value=00000006
READ width=4 address=02002290 value=00000000
READ width=4 address=0200228c value=00000000
READ width=4 address=02002294 value=00000000
READ width=4 address=0200229c value=00000000
 
circuit-berry-defeat-total-berry-read 0 RESULT frames=30 stop_matched=0 pc=000001f8 rtc=946684800 width=240 height=160 video_hash=00ae6839092226df nonzero_pixels=19499 save_bytes=0
READ width=4 address=020022c4 value=00000000
READ width=4 address=020022ec value=00000000
READ width=4 address=020022f0 value=00000000
READ width=4 address=020022d4 value=00001a05
READ width=4 address=020022e0 value=00000017
READ width=4 address=020022e4 value=00000006
READ width=4 address=02002290 value=00000000
READ width=4 address=0200228c value=00000000
READ width=4 address=02002294 value=00000000
READ width=4 address=0200229c value=00000000
 
circuit-berry-defeat-BP-berry-read 0 RESULT frames=30 stop_matched=0 pc=000001f8 rtc=946684800 width=240 height=160 video_hash=00ae6839092226df nonzero_pixels=19499 save_bytes=0
READ width=4 address=020022c4 value=00000000
READ width=4 address=020022ec value=00000000
READ width=4 address=020022f0 value=00000000
READ width=4 address=020022d4 value=00001a05
READ width=4 address=020022e0 value=00000017
READ width=4 address=020022e4 value=00000006
READ width=4 address=02002290 value=00000000
READ width=4 address=0200228c value=00000000
READ width=4 address=02002294 value=00000000
READ width=4 address=0200229c value=00000000
 
circuit-berry-defeat-money-berry-read 0 RESULT frames=30 stop_matched=0 pc=000001f8 rtc=946684800 width=240 height=160 video_hash=00ae6839092226df nonzero_pixels=19499 save_bytes=0
READ width=4 address=020022c4 value=00000bb8
READ width=4 address=020022ec value=00000000
READ width=4 address=020022f0 value=00000000
READ width=4 address=020022d4 value=00001a05
READ width=4 address=020022e0 value=00000017
READ width=4 address=020022e4 value=00000006
READ width=4 address=02002290 value=00000000
READ width=4 address=0200228c value=00000000
READ width=4 address=02002294 value=00000000
READ width=4 address=0200229c value=00000000
 
circuit-berry-ready {'levels': [80, 80, 80, 80, 80, 80], 'hp': [(370, 370), (226, 226), (146, 146), (146, 146), (146, 146), (146, 146)], 'active': 0, 'current': 0, 'best': 0, 'total': 0, 'BP': 0, 'money': 3000}
circuit-berry-defeat {'levels': [80, 80, 80, 80, 80, 80], 'hp': [(370, 370), (226, 226), (146, 146), (146, 146), (146, 146), (146, 146)], 'active': 0, 'current': 0, 'best': 0, 'total': 0, 'BP': 0, 'money': 3000}
exact_party_restored True
