league-sidney-cleared 0 RESULT frames=12500 stop_matched=0 pc=08199d48 rtc=946684800 width=240 height=160 video_hash=7dec39f7caa8a977 nonzero_pixels=33223 save_bytes=0
READ width=4 address=020022c4 value=00000002
READ width=4 address=020022ec value=00000000
READ width=4 address=020022f0 value=00000000
READ width=4 address=02002290 value=00000001
READ width=4 address=020022d4 value=00001001
READ width=4 address=020022e0 value=00000006
READ width=4 address=020022e4 value=00000007
 
league-phoebe-cleared 0 RESULT frames=12500 stop_matched=0 pc=08199d48 rtc=946684800 width=240 height=160 video_hash=3188a7063232f82e nonzero_pixels=33221 save_bytes=0
READ width=4 address=020022c4 value=00000003
READ width=4 address=020022ec value=00000000
READ width=4 address=020022f0 value=00000000
READ width=4 address=02002290 value=00000002
READ width=4 address=020022d4 value=00001002
READ width=4 address=020022e0 value=00000006
READ width=4 address=020022e4 value=00000007
 
league-glacia-cleared 0 RESULT frames=12500 stop_matched=0 pc=08199d48 rtc=946684800 width=240 height=160 video_hash=f44d154b6588e0d7 nonzero_pixels=33145 save_bytes=0
READ width=4 address=020022c4 value=00000004
READ width=4 address=020022ec value=00000000
READ width=4 address=020022f0 value=00000000
READ width=4 address=02002290 value=00000003
READ width=4 address=020022d4 value=00001003
READ width=4 address=020022e0 value=00000006
READ width=4 address=020022e4 value=00000007
 
league-drake-cleared 0 RESULT frames=12500 stop_matched=0 pc=08199d4a rtc=946684800 width=240 height=160 video_hash=f81a5076433a67aa nonzero_pixels=34361 save_bytes=0
READ width=4 address=020022c4 value=00000004
READ width=4 address=020022ec value=00000001
READ width=4 address=020022f0 value=00000001
READ width=4 address=02002290 value=00000004
READ width=4 address=020022d4 value=00001004
READ width=4 address=020022e0 value=00000006
READ width=4 address=020022e4 value=00000006
 
