174-high 0 RESULT frames=15000 stop_matched=0 pc=000001f8 rtc=946684800 width=240 height=160 video_hash=14c8a927caea1a19 nonzero_pixels=38350 save_bytes=0
READ width=4 address=020022c4 value=00000000
READ width=4 address=020022ec value=00000000
READ width=4 address=020022f0 value=00000000
READ width=4 address=02002290 value=00000000
READ width=4 address=0200228c value=00000000
READ width=4 address=02002294 value=00000000
READ width=4 address=0200229c value=00000000
READ width=4 address=020022d4 value=0000182e
READ width=4 address=020022e0 value=00000014
READ width=4 address=020022e4 value=0000001e
 
174-low 0 RESULT frames=15000 stop_matched=0 pc=000001f8 rtc=946706400 width=240 height=160 video_hash=14c8a927caea1a19 nonzero_pixels=38350 save_bytes=0
READ width=4 address=020022c4 value=00000000
READ width=4 address=020022ec value=00000000
READ width=4 address=020022f0 value=00000000
READ width=4 address=02002290 value=00000000
READ width=4 address=0200228c value=00000000
READ width=4 address=02002294 value=00000000
READ width=4 address=0200229c value=00000000
READ width=4 address=020022d4 value=0000182e
READ width=4 address=020022e0 value=00000014
READ width=4 address=020022e4 value=0000001e
 
176 0 RESULT frames=15000 stop_matched=0 pc=000001f8 rtc=946684800 width=240 height=160 video_hash=7df9906e6ce12ce6 nonzero_pixels=38271 save_bytes=0
READ width=4 address=020022c4 value=00000000
READ width=4 address=020022ec value=00000000
READ width=4 address=020022f0 value=00000000
READ width=4 address=02002290 value=00000000
READ width=4 address=0200228c value=00000000
READ width=4 address=02002294 value=00000000
READ width=4 address=0200229c value=00000000
READ width=4 address=020022d4 value=00001853
READ width=4 address=020022e0 value=00000008
READ width=4 address=020022e4 value=00000009
 
175-again 0 RESULT frames=22000 stop_matched=0 pc=000001f8 rtc=946684800 width=240 height=160 video_hash=2ef64a22e2882c20 nonzero_pixels=38305 save_bytes=0
READ width=4 address=020022c4 value=00000001
READ width=4 address=020022ec value=00000000
READ width=4 address=020022f0 value=00000000
READ width=4 address=02002290 value=00000001
READ width=4 address=0200228c value=00000001
READ width=4 address=02002294 value=00000090
READ width=4 address=0200229c value=00000001
READ width=4 address=020022d4 value=00001853
READ width=4 address=020022e0 value=00000008
READ width=4 address=020022e4 value=00000009
 
177 0 RESULT frames=15000 stop_matched=0 pc=081dca7a rtc=946684800 width=240 height=160 video_hash=d9a9d4d8a48952c9 nonzero_pixels=38293 save_bytes=0
READ width=4 address=020022c4 value=00000000
READ width=4 address=020022ec value=00000000
READ width=4 address=020022f0 value=00000000
READ width=4 address=02002290 value=00000000
READ width=4 address=0200228c value=00000000
READ width=4 address=02002294 value=00000000
READ width=4 address=0200229c value=00000000
READ width=4 address=020022d4 value=00001853
READ width=4 address=020022e0 value=0000000c
READ width=4 address=020022e4 value=0000000b
 
178 0 RESULT frames=15000 stop_matched=0 pc=0000001c rtc=946684800 width=240 height=160 video_hash=d9a9d4d8a48952c9 nonzero_pixels=38293 save_bytes=0
READ width=4 address=020022c4 value=00000001
READ width=4 address=020022ec value=00000000
READ width=4 address=020022f0 value=00000000
READ width=4 address=02002290 value=00000000
READ width=4 address=0200228c value=00000000
READ width=4 address=02002294 value=00000000
READ width=4 address=0200229c value=00000000
READ width=4 address=020022d4 value=00001853
READ width=4 address=020022e0 value=0000000c
READ width=4 address=020022e4 value=0000000b
 
179 0 RESULT frames=15000 stop_matched=0 pc=000001f8 rtc=946684800 width=240 height=160 video_hash=413ef0fadb53f8eb nonzero_pixels=38355 save_bytes=0
READ width=4 address=020022c4 value=00000001
READ width=4 address=020022ec value=00000000
READ width=4 address=020022f0 value=00000000
READ width=4 address=02002290 value=00000000
READ width=4 address=0200228c value=00000000
READ width=4 address=02002294 value=00000000
READ width=4 address=0200229c value=00000000
READ width=4 address=020022d4 value=0000182e
READ width=4 address=020022e0 value=00000011
READ width=4 address=020022e4 value=0000000f
 
180 0 RESULT frames=15000 stop_matched=0 pc=000001f8 rtc=946684800 width=240 height=160 video_hash=413ef0fadb53f8eb nonzero_pixels=38355 save_bytes=0
READ width=4 address=020022c4 value=00000000
READ width=4 address=020022ec value=00000000
READ width=4 address=020022f0 value=00000000
READ width=4 address=02002290 value=00000000
READ width=4 address=0200228c value=00000000
READ width=4 address=02002294 value=00000000
READ width=4 address=0200229c value=00000000
READ width=4 address=020022d4 value=0000182e
READ width=4 address=020022e0 value=00000011
READ width=4 address=020022e4 value=0000000f
 
181 0 RESULT frames=15000 stop_matched=0 pc=000001f8 rtc=946684800 width=240 height=160 video_hash=68b13309f8c9a2f2 nonzero_pixels=38329 save_bytes=0
READ width=4 address=020022c4 value=00000001
READ width=4 address=020022ec value=00000000
READ width=4 address=020022f0 value=00000000
READ width=4 address=02002290 value=00000000
READ width=4 address=0200228c value=00000000
READ width=4 address=02002294 value=00000000
READ width=4 address=0200229c value=00000000
READ width=4 address=020022d4 value=00001830
READ width=4 address=020022e0 value=0000000b
READ width=4 address=020022e4 value=0000000c
 
182 0 RESULT frames=15000 stop_matched=0 pc=000001f8 rtc=946684800 width=240 height=160 video_hash=b0b18029fbbaa73b nonzero_pixels=38343 save_bytes=0
READ width=4 address=020022c4 value=00000001
READ width=4 address=020022ec value=00000000
READ width=4 address=020022f0 value=00000000
READ width=4 address=02002290 value=00000000
READ width=4 address=0200228c value=00000000
READ width=4 address=02002294 value=00000000
READ width=4 address=0200229c value=00000000
READ width=4 address=020022d4 value=0000182f
READ width=4 address=020022e0 value=00000029
READ width=4 address=020022e4 value=00000015
 
183 0 RESULT frames=15000 stop_matched=0 pc=000001f8 rtc=946684800 width=240 height=160 video_hash=76765df9204caf08 nonzero_pixels=38341 save_bytes=0
READ width=4 address=020022c4 value=00000001
READ width=4 address=020022ec value=00000000
READ width=4 address=020022f0 value=00000000
READ width=4 address=02002290 value=00000000
READ width=4 address=0200228c value=00000000
READ width=4 address=02002294 value=00000000
READ width=4 address=0200229c value=00000000
READ width=4 address=020022d4 value=00001831
READ width=4 address=020022e0 value=0000000b
READ width=4 address=020022e4 value=00000005
 
