191 0 RESULT frames=15000 stop_matched=0 pc=000001f8 rtc=946684800 width=240 height=160 video_hash=c6ba48ecbf3e5011 nonzero_pixels=38343 save_bytes=0
READ width=4 address=020022c4 value=00000000
READ width=4 address=020022ec value=00000000
READ width=4 address=020022f0 value=00000000
READ width=4 address=02002290 value=00000000
READ width=4 address=020022d4 value=00001824
READ width=4 address=020022e0 value=00000011
READ width=4 address=020022e4 value=0000002a
 
190 0 RESULT frames=30000 stop_matched=0 pc=000001f8 rtc=946684800 width=240 height=160 video_hash=bb31dcfa79b398af nonzero_pixels=38350 save_bytes=0
READ width=4 address=020022c4 value=00000002
READ width=4 address=020022ec value=00000000
READ width=4 address=020022f0 value=00000000
READ width=4 address=02002290 value=00000001
READ width=4 address=020022d4 value=0000002b
READ width=4 address=020022e0 value=00000026
READ width=4 address=020022e4 value=00000016
 
192 0 RESULT frames=15000 stop_matched=0 pc=000001f8 rtc=946684800 width=240 height=160 video_hash=09a5ef487346f75e nonzero_pixels=38343 save_bytes=0
READ width=4 address=020022c4 value=00000001
READ width=4 address=020022ec value=00000000
READ width=4 address=020022f0 value=00000000
READ width=4 address=02002290 value=00000000
READ width=4 address=020022d4 value=00001824
READ width=4 address=020022e0 value=00000011
READ width=4 address=020022e4 value=0000002a
 
193 0 WATCH frame=62 address=020022f0 value=00000001 screenshot=work/dialogue-slateport-20260910/seafloor-193-script-000062-00000001.png
WATCH frame=72 address=020022f0 value=00000000 screenshot=work/dialogue-slateport-20260910/seafloor-193-script-000072-00000000.png
WATCH frame=400 address=020022f0 value=00000001 screenshot=work/dialogue-slateport-20260910/seafloor-193-script-000400-00000001.png
WATCH frame=407 address=020022f0 value=00000000 screenshot=work/dialogue-slateport-20260910/seafloor-193-script-000407-00000000.png
WATCH frame=850 address=020022f0 value=00000001 screenshot=work/dialogue-slateport-20260910/seafloor-193-script-000850-00000001.png
WATCH frame=1203 address=020022f0 value=00000000 screenshot=work/dialogue-slateport-20260910/seafloor-193-script-001203-00000000.png
WATCH frame=1351 address=020022f0 value=00000001 screenshot=work/dialogue-slateport-20260910/seafloor-193-script-001351-00000001.png
WATCH frame=1389 address=020022f0 value=00000000 screenshot=work/dialogue-slateport-20260910/seafloor-193-script-001389-00000000.png
RESULT frames=15000 stop_matched=0 pc=000001f8 rtc=946684800 width=240 height=160 video_hash=bd1b92ed6c915756 nonzero_pixels=38236 save_bytes=0
READ width=4 address=020022c4 value=00000000
READ width=4 address=020022ec value=00000000
READ width=4 address=020022f0 value=00000000
READ width=4 address=02002290 value=00000000
READ width=4 address=020022d4 value=0000181b
READ width=4 address=020022e0 value=0000000a
READ width=4 address=020022e4 value=00000011
 
194 0 WATCH frame=62 address=020022f0 value=00000001 screenshot=work/dialogue-slateport-20260910/seafloor-194-script-000062-00000001.png
WATCH frame=72 address=020022f0 value=00000000 screenshot=work/dialogue-slateport-20260910/seafloor-194-script-000072-00000000.png
WATCH frame=400 address=020022f0 value=00000001 screenshot=work/dialogue-slateport-20260910/seafloor-194-script-000400-00000001.png
WATCH frame=407 address=020022f0 value=00000000 screenshot=work/dialogue-slateport-20260910/seafloor-194-script-000407-00000000.png
WATCH frame=850 address=020022f0 value=00000001 screenshot=work/dialogue-slateport-20260910/seafloor-194-script-000850-00000001.png
WATCH frame=1203 address=020022f0 value=00000000 screenshot=work/dialogue-slateport-20260910/seafloor-194-script-001203-00000000.png
WATCH frame=1351 address=020022f0 value=00000001 screenshot=work/dialogue-slateport-20260910/seafloor-194-script-001351-00000001.png
WATCH frame=1389 address=020022f0 value=00000000 screenshot=work/dialogue-slateport-20260910/seafloor-194-script-001389-00000000.png
RESULT frames=15000 stop_matched=0 pc=000001f8 rtc=946684800 width=240 height=160 video_hash=bd1b92ed6c915756 nonzero_pixels=38236 save_bytes=0
READ width=4 address=020022c4 value=00000000
READ width=4 address=020022ec value=00000000
READ width=4 address=020022f0 value=00000000
READ width=4 address=02002290 value=00000000
READ width=4 address=020022d4 value=0000181b
READ width=4 address=020022e0 value=0000000a
READ width=4 address=020022e4 value=00000011
 
196 0 WATCH frame=62 address=020022f0 value=00000001 screenshot=work/dialogue-slateport-20260910/seafloor-196-script-000062-00000001.png
WATCH frame=72 address=020022f0 value=00000000 screenshot=work/dialogue-slateport-20260910/seafloor-196-script-000072-00000000.png
WATCH frame=346 address=020022f0 value=00000001 screenshot=work/dialogue-slateport-20260910/seafloor-196-script-000346-00000001.png
WATCH frame=357 address=020022f0 value=00000000 screenshot=work/dialogue-slateport-20260910/seafloor-196-script-000357-00000000.png
WATCH frame=1100 address=020022f0 value=00000001 screenshot=work/dialogue-slateport-20260910/seafloor-196-script-001100-00000001.png
WATCH frame=1107 address=020022f0 value=00000000 screenshot=work/dialogue-slateport-20260910/seafloor-196-script-001107-00000000.png
WATCH frame=1550 address=020022f0 value=00000001 screenshot=work/dialogue-slateport-20260910/seafloor-196-script-001550-00000001.png
WATCH frame=1903 address=020022f0 value=00000000 screenshot=work/dialogue-slateport-20260910/seafloor-196-script-001903-00000000.png
WATCH frame=2051 address=020022f0 value=00000001 screenshot=work/dialogue-slateport-20260910/seafloor-196-script-002051-00000001.png
WATCH frame=2061 address=020022f0 value=00000000 screenshot=work/dialogue-slateport-20260910/seafloor-196-script-002061-00000000.png
RESULT frames=15000 stop_matched=0 pc=000001f8 rtc=946684800 width=240 height=160 video_hash=d264e49b687befeb nonzero_pixels=38228 save_bytes=0
READ width=4 address=020022c4 value=00000000
READ width=4 address=020022ec value=00000000
READ width=4 address=020022f0 value=00000000
READ width=4 address=02002290 value=00000000
READ width=4 address=020022d4 value=00000007
READ width=4 address=020022e0 value=0000001d
READ width=4 address=020022e4 value=00000035
 
195 0 WATCH frame=62 address=020022f0 value=00000001 screenshot=work/dialogue-slateport-20260910/seafloor-195-script-000062-00000001.png
WATCH frame=72 address=020022f0 value=00000000 screenshot=work/dialogue-slateport-20260910/seafloor-195-script-000072-00000000.png
WATCH frame=400 address=020022f0 value=00000001 screenshot=work/dialogue-slateport-20260910/seafloor-195-script-000400-00000001.png
WATCH frame=407 address=020022f0 value=00000000 screenshot=work/dialogue-slateport-20260910/seafloor-195-script-000407-00000000.png
WATCH frame=850 address=020022f0 value=00000001 screenshot=work/dialogue-slateport-20260910/seafloor-195-script-000850-00000001.png
WATCH frame=1203 address=020022f0 value=00000000 screenshot=work/dialogue-slateport-20260910/seafloor-195-script-001203-00000000.png
WATCH frame=1351 address=020022f0 value=00000001 screenshot=work/dialogue-slateport-20260910/seafloor-195-script-001351-00000001.png
WATCH frame=1361 address=020022f0 value=00000000 screenshot=work/dialogue-slateport-20260910/seafloor-195-script-001361-00000000.png
WATCH frame=3000 address=020022f0 value=00000001 screenshot=work/dialogue-slateport-20260910/seafloor-195-script-003000-00000001.png
WATCH frame=3007 address=020022f0 value=00000000 screenshot=work/dialogue-slateport-20260910/seafloor-195-script-003007-00000000.png
WATCH frame=3220 address=020022f0 value=00000001 screenshot=work/dialogue-slateport-20260910/seafloor-195-script-003220-00000001.png
WATCH frame=3221 address=020022f0 value=00000000 screenshot=work/dialogue-slateport-20260910/seafloor-195-script-003221-00000000.png
WATCH frame=3440 address=020022f0 value=00000001 screenshot=work/dialogue-slateport-20260910/seafloor-195-script-003440-00000001.png
WATCH frame=3447 address=020022f0 value=00000000 screenshot=work/dialogue-slateport-20260910/seafloor-195-script-003447-00000000.png
WATCH frame=3660 address=020022f0 value=00000001 screenshot=work/dialogue-slateport-20260910/seafloor-195-script-003660-00000001.png
WATCH frame=3661 address=020022f0 value=00000000 screenshot=work/dialogue-slateport-20260910/seafloor-195-script-003661-00000000.png
WATCH frame=3880 address=020022f0 value=00000001 screenshot=work/dialogue-slateport-20260910/seafloor-195-script-003880-00000001.png
WATCH frame=3887 address=020022f0 value=00000000 screenshot=work/dialogue-slateport-20260910/seafloor-195-script-003887-00000000.png
WATCH frame=4100 address=020022f0 value=00000001 screenshot=work/dialogue-slateport-20260910/seafloor-195-script-004100-00000001.png
WATCH frame=4101 address=020022f0 value=00000000 screenshot=work/dialogue-slateport-20260910/seafloor-195-script-004101-00000000.png
WATCH frame=4320 address=020022f0 value=00000001 screenshot=work/dialogue-slateport-20260910/seafloor-195-script-004320-00000001.png
WATCH frame=4327 address=020022f0 value=00000000 screenshot=work/dialogue-slateport-20260910/seafloor-195-script-004327-00000000.png
WATCH frame=4540 address=020022f0 value=00000001 screenshot=work/dialogue-slateport-20260910/seafloor-195-script-004540-00000001.png
WATCH frame=4541 address=020022f0 value=00000000 screenshot=work/dialogue-slateport-20260910/seafloor-195-script-004541-00000000.png
WATCH frame=4760 address=020022f0 value=00000001 screenshot=work/dialogue-slateport-20260910/seafloor-195-script-004760-00000001.png
WATCH frame=4767 address=020022f0 value=00000000 screenshot=work/dialogue-slateport-20260910/seafloor-195-script-004767-00000000.png
WATCH frame=4980 address=020022f0 value=00000001 screenshot=work/dialogue-slateport-20260910/seafloor-195-script-004980-00000001.png
WATCH frame=4981 address=020022f0 value=00000000 screenshot=work/dialogue-slateport-20260910/seafloor-195-script-004981-00000000.png
WATCH frame=5200 address=020022f0 value=00000001 screenshot=work/dialogue-slateport-20260910/seafloor-195-script-005200-00000001.png
WATCH frame=5207 address=020022f0 value=00000000 screenshot=work/dialogue-slateport-20260910/seafloor-195-script-005207-00000000.png
WATCH frame=5420 address=020022f0 value=00000001 screenshot=work/dialogue-slateport-20260910/seafloor-195-script-005420-00000001.png
WATCH frame=5421 address=020022f0 value=00000000 screenshot=work/dialogue-slateport-20260910/seafloor-195-script-005421-00000000.png
WATCH frame=5640 address=020022f0 value=00000001 screenshot=work/dialogue-slateport-20260910/seafloor-195-script-005640-00000001.png
WATCH frame=5647 address=020022f0 value=00000000 screenshot=work/dialogue-slateport-20260910/seafloor-195-script-005647-00000000.png
WATCH frame=5860 address=020022f0 value=00000001 screenshot=work/dialogue-slateport-20260910/seafloor-195-script-005860-00000001.png
WATCH frame=5861 address=020022f0 value=00000000 screenshot=work/dialogue-slateport-20260910/seafloor-195-script-005861-00000000.png
WATCH frame=6080 address=020022f0 value=00000001 screenshot=work/dialogue-slateport-20260910/seafloor-195-script-006080-00000001.png
WATCH frame=6087 address=020022f0 value=00000000 screenshot=work/dialogue-slateport-20260910/seafloor-195-script-006087-00000000.png
WATCH frame=6300 address=020022f0 value=00000001 screenshot=work/dialogue-slateport-20260910/seafloor-195-script-006300-00000001.png
WATCH frame=6301 address=020022f0 value=00000000 screenshot=work/dialogue-slateport-20260910/seafloor-195-script-006301-00000000.png
WATCH frame=6520 address=020022f0 value=00000001 screenshot=work/dialogue-slateport-20260910/seafloor-195-script-006520-00000001.png
WATCH frame=6527 address=020022f0 value=00000000 screenshot=work/dialogue-slateport-20260910/seafloor-195-script-006527-00000000.png
WATCH frame=6740 address=020022f0 value=00000001 screenshot=work/dialogue-slateport-20260910/seafloor-195-script-006740-00000001.png
WATCH frame=6741 address=020022f0 value=00000000 screenshot=work/dialogue-slateport-20260910/seafloor-195-script-006741-00000000.png
WATCH frame=6960 address=020022f0 value=00000001 screenshot=work/dialogue-slateport-20260910/seafloor-195-script-006960-00000001.png
WATCH frame=6967 address=020022f0 value=00000000 screenshot=work/dialogue-slateport-20260910/seafloor-195-script-006967-00000000.png
WATCH frame=7180 address=020022f0 value=00000001 screenshot=work/dialogue-slateport-20260910/seafloor-195-script-007180-00000001.png
WATCH frame=7181 address=020022f0 value=00000000 screenshot=work/dialogue-slateport-20260910/seafloor-195-script-007181-00000000.png
WATCH frame=7400 address=020022f0 value=00000001 screenshot=work/dialogue-slateport-20260910/seafloor-195-script-007400-00000001.png
WATCH frame=7407 address=020022f0 value=00000000 screenshot=work/dialogue-slateport-20260910/seafloor-195-script-007407-00000000.png
WATCH frame=7620 address=020022f0 value=00000001 screenshot=work/dialogue-slateport-20260910/seafloor-195-script-007620-00000001.png
WATCH frame=7621 address=020022f0 value=00000000 screenshot=work/dialogue-slateport-20260910/seafloor-195-script-007621-00000000.png
WATCH frame=7840 address=020022f0 value=00000001 screenshot=work/dialogue-slateport-20260910/seafloor-195-script-007840-00000001.png
WATCH frame=7847 address=020022f0 value=00000000 screenshot=work/dialogue-slateport-20260910/seafloor-195-script-007847-00000000.png
WATCH frame=8060 address=020022f0 value=00000001 screenshot=work/dialogue-slateport-20260910/seafloor-195-script-008060-00000001.png
WATCH frame=8061 address=020022f0 value=00000000 screenshot=work/dialogue-slateport-20260910/seafloor-195-script-008061-00000000.png
WATCH frame=8280 address=020022f0 value=00000001 screenshot=work/dialogue-slateport-20260910/seafloor-195-script-008280-00000001.png
WATCH frame=8287 address=020022f0 value=00000000 screenshot=work/dialogue-slateport-20260910/seafloor-195-script-008287-00000000.png
WATCH frame=8500 address=020022f0 value=00000001 screenshot=work/dialogue-slateport-20260910/seafloor-195-script-008500-00000001.png
WATCH frame=8501 address=020022f0 value=00000000 screenshot=work/dialogue-slateport-20260910/seafloor-195-script-008501-00000000.png
WATCH frame=8720 address=020022f0 value=00000001 screenshot=work/dialogue-slateport-20260910/seafloor-195-script-008720-00000001.png
WATCH frame=8727 address=020022f0 value=00000000 screenshot=work/dialogue-slateport-20260910/seafloor-195-script-008727-00000000.png
WATCH frame=8940 address=020022f0 value=00000001 screenshot=work/dialogue-slateport-20260910/seafloor-195-script-008940-00000001.png
WATCH frame=8941 address=020022f0 value=00000000 screenshot=work/dialogue-slateport-20260910/seafloor-195-script-008941-00000000.png
WATCH frame=9160 address=020022f0 value=00000001 screenshot=work/dialogue-slateport-20260910/seafloor-195-script-009160-00000001.png
WATCH frame=9167 address=020022f0 value=00000000 screenshot=work/dialogue-slateport-20260910/seafloor-195-script-009167-00000000.png
WATCH frame=9380 address=020022f0 value=00000001 screenshot=work/dialogue-slateport-20260910/seafloor-195-script-009380-00000001.png
WATCH frame=9381 address=020022f0 value=00000000 screenshot=work/dialogue-slateport-20260910/seafloor-195-script-009381-00000000.png
WATCH frame=9600 address=020022f0 value=00000001 screenshot=work/dialogue-slateport-20260910/seafloor-195-script-009600-00000001.png
WATCH frame=9607 address=020022f0 value=00000000 screenshot=work/dialogue-slateport-20260910/seafloor-195-script-009607-00000000.png
WATCH frame=9820 address=020022f0 value=00000001 screenshot=work/dialogue-slateport-20260910/seafloor-195-script-009820-00000001.png
WATCH frame=9821 address=020022f0 value=00000000 screenshot=work/dialogue-slateport-20260910/seafloor-195-script-009821-00000000.png
WATCH frame=10040 address=020022f0 value=00000001 screenshot=work/dialogue-slateport-20260910/seafloor-195-script-010040-00000001.png
WATCH frame=10047 address=020022f0 value=00000000 screenshot=work/dialogue-slateport-20260910/seafloor-195-script-010047-00000000.png
WATCH frame=10260 address=020022f0 value=00000001 screenshot=work/dialogue-slateport-20260910/seafloor-195-script-010260-00000001.png
WATCH frame=10261 address=020022f0 value=00000000 screenshot=work/dialogue-slateport-20260910/seafloor-195-script-010261-00000000.png
WATCH frame=10480 address=020022f0 value=00000001 screenshot=work/dialogue-slateport-20260910/seafloor-195-script-010480-00000001.png
WATCH frame=10487 address=020022f0 value=00000000 screenshot=work/dialogue-slateport-20260910/seafloor-195-script-010487-00000000.png
WATCH frame=10700 address=020022f0 value=00000001 screenshot=work/dialogue-slateport-20260910/seafloor-195-script-010700-00000001.png
WATCH frame=10701 address=020022f0 value=00000000 screenshot=work/dialogue-slateport-20260910/seafloor-195-script-010701-00000000.png
WATCH frame=10920 address=020022f0 value=00000001 screenshot=work/dialogue-slateport-20260910/seafloor-195-script-010920-00000001.png
WATCH frame=10927 address=020022f0 value=00000000 screenshot=work/dialogue-slateport-20260910/seafloor-195-script-010927-00000000.png
WATCH frame=11140 address=020022f0 value=00000001 screenshot=work/dialogue-slateport-20260910/seafloor-195-script-011140-00000001.png
WATCH frame=11141 address=020022f0 value=00000000 screenshot=work/dialogue-slateport-20260910/seafloor-195-script-011141-00000000.png
WATCH frame=11360 address=020022f0 value=00000001 screenshot=work/dialogue-slateport-20260910/seafloor-195-script-011360-00000001.png
WATCH frame=11367 address=020022f0 value=00000000 screenshot=work/dialogue-slateport-20260910/seafloor-195-script-011367-00000000.png
WATCH frame=11580 address=020022f0 value=00000001 screenshot=work/dialogue-slateport-20260910/seafloor-195-script-011580-00000001.png
WATCH frame=11581 address=020022f0 value=00000000 screenshot=work/dialogue-slateport-20260910/seafloor-195-script-011581-00000000.png
WATCH frame=11800 address=020022f0 value=00000001 screenshot=work/dialogue-slateport-20260910/seafloor-195-script-011800-00000001.png
WATCH frame=11807 address=020022f0 value=00000000 screenshot=work/dialogue-slateport-20260910/seafloor-195-script-011807-00000000.png
WATCH frame=12020 address=020022f0 value=00000001 screenshot=work/dialogue-slateport-20260910/seafloor-195-script-012020-00000001.png
WATCH frame=12021 address=020022f0 value=00000000 screenshot=work/dialogue-slateport-20260910/seafloor-195-script-012021-00000000.png
WATCH frame=12240 address=020022f0 value=00000001 screenshot=work/dialogue-slateport-20260910/seafloor-195-script-012240-00000001.png
WATCH frame=12247 address=020022f0 value=00000000 screenshot=work/dialogue-slateport-20260910/seafloor-195-script-012247-00000000.png
WATCH frame=12460 address=020022f0 value=00000001 screenshot=work/dialogue-slateport-20260910/seafloor-195-script-012460-00000001.png
WATCH frame=12461 address=020022f0 value=00000000 screenshot=work/dialogue-slateport-20260910/seafloor-195-script-012461-00000000.png
WATCH frame=12680 address=020022f0 value=00000001 screenshot=work/dialogue-slateport-20260910/seafloor-195-script-012680-00000001.png
WATCH frame=12687 address=020022f0 value=00000000 screenshot=work/dialogue-slateport-20260910/seafloor-195-script-012687-00000000.png
WATCH frame=12900 address=020022f0 value=00000001 screenshot=work/dialogue-slateport-20260910/seafloor-195-script-012900-00000001.png
WATCH frame=12901 address=020022f0 value=00000000 screenshot=work/dialogue-slateport-20260910/seafloor-195-script-012901-00000000.png
WATCH frame=13120 address=020022f0 value=00000001 screenshot=work/dialogue-slateport-20260910/seafloor-195-script-013120-00000001.png
WATCH frame=13127 address=020022f0 value=00000000 screenshot=work/dialogue-slateport-20260910/seafloor-195-script-013127-00000000.png
WATCH frame=13340 address=020022f0 value=00000001 screenshot=work/dialogue-slateport-20260910/seafloor-195-script-013340-00000001.png
WATCH frame=13341 address=020022f0 value=00000000 screenshot=work/dialogue-slateport-20260910/seafloor-195-script-013341-00000000.png
WATCH frame=13560 address=020022f0 value=00000001 screenshot=work/dialogue-slateport-20260910/seafloor-195-script-013560-00000001.png
WATCH frame=13567 address=020022f0 value=00000000 screenshot=work/dialogue-slateport-20260910/seafloor-195-script-013567-00000000.png
WATCH frame=13780 address=020022f0 value=00000001 screenshot=work/dialogue-slateport-20260910/seafloor-195-script-013780-00000001.png
WATCH frame=13781 address=020022f0 value=00000000 screenshot=work/dialogue-slateport-20260910/seafloor-195-script-013781-00000000.png
WATCH frame=14000 address=020022f0 value=00000001 screenshot=work/dialogue-slateport-20260910/seafloor-195-script-014000-00000001.png
WATCH frame=14007 address=020022f0 value=00000000 screenshot=work/dialogue-slateport-20260910/seafloor-195-script-014007-00000000.png
WATCH frame=14220 address=020022f0 value=00000001 screenshot=work/dialogue-slateport-20260910/seafloor-195-script-014220-00000001.png
WATCH frame=14221 address=020022f0 value=00000000 screenshot=work/dialogue-slateport-20260910/seafloor-195-script-014221-00000000.png
WATCH frame=14440 address=020022f0 value=00000001 screenshot=work/dialogue-slateport-20260910/seafloor-195-script-014440-00000001.png
WATCH frame=14447 address=020022f0 value=00000000 screenshot=work/dialogue-slateport-20260910/seafloor-195-script-014447-00000000.png
WATCH frame=14660 address=020022f0 value=00000001 screenshot=work/dialogue-slateport-20260910/seafloor-195-script-014660-00000001.png
WATCH frame=14661 address=020022f0 value=00000000 screenshot=work/dialogue-slateport-20260910/seafloor-195-script-014661-00000000.png
RESULT frames=15000 stop_matched=0 pc=000001f8 rtc=946684800 width=240 height=160 video_hash=061b49e9df5d0e75 nonzero_pixels=38243 save_bytes=0
READ width=4 address=020022c4 value=00000000
READ width=4 address=020022ec value=00000000
READ width=4 address=020022f0 value=00000000
READ width=4 address=02002290 value=00000000
READ width=4 address=020022d4 value=00000035
READ width=4 address=020022e0 value=00000026
READ width=4 address=020022e4 value=0000001b
 
197 0 RESULT frames=15000 stop_matched=0 pc=000001f8 rtc=946684800 width=240 height=160 video_hash=c65155c97d094017 nonzero_pixels=38029 save_bytes=0
READ width=4 address=020022c4 value=00000001
READ width=4 address=020022ec value=00000000
READ width=4 address=020022f0 value=00000000
READ width=4 address=02002290 value=00000000
READ width=4 address=020022d4 value=0000181b
READ width=4 address=020022e0 value=0000000a
READ width=4 address=020022e4 value=00000003
 
200 0 RESULT frames=15000 stop_matched=0 pc=000001f8 rtc=946684800 width=240 height=160 video_hash=815352965027db0e nonzero_pixels=38031 save_bytes=0
READ width=4 address=020022c4 value=00000001
READ width=4 address=020022ec value=00000000
READ width=4 address=020022f0 value=00000000
READ width=4 address=02002290 value=00000000
READ width=4 address=020022d4 value=0000181b
READ width=4 address=020022e0 value=0000000b
READ width=4 address=020022e4 value=00000004
 
201 0 RESULT frames=15000 stop_matched=0 pc=000001f8 rtc=946684800 width=240 height=160 video_hash=2250fe1a5259c239 nonzero_pixels=38333 save_bytes=0
READ width=4 address=020022c4 value=00000001
READ width=4 address=020022ec value=00000000
READ width=4 address=020022f0 value=00000000
READ width=4 address=02002290 value=00000000
READ width=4 address=020022d4 value=0000181c
READ width=4 address=020022e0 value=00000006
READ width=4 address=020022e4 value=00000012
 
202 0 RESULT frames=15000 stop_matched=0 pc=000001f8 rtc=946684800 width=240 height=160 video_hash=cec3eecf087a8cd6 nonzero_pixels=38019 save_bytes=0
READ width=4 address=020022c4 value=00000001
READ width=4 address=020022ec value=00000000
READ width=4 address=020022f0 value=00000000
READ width=4 address=02002290 value=00000000
READ width=4 address=020022d4 value=0000181d
READ width=4 address=020022e0 value=0000000b
READ width=4 address=020022e4 value=00000006
 
203 0 RESULT frames=15000 stop_matched=0 pc=000001f8 rtc=946684800 width=240 height=160 video_hash=46502e01f1994379 nonzero_pixels=38040 save_bytes=0
READ width=4 address=020022c4 value=00000001
READ width=4 address=020022ec value=00000000
READ width=4 address=020022f0 value=00000000
READ width=4 address=02002290 value=00000000
READ width=4 address=020022d4 value=0000181e
READ width=4 address=020022e0 value=0000000a
READ width=4 address=020022e4 value=0000000c
 
204 0 RESULT frames=15000 stop_matched=0 pc=000001f8 rtc=946684800 width=240 height=160 video_hash=b67c29b72b2ae6ee nonzero_pixels=38062 save_bytes=0
READ width=4 address=020022c4 value=00000001
READ width=4 address=020022ec value=00000000
READ width=4 address=020022f0 value=00000000
READ width=4 address=02002290 value=00000000
READ width=4 address=020022d4 value=0000181f
READ width=4 address=020022e0 value=0000000c
READ width=4 address=020022e4 value=00000003
 
205 0 RESULT frames=15000 stop_matched=0 pc=000001f8 rtc=946684800 width=240 height=160 video_hash=4869aff895df3234 nonzero_pixels=38042 save_bytes=0
READ width=4 address=020022c4 value=00000001
READ width=4 address=020022ec value=00000000
READ width=4 address=020022f0 value=00000000
READ width=4 address=02002290 value=00000000
READ width=4 address=020022d4 value=00001820
READ width=4 address=020022e0 value=00000005
READ width=4 address=020022e4 value=00000003
 
206 0 RESULT frames=15000 stop_matched=0 pc=000001f8 rtc=946684800 width=240 height=160 video_hash=60c7f340aebbedf6 nonzero_pixels=38333 save_bytes=0
READ width=4 address=020022c4 value=00000001
READ width=4 address=020022ec value=00000000
READ width=4 address=020022f0 value=00000000
READ width=4 address=02002290 value=00000000
READ width=4 address=020022d4 value=00001821
READ width=4 address=020022e0 value=0000000a
READ width=4 address=020022e4 value=00000015
 
207 0 RESULT frames=15000 stop_matched=0 pc=000001f8 rtc=946684800 width=240 height=160 video_hash=cc4776d0224b026d nonzero_pixels=38333 save_bytes=0
READ width=4 address=020022c4 value=00000001
READ width=4 address=020022ec value=00000000
READ width=4 address=020022f0 value=00000000
READ width=4 address=02002290 value=00000000
READ width=4 address=020022d4 value=00001822
READ width=4 address=020022e0 value=00000004
READ width=4 address=020022e4 value=00000017
 
208 0 RESULT frames=15000 stop_matched=0 pc=000001f8 rtc=946684800 width=240 height=160 video_hash=7d8af5cbdbf073ad nonzero_pixels=38231 save_bytes=0
READ width=4 address=020022c4 value=00000001
READ width=4 address=020022ec value=00000000
READ width=4 address=020022f0 value=00000000
READ width=4 address=02002290 value=00000000
READ width=4 address=020022d4 value=00001823
READ width=4 address=020022e0 value=00000003
READ width=4 address=020022e4 value=0000000c
 
209 0 RESULT frames=15000 stop_matched=0 pc=000001f8 rtc=946684800 width=240 height=160 video_hash=df2c3fc8747002d7 nonzero_pixels=38326 save_bytes=0
READ width=4 address=020022c4 value=00000001
READ width=4 address=020022ec value=00000000
READ width=4 address=020022f0 value=00000000
READ width=4 address=02002290 value=00000000
READ width=4 address=020022d4 value=00000029
READ width=4 address=020022e0 value=0000000d
READ width=4 address=020022e4 value=00000001
 
210 0 RESULT frames=15000 stop_matched=0 pc=000001f8 rtc=946684800 width=240 height=160 video_hash=eb3fe906d1fff921 nonzero_pixels=38332 save_bytes=0
READ width=4 address=020022c4 value=00000001
READ width=4 address=020022ec value=00000000
READ width=4 address=020022f0 value=00000000
READ width=4 address=02002290 value=00000001
READ width=4 address=020022d4 value=0000002a
READ width=4 address=020022e0 value=0000000d
READ width=4 address=020022e4 value=00000017
 
211 0 RESULT frames=15000 stop_matched=0 pc=000001f8 rtc=946684800 width=240 height=160 video_hash=5cf9afac97630fd3 nonzero_pixels=38305 save_bytes=0
READ width=4 address=020022c4 value=00000001
READ width=4 address=020022ec value=00000000
READ width=4 address=020022f0 value=00000000
READ width=4 address=02002290 value=00000000
READ width=4 address=020022d4 value=0000002b
READ width=4 address=020022e0 value=00000040
READ width=4 address=020022e4 value=0000001e
 
212 0 WATCH frame=62 address=020022f0 value=00000001 screenshot=work/dialogue-slateport-20260910/seafloor-212-script-000062-00000001.png
WATCH frame=72 address=020022f0 value=00000000 screenshot=work/dialogue-slateport-20260910/seafloor-212-script-000072-00000000.png
WATCH frame=500 address=020022f0 value=00000001 screenshot=work/dialogue-slateport-20260910/seafloor-212-script-000500-00000001.png
WATCH frame=1951 address=020022f0 value=00000000 screenshot=work/dialogue-slateport-20260910/seafloor-212-script-001951-00000000.png
WATCH frame=2170 address=020022f0 value=00000001 screenshot=work/dialogue-slateport-20260910/seafloor-212-script-002170-00000001.png
WATCH frame=2177 address=020022f0 value=00000000 screenshot=work/dialogue-slateport-20260910/seafloor-212-script-002177-00000000.png
WATCH frame=2390 address=020022f0 value=00000001 screenshot=work/dialogue-slateport-20260910/seafloor-212-script-002390-00000001.png
WATCH frame=2391 address=020022f0 value=00000000 screenshot=work/dialogue-slateport-20260910/seafloor-212-script-002391-00000000.png
WATCH frame=2610 address=020022f0 value=00000001 screenshot=work/dialogue-slateport-20260910/seafloor-212-script-002610-00000001.png
WATCH frame=2617 address=020022f0 value=00000000 screenshot=work/dialogue-slateport-20260910/seafloor-212-script-002617-00000000.png
WATCH frame=2830 address=020022f0 value=00000001 screenshot=work/dialogue-slateport-20260910/seafloor-212-script-002830-00000001.png
WATCH frame=2831 address=020022f0 value=00000000 screenshot=work/dialogue-slateport-20260910/seafloor-212-script-002831-00000000.png
WATCH frame=3050 address=020022f0 value=00000001 screenshot=work/dialogue-slateport-20260910/seafloor-212-script-003050-00000001.png
WATCH frame=3057 address=020022f0 value=00000000 screenshot=work/dialogue-slateport-20260910/seafloor-212-script-003057-00000000.png
WATCH frame=3270 address=020022f0 value=00000001 screenshot=work/dialogue-slateport-20260910/seafloor-212-script-003270-00000001.png
WATCH frame=3271 address=020022f0 value=00000000 screenshot=work/dialogue-slateport-20260910/seafloor-212-script-003271-00000000.png
WATCH frame=3490 address=020022f0 value=00000001 screenshot=work/dialogue-slateport-20260910/seafloor-212-script-003490-00000001.png
WATCH frame=3497 address=020022f0 value=00000000 screenshot=work/dialogue-slateport-20260910/seafloor-212-script-003497-00000000.png
WATCH frame=3710 address=020022f0 value=00000001 screenshot=work/dialogue-slateport-20260910/seafloor-212-script-003710-00000001.png
WATCH frame=3711 address=020022f0 value=00000000 screenshot=work/dialogue-slateport-20260910/seafloor-212-script-003711-00000000.png
WATCH frame=3930 address=020022f0 value=00000001 screenshot=work/dialogue-slateport-20260910/seafloor-212-script-003930-00000001.png
WATCH frame=3937 address=020022f0 value=00000000 screenshot=work/dialogue-slateport-20260910/seafloor-212-script-003937-00000000.png
WATCH frame=4150 address=020022f0 value=00000001 screenshot=work/dialogue-slateport-20260910/seafloor-212-script-004150-00000001.png
WATCH frame=4151 address=020022f0 value=00000000 screenshot=work/dialogue-slateport-20260910/seafloor-212-script-004151-00000000.png
WATCH frame=4370 address=020022f0 value=00000001 screenshot=work/dialogue-slateport-20260910/seafloor-212-script-004370-00000001.png
WATCH frame=4377 address=020022f0 value=00000000 screenshot=work/dialogue-slateport-20260910/seafloor-212-script-004377-00000000.png
WATCH frame=4590 address=020022f0 value=00000001 screenshot=work/dialogue-slateport-20260910/seafloor-212-script-004590-00000001.png
WATCH frame=4591 address=020022f0 value=00000000 screenshot=work/dialogue-slateport-20260910/seafloor-212-script-004591-00000000.png
WATCH frame=4810 address=020022f0 value=00000001 screenshot=work/dialogue-slateport-20260910/seafloor-212-script-004810-00000001.png
WATCH frame=4817 address=020022f0 value=00000000 screenshot=work/dialogue-slateport-20260910/seafloor-212-script-004817-00000000.png
WATCH frame=5030 address=020022f0 value=00000001 screenshot=work/dialogue-slateport-20260910/seafloor-212-script-005030-00000001.png
WATCH frame=5031 address=020022f0 value=00000000 screenshot=work/dialogue-slateport-20260910/seafloor-212-script-005031-00000000.png
WATCH frame=5250 address=020022f0 value=00000001 screenshot=work/dialogue-slateport-20260910/seafloor-212-script-005250-00000001.png
WATCH frame=5257 address=020022f0 value=00000000 screenshot=work/dialogue-slateport-20260910/seafloor-212-script-005257-00000000.png
WATCH frame=5470 address=020022f0 value=00000001 screenshot=work/dialogue-slateport-20260910/seafloor-212-script-005470-00000001.png
WATCH frame=5471 address=020022f0 value=00000000 screenshot=work/dialogue-slateport-20260910/seafloor-212-script-005471-00000000.png
WATCH frame=5690 address=020022f0 value=00000001 screenshot=work/dialogue-slateport-20260910/seafloor-212-script-005690-00000001.png
WATCH frame=5697 address=020022f0 value=00000000 screenshot=work/dialogue-slateport-20260910/seafloor-212-script-005697-00000000.png
WATCH frame=5910 address=020022f0 value=00000001 screenshot=work/dialogue-slateport-20260910/seafloor-212-script-005910-00000001.png
WATCH frame=5911 address=020022f0 value=00000000 screenshot=work/dialogue-slateport-20260910/seafloor-212-script-005911-00000000.png
WATCH frame=6130 address=020022f0 value=00000001 screenshot=work/dialogue-slateport-20260910/seafloor-212-script-006130-00000001.png
WATCH frame=6137 address=020022f0 value=00000000 screenshot=work/dialogue-slateport-20260910/seafloor-212-script-006137-00000000.png
WATCH frame=6350 address=020022f0 value=00000001 screenshot=work/dialogue-slateport-20260910/seafloor-212-script-006350-00000001.png
WATCH frame=6351 address=020022f0 value=00000000 screenshot=work/dialogue-slateport-20260910/seafloor-212-script-006351-00000000.png
WATCH frame=6570 address=020022f0 value=00000001 screenshot=work/dialogue-slateport-20260910/seafloor-212-script-006570-00000001.png
WATCH frame=6577 address=020022f0 value=00000000 screenshot=work/dialogue-slateport-20260910/seafloor-212-script-006577-00000000.png
WATCH frame=6790 address=020022f0 value=00000001 screenshot=work/dialogue-slateport-20260910/seafloor-212-script-006790-00000001.png
WATCH frame=6791 address=020022f0 value=00000000 screenshot=work/dialogue-slateport-20260910/seafloor-212-script-006791-00000000.png
WATCH frame=7010 address=020022f0 value=00000001 screenshot=work/dialogue-slateport-20260910/seafloor-212-script-007010-00000001.png
WATCH frame=7017 address=020022f0 value=00000000 screenshot=work/dialogue-slateport-20260910/seafloor-212-script-007017-00000000.png
WATCH frame=7230 address=020022f0 value=00000001 screenshot=work/dialogue-slateport-20260910/seafloor-212-script-007230-00000001.png
WATCH frame=7231 address=020022f0 value=00000000 screenshot=work/dialogue-slateport-20260910/seafloor-212-script-007231-00000000.png
WATCH frame=7450 address=020022f0 value=00000001 screenshot=work/dialogue-slateport-20260910/seafloor-212-script-007450-00000001.png
WATCH frame=7457 address=020022f0 value=00000000 screenshot=work/dialogue-slateport-20260910/seafloor-212-script-007457-00000000.png
WATCH frame=7670 address=020022f0 value=00000001 screenshot=work/dialogue-slateport-20260910/seafloor-212-script-007670-00000001.png
WATCH frame=7671 address=020022f0 value=00000000 screenshot=work/dialogue-slateport-20260910/seafloor-212-script-007671-00000000.png
WATCH frame=7890 address=020022f0 value=00000001 screenshot=work/dialogue-slateport-20260910/seafloor-212-script-007890-00000001.png
WATCH frame=7897 address=020022f0 value=00000000 screenshot=work/dialogue-slateport-20260910/seafloor-212-script-007897-00000000.png
WATCH frame=8110 address=020022f0 value=00000001 screenshot=work/dialogue-slateport-20260910/seafloor-212-script-008110-00000001.png
WATCH frame=8111 address=020022f0 value=00000000 screenshot=work/dialogue-slateport-20260910/seafloor-212-script-008111-00000000.png
WATCH frame=8330 address=020022f0 value=00000001 screenshot=work/dialogue-slateport-20260910/seafloor-212-script-008330-00000001.png
WATCH frame=8337 address=020022f0 value=00000000 screenshot=work/dialogue-slateport-20260910/seafloor-212-script-008337-00000000.png
WATCH frame=8550 address=020022f0 value=00000001 screenshot=work/dialogue-slateport-20260910/seafloor-212-script-008550-00000001.png
WATCH frame=8551 address=020022f0 value=00000000 screenshot=work/dialogue-slateport-20260910/seafloor-212-script-008551-00000000.png
WATCH frame=8770 address=020022f0 value=00000001 screenshot=work/dialogue-slateport-20260910/seafloor-212-script-008770-00000001.png
WATCH frame=8777 address=020022f0 value=00000000 screenshot=work/dialogue-slateport-20260910/seafloor-212-script-008777-00000000.png
WATCH frame=8990 address=020022f0 value=00000001 screenshot=work/dialogue-slateport-20260910/seafloor-212-script-008990-00000001.png
WATCH frame=8991 address=020022f0 value=00000000 screenshot=work/dialogue-slateport-20260910/seafloor-212-script-008991-00000000.png
WATCH frame=9210 address=020022f0 value=00000001 screenshot=work/dialogue-slateport-20260910/seafloor-212-script-009210-00000001.png
WATCH frame=9217 address=020022f0 value=00000000 screenshot=work/dialogue-slateport-20260910/seafloor-212-script-009217-00000000.png
WATCH frame=9430 address=020022f0 value=00000001 screenshot=work/dialogue-slateport-20260910/seafloor-212-script-009430-00000001.png
WATCH frame=9431 address=020022f0 value=00000000 screenshot=work/dialogue-slateport-20260910/seafloor-212-script-009431-00000000.png
WATCH frame=9650 address=020022f0 value=00000001 screenshot=work/dialogue-slateport-20260910/seafloor-212-script-009650-00000001.png
WATCH frame=9657 address=020022f0 value=00000000 screenshot=work/dialogue-slateport-20260910/seafloor-212-script-009657-00000000.png
WATCH frame=9870 address=020022f0 value=00000001 screenshot=work/dialogue-slateport-20260910/seafloor-212-script-009870-00000001.png
WATCH frame=9871 address=020022f0 value=00000000 screenshot=work/dialogue-slateport-20260910/seafloor-212-script-009871-00000000.png
WATCH frame=10090 address=020022f0 value=00000001 screenshot=work/dialogue-slateport-20260910/seafloor-212-script-010090-00000001.png
WATCH frame=10097 address=020022f0 value=00000000 screenshot=work/dialogue-slateport-20260910/seafloor-212-script-010097-00000000.png
WATCH frame=10310 address=020022f0 value=00000001 screenshot=work/dialogue-slateport-20260910/seafloor-212-script-010310-00000001.png
WATCH frame=10311 address=020022f0 value=00000000 screenshot=work/dialogue-slateport-20260910/seafloor-212-script-010311-00000000.png
WATCH frame=10530 address=020022f0 value=00000001 screenshot=work/dialogue-slateport-20260910/seafloor-212-script-010530-00000001.png
WATCH frame=10537 address=020022f0 value=00000000 screenshot=work/dialogue-slateport-20260910/seafloor-212-script-010537-00000000.png
WATCH frame=10750 address=020022f0 value=00000001 screenshot=work/dialogue-slateport-20260910/seafloor-212-script-010750-00000001.png
WATCH frame=10751 address=020022f0 value=00000000 screenshot=work/dialogue-slateport-20260910/seafloor-212-script-010751-00000000.png
WATCH frame=10970 address=020022f0 value=00000001 screenshot=work/dialogue-slateport-20260910/seafloor-212-script-010970-00000001.png
WATCH frame=10977 address=020022f0 value=00000000 screenshot=work/dialogue-slateport-20260910/seafloor-212-script-010977-00000000.png
WATCH frame=11190 address=020022f0 value=00000001 screenshot=work/dialogue-slateport-20260910/seafloor-212-script-011190-00000001.png
WATCH frame=11191 address=020022f0 value=00000000 screenshot=work/dialogue-slateport-20260910/seafloor-212-script-011191-00000000.png
WATCH frame=11410 address=020022f0 value=00000001 screenshot=work/dialogue-slateport-20260910/seafloor-212-script-011410-00000001.png
WATCH frame=11417 address=020022f0 value=00000000 screenshot=work/dialogue-slateport-20260910/seafloor-212-script-011417-00000000.png
WATCH frame=11630 address=020022f0 value=00000001 screenshot=work/dialogue-slateport-20260910/seafloor-212-script-011630-00000001.png
WATCH frame=11631 address=020022f0 value=00000000 screenshot=work/dialogue-slateport-20260910/seafloor-212-script-011631-00000000.png
WATCH frame=11850 address=020022f0 value=00000001 screenshot=work/dialogue-slateport-20260910/seafloor-212-script-011850-00000001.png
WATCH frame=11857 address=020022f0 value=00000000 screenshot=work/dialogue-slateport-20260910/seafloor-212-script-011857-00000000.png
WATCH frame=12070 address=020022f0 value=00000001 screenshot=work/dialogue-slateport-20260910/seafloor-212-script-012070-00000001.png
WATCH frame=12071 address=020022f0 value=00000000 screenshot=work/dialogue-slateport-20260910/seafloor-212-script-012071-00000000.png
WATCH frame=12290 address=020022f0 value=00000001 screenshot=work/dialogue-slateport-20260910/seafloor-212-script-012290-00000001.png
WATCH frame=12297 address=020022f0 value=00000000 screenshot=work/dialogue-slateport-20260910/seafloor-212-script-012297-00000000.png
WATCH frame=12510 address=020022f0 value=00000001 screenshot=work/dialogue-slateport-20260910/seafloor-212-script-012510-00000001.png
WATCH frame=12511 address=020022f0 value=00000000 screenshot=work/dialogue-slateport-20260910/seafloor-212-script-012511-00000000.png
WATCH frame=12730 address=020022f0 value=00000001 screenshot=work/dialogue-slateport-20260910/seafloor-212-script-012730-00000001.png
WATCH frame=12737 address=020022f0 value=00000000 screenshot=work/dialogue-slateport-20260910/seafloor-212-script-012737-00000000.png
WATCH frame=12950 address=020022f0 value=00000001 screenshot=work/dialogue-slateport-20260910/seafloor-212-script-012950-00000001.png
WATCH frame=12951 address=020022f0 value=00000000 screenshot=work/dialogue-slateport-20260910/seafloor-212-script-012951-00000000.png
WATCH frame=13170 address=020022f0 value=00000001 screenshot=work/dialogue-slateport-20260910/seafloor-212-script-013170-00000001.png
WATCH frame=13177 address=020022f0 value=00000000 screenshot=work/dialogue-slateport-20260910/seafloor-212-script-013177-00000000.png
WATCH frame=13390 address=020022f0 value=00000001 screenshot=work/dialogue-slateport-20260910/seafloor-212-script-013390-00000001.png
WATCH frame=13391 address=020022f0 value=00000000 screenshot=work/dialogue-slateport-20260910/seafloor-212-script-013391-00000000.png
WATCH frame=13610 address=020022f0 value=00000001 screenshot=work/dialogue-slateport-20260910/seafloor-212-script-013610-00000001.png
WATCH frame=13617 address=020022f0 value=00000000 screenshot=work/dialogue-slateport-20260910/seafloor-212-script-013617-00000000.png
WATCH frame=13830 address=020022f0 value=00000001 screenshot=work/dialogue-slateport-20260910/seafloor-212-script-013830-00000001.png
WATCH frame=13831 address=020022f0 value=00000000 screenshot=work/dialogue-slateport-20260910/seafloor-212-script-013831-00000000.png
WATCH frame=14050 address=020022f0 value=00000001 screenshot=work/dialogue-slateport-20260910/seafloor-212-script-014050-00000001.png
WATCH frame=14057 address=020022f0 value=00000000 screenshot=work/dialogue-slateport-20260910/seafloor-212-script-014057-00000000.png
WATCH frame=14270 address=020022f0 value=00000001 screenshot=work/dialogue-slateport-20260910/seafloor-212-script-014270-00000001.png
WATCH frame=14271 address=020022f0 value=00000000 screenshot=work/dialogue-slateport-20260910/seafloor-212-script-014271-00000000.png
WATCH frame=14490 address=020022f0 value=00000001 screenshot=work/dialogue-slateport-20260910/seafloor-212-script-014490-00000001.png
WATCH frame=14497 address=020022f0 value=00000000 screenshot=work/dialogue-slateport-20260910/seafloor-212-script-014497-00000000.png
WATCH frame=14710 address=020022f0 value=00000001 screenshot=work/dialogue-slateport-20260910/seafloor-212-script-014710-00000001.png
WATCH frame=14711 address=020022f0 value=00000000 screenshot=work/dialogue-slateport-20260910/seafloor-212-script-014711-00000000.png
RESULT frames=15000 stop_matched=0 pc=000001f8 rtc=946684800 width=240 height=160 video_hash=28448d54b58917d6 nonzero_pixels=38215 save_bytes=0
READ width=4 address=020022c4 value=00000001
READ width=4 address=020022ec value=00000000
READ width=4 address=020022f0 value=00000000
READ width=4 address=02002290 value=00000000
READ width=4 address=020022d4 value=00000033
READ width=4 address=020022e0 value=0000002e
READ width=4 address=020022e4 value=00000043
 
