WALK BattleFrontier_Lounge6 (2, 5) to (4, 9) steps 6
frontier-null-left 0 RESULT frames=1788 stop_matched=0 pc=000001f8 rtc=946684800 width=240 height=160 video_hash=2b1cca900ea0fb8b nonzero_pixels=12177 save_bytes=0
READ width=4 address=020022c4 value=00000001
READ width=4 address=020022ec value=00000000
READ width=4 address=020022f0 value=00000000
READ width=4 address=020022d4 value=00001a30
READ width=4 address=020022e0 value=00000004
READ width=4 address=020022e4 value=00000009
READ width=4 address=02002290 value=00000000
READ width=4 address=0200228c value=00000000
READ width=4 address=02002294 value=00000000
READ width=4 address=0200229c value=00000000
 
frontier-null-left-cross 0 RESULT frames=1500 stop_matched=0 pc=000001f8 rtc=946684800 width=240 height=160 video_hash=1dbf975313d9a37a nonzero_pixels=38351 save_bytes=0
READ width=4 address=020022c4 value=00000001
READ width=4 address=020022ec value=00000000
READ width=4 address=020022f0 value=00000000
READ width=4 address=020022d4 value=00001a0e
READ width=4 address=020022e0 value=00000005
READ width=4 address=020022e4 value=00000009
READ width=4 address=02002290 value=00000000
READ width=4 address=0200228c value=00000000
READ width=4 address=02002294 value=00000000
READ width=4 address=0200229c value=00000000
 
WALK BattleFrontier_OutsideEast (5, 9) to (5, 8) steps 1
frontier-null-returned 0 RESULT frames=1548 stop_matched=0 pc=000001f8 rtc=946684800 width=240 height=160 video_hash=101d61177f1b0e63 nonzero_pixels=12103 save_bytes=0
READ width=4 address=020022c4 value=00000001
READ width=4 address=020022ec value=00000000
READ width=4 address=020022f0 value=00000000
READ width=4 address=020022d4 value=00001a30
READ width=4 address=020022e0 value=00000004
READ width=4 address=020022e4 value=00000009
READ width=4 address=02002290 value=00000000
READ width=4 address=0200228c value=00000000
READ width=4 address=02002294 value=00000000
READ width=4 address=0200229c value=00000000
 
WALK BattleFrontier_Lounge6 (4, 9) to (2, 5) steps 6
frontier-null-back-at-trader 0 RESULT frames=1788 stop_matched=0 pc=000001f8 rtc=946684800 width=240 height=160 video_hash=52bf3ebf89e800e7 nonzero_pixels=21326 save_bytes=0
READ width=4 address=020022c4 value=00000001
READ width=4 address=020022ec value=00000000
READ width=4 address=020022f0 value=00000000
READ width=4 address=020022d4 value=00001a30
READ width=4 address=020022e0 value=00000002
READ width=4 address=020022e4 value=00000005
READ width=4 address=02002290 value=00000000
READ width=4 address=0200228c value=00000000
READ width=4 address=02002294 value=00000000
READ width=4 address=0200229c value=00000000
 
frontier-null-after-reentry 0 RESULT frames=3200 stop_matched=0 pc=000001f8 rtc=946684800 width=240 height=160 video_hash=2f53df67c6594bb3 nonzero_pixels=21315 save_bytes=0
READ width=4 address=020022c4 value=00000001
READ width=4 address=020022ec value=00000000
READ width=4 address=020022f0 value=00000000
READ width=4 address=020022d4 value=00001a30
READ width=4 address=020022e0 value=00000002
READ width=4 address=020022e4 value=00000005
READ width=4 address=02002290 value=00000000
READ width=4 address=0200228c value=00000000
READ width=4 address=02002294 value=00000000
READ width=4 address=0200229c value=00000000
 
