WALK NavelRock_Top (13, 20) to (12, 11) steps 10
navel-up-ready 0 RESULT frames=1980 stop_matched=0 pc=000001f8 rtc=946684800 width=240 height=160 video_hash=7ad7f2d345547b75 nonzero_pixels=38343 save_bytes=0
READ width=4 address=020022c4 value=00000000
READ width=4 address=020022ec value=00000000
READ width=4 address=020022f0 value=00000000
READ width=4 address=020022d4 value=00001a4b
READ width=4 address=020022e0 value=0000000c
READ width=4 address=020022e4 value=0000000b
READ width=4 address=02002290 value=00000000
READ width=4 address=0200228c value=00000000
READ width=4 address=02002294 value=00000000
READ width=4 address=0200229c value=00000000
 
WALK NavelRock_Bottom (14, 19) to (11, 14) steps 8
navel-down-ready 0 RESULT frames=1884 stop_matched=0 pc=000001f8 rtc=946684800 width=240 height=160 video_hash=6dde8bb5560527f9 nonzero_pixels=38296 save_bytes=0
READ width=4 address=020022c4 value=00000000
READ width=4 address=020022ec value=00000000
READ width=4 address=020022f0 value=00000000
READ width=4 address=020022d4 value=00001a57
READ width=4 address=020022e0 value=0000000b
READ width=4 address=020022e4 value=0000000e
READ width=4 address=02002290 value=00000000
READ width=4 address=0200228c value=00000000
READ width=4 address=02002294 value=00000000
READ width=4 address=0200229c value=00000000
 
navel-up-capture 0 RESULT frames=12500 stop_matched=0 pc=000001f8 rtc=946684800 width=240 height=160 video_hash=5111e43dbbe7d8ae nonzero_pixels=38343 save_bytes=0
READ width=4 address=020022c4 value=00000001
READ width=4 address=020022ec value=00000000
READ width=4 address=020022f0 value=00000000
READ width=4 address=020022d4 value=00001a4b
READ width=4 address=020022e0 value=0000000c
READ width=4 address=020022e4 value=0000000a
READ width=4 address=02002290 value=00000001
READ width=4 address=0200228c value=00000001
READ width=4 address=02002294 value=000000fa
READ width=4 address=0200229c value=00000001
 
navel-up-faint 0 RESULT frames=12500 stop_matched=0 pc=000001f8 rtc=946684800 width=240 height=160 video_hash=5111e43dbbe7d8ae nonzero_pixels=38343 save_bytes=0
READ width=4 address=020022c4 value=00000000
READ width=4 address=020022ec value=00000000
READ width=4 address=020022f0 value=00000000
READ width=4 address=020022d4 value=00001a4b
READ width=4 address=020022e0 value=0000000c
READ width=4 address=020022e4 value=0000000a
READ width=4 address=02002290 value=00000001
READ width=4 address=0200228c value=00000000
READ width=4 address=02002294 value=00000000
READ width=4 address=0200229c value=00000000
 
navel-down-capture 0 RESULT frames=12500 stop_matched=0 pc=000001f8 rtc=946684800 width=240 height=160 video_hash=1585cde536d522a3 nonzero_pixels=38343 save_bytes=0
READ width=4 address=020022c4 value=00000001
READ width=4 address=020022ec value=00000000
READ width=4 address=020022f0 value=00000000
READ width=4 address=020022d4 value=00001a57
READ width=4 address=020022e0 value=0000000b
READ width=4 address=020022e4 value=0000000e
READ width=4 address=02002290 value=00000001
READ width=4 address=0200228c value=00000001
READ width=4 address=02002294 value=000000f9
READ width=4 address=0200229c value=00000001
 
navel-down-faint 0 RESULT frames=12500 stop_matched=0 pc=000001f8 rtc=946684800 width=240 height=160 video_hash=b159d78d3c6c2819 nonzero_pixels=38343 save_bytes=0
READ width=4 address=020022c4 value=00000000
READ width=4 address=020022ec value=00000000
READ width=4 address=020022f0 value=00000000
READ width=4 address=020022d4 value=00001a57
READ width=4 address=020022e0 value=0000000b
READ width=4 address=020022e4 value=0000000e
READ width=4 address=02002290 value=00000001
READ width=4 address=0200228c value=00000000
READ width=4 address=02002294 value=00000000
READ width=4 address=0200229c value=00000000
 
