WALK FarawayIsland_Entrance (22, 8) to (13, 38) steps 89
faraway-at-sailor 0 RESULT frames=5772 stop_matched=0 pc=000001f8 rtc=946684800 width=240 height=160 video_hash=db3348a8218def90 nonzero_pixels=38361 save_bytes=0
READ width=4 address=020022c4 value=00000001
READ width=4 address=020022ec value=00000000
READ width=4 address=020022f0 value=00000000
READ width=4 address=020022d4 value=00001a38
READ width=4 address=020022e0 value=0000000d
READ width=4 address=020022e4 value=00000026
READ width=4 address=02002290 value=00000001
READ width=4 address=0200228c value=00000001
READ width=4 address=02002294 value=00000097
READ width=4 address=0200229c value=00000001
 
faraway-sailor-decline 0 RESULT frames=4600 stop_matched=0 pc=000001f8 rtc=946684800 width=240 height=160 video_hash=db3348a8218def90 nonzero_pixels=38361 save_bytes=0
READ width=4 address=020022c4 value=00000001
READ width=4 address=020022ec value=00000000
READ width=4 address=020022f0 value=00000000
READ width=4 address=020022d4 value=00001a38
READ width=4 address=020022e0 value=0000000d
READ width=4 address=020022e4 value=00000026
READ width=4 address=02002290 value=00000001
READ width=4 address=0200228c value=00000001
READ width=4 address=02002294 value=00000097
READ width=4 address=0200229c value=00000001
 
faraway-sailor-accept 0 RESULT frames=5500 stop_matched=0 pc=000001f8 rtc=946684800 width=240 height=160 video_hash=c9c2ab7f7a1cca12 nonzero_pixels=32571 save_bytes=0
READ width=4 address=020022c4 value=00000001
READ width=4 address=020022ec value=00000000
READ width=4 address=020022f0 value=00000000
READ width=4 address=020022d4 value=00000d0a
READ width=4 address=020022e0 value=00000008
READ width=4 address=020022e4 value=0000000b
READ width=4 address=02002290 value=00000001
READ width=4 address=0200228c value=00000001
READ width=4 address=02002294 value=00000097
READ width=4 address=0200229c value=00000001
 
