league-retire-base 0 RESULT frames=500 stop_matched=0 pc=08199d4c rtc=946684800 width=240 height=160 video_hash=eb53ee835e66fbf7 nonzero_pixels=33223 save_bytes=0
READ width=4 address=020022c4 value=00004e20
READ width=4 address=020022ec value=00000000
READ width=4 address=020022f0 value=00000000
READ width=4 address=02002290 value=00000001
READ width=4 address=020022d4 value=00001001
READ width=4 address=020022e0 value=00000006
READ width=4 address=020022e4 value=00000007
READ width=4 address=030051b4 value=02011330
READ width=4 address=030051b0 value=020151a8
READ width=4 address=03006bf4 value=00000000
READ width=4 address=03006be8 value=00000000
READ width=2 address=020337f6 value=00000001
READ width=2 address=020337f8 value=00000033
READ width=2 address=0203385a value=00000000
READ width=2 address=0203385c value=00000034
 
league-stay 0 RESULT frames=8000 stop_matched=0 pc=08199d48 rtc=946684800 width=240 height=160 video_hash=480d60981d3ad625 nonzero_pixels=33223 save_bytes=0
READ width=4 address=020022c4 value=00004e20
READ width=4 address=020022ec value=00000000
READ width=4 address=020022f0 value=00000000
READ width=4 address=02002290 value=00000001
READ width=4 address=020022d4 value=00001001
READ width=4 address=020022e0 value=00000006
READ width=4 address=020022e4 value=00000006
READ width=4 address=030051b4 value=02011330
READ width=4 address=030051b0 value=020151a8
READ width=4 address=03006bf4 value=00000000
READ width=4 address=03006be8 value=00000000
READ width=2 address=020337f6 value=00000001
READ width=2 address=020337f8 value=00000033
READ width=2 address=0203385a value=00000000
READ width=2 address=0203385c value=00000034
 
league-retire 0 RESULT frames=8000 stop_matched=0 pc=08199d4a rtc=946684800 width=240 height=160 video_hash=20961b183795a4e7 nonzero_pixels=29293 save_bytes=0
READ width=4 address=020022c4 value=00004e20
READ width=4 address=020022ec value=00000001
READ width=4 address=020022f0 value=00000001
READ width=4 address=02002290 value=00000001
READ width=4 address=020022d4 value=0000100a
READ width=4 address=020022e0 value=00000003
READ width=4 address=020022e4 value=00000004
READ width=4 address=030051b4 value=02011330
READ width=4 address=030051b0 value=020151a8
READ width=4 address=03006bf4 value=00000000
READ width=4 address=03006be8 value=00000000
READ width=2 address=020337f6 value=00000033
READ width=2 address=020337f8 value=00000033
READ width=2 address=0203385a value=00000034
READ width=2 address=0203385c value=00000034
 
league-champion-hof 0 RESULT frames=22000 stop_matched=0 pc=08199d4c rtc=946684800 width=240 height=160 video_hash=847b5561f8f0ab52 nonzero_pixels=32229 save_bytes=131072
READ width=4 address=020022c4 value=00000000
READ width=4 address=020022ec value=00000001
READ width=4 address=020022f0 value=00000001
READ width=4 address=02002290 value=00000005
READ width=4 address=020022d4 value=00001004
READ width=4 address=020022e0 value=00000006
READ width=4 address=020022e4 value=00000004
READ width=4 address=030051b4 value=02011360
READ width=4 address=030051b0 value=020151d8
READ width=4 address=03006bf4 value=00000000
READ width=4 address=03006be8 value=00000000
READ width=2 address=020337f6 value=00000033
READ width=2 address=020337f8 value=00000033
READ width=2 address=0203385a value=00000034
READ width=2 address=0203385c value=00000034
 
