circuit-mastery-39-ready 0 RESULT frames=1500 stop_matched=0 pc=000001f8 rtc=946684800 width=240 height=160 video_hash=55aff2cc84fb1168 nonzero_pixels=19503 save_bytes=0
READ width=4 address=020022c4 value=00000000
READ width=4 address=020022ec value=00000000
READ width=4 address=020022f0 value=00000000
READ width=4 address=020022d4 value=00001a05
READ width=4 address=020022e0 value=00000017
READ width=4 address=020022e4 value=00000006
READ width=4 address=02002290 value=00000000
READ width=4 address=0200228c value=00000000
READ width=4 address=02002294 value=00000000
READ width=4 address=0200229c value=00000000
 
circuit-mastery-39-no-gift 0 RESULT frames=6000 stop_matched=0 pc=000001f8 rtc=946684800 width=240 height=160 video_hash=fd9c83646c974a6e nonzero_pixels=19514 save_bytes=0
READ width=4 address=020022c4 value=00000000
READ width=4 address=020022ec value=00000000
READ width=4 address=020022f0 value=00000000
READ width=4 address=020022d4 value=00001a05
READ width=4 address=020022e0 value=00000017
READ width=4 address=020022e4 value=00000006
READ width=4 address=02002290 value=00000000
READ width=4 address=0200228c value=00000000
READ width=4 address=02002294 value=00000000
READ width=4 address=0200229c value=00000000
 
circuit-mastery-39-no-gift-empty-or-eternatus 0 RESULT frames=100 stop_matched=0 pc=000001f8 rtc=946684800 width=240 height=160 video_hash=f531b4db6764d995 nonzero_pixels=19494 save_bytes=0
READ width=4 address=020022c4 value=00000000
READ width=4 address=020022ec value=00000000
READ width=4 address=020022f0 value=00000000
READ width=4 address=020022d4 value=00001a05
READ width=4 address=020022e0 value=00000017
READ width=4 address=020022e4 value=00000006
READ width=4 address=02002290 value=00000000
READ width=4 address=0200228c value=00000000
READ width=4 address=02002294 value=00000000
READ width=4 address=0200229c value=00000000
 
circuit-mastery-eternatus-empty-or-eternatus 0 RESULT frames=100 stop_matched=0 pc=000001f8 rtc=946684800 width=240 height=160 video_hash=07437ca2b898802b nonzero_pixels=19514 save_bytes=0
READ width=4 address=020022c4 value=0000037a
READ width=4 address=020022ec value=00000000
READ width=4 address=020022f0 value=00000000
READ width=4 address=020022d4 value=00001a05
READ width=4 address=020022e0 value=00000017
READ width=4 address=020022e4 value=00000006
READ width=4 address=02002290 value=00000000
READ width=4 address=0200228c value=00000000
READ width=4 address=02002294 value=00000000
READ width=4 address=0200229c value=00000000
 
circuit-mastery-repeat-empty-or-eternatus 0 RESULT frames=100 stop_matched=0 pc=000001f8 rtc=946684800 width=240 height=160 video_hash=b283e6d1c9d0a5e3 nonzero_pixels=19509 save_bytes=0
READ width=4 address=020022c4 value=00000000
READ width=4 address=020022ec value=00000000
READ width=4 address=020022f0 value=00000000
READ width=4 address=020022d4 value=00001a05
READ width=4 address=020022e0 value=00000017
READ width=4 address=020022e4 value=00000006
READ width=4 address=02002290 value=00000000
READ width=4 address=0200228c value=00000000
READ width=4 address=02002294 value=00000000
READ width=4 address=0200229c value=00000000
 
