frontier-exchange-confirm-price 0 RESULT frames=1600 stop_matched=0 pc=000001f8 rtc=946684800 width=240 height=160 video_hash=4fc465a5c266fb29 nonzero_pixels=34090 save_bytes=0
READ width=4 address=020022c4 value=00000014
READ width=4 address=020022ec value=00000001
READ width=4 address=020022f0 value=00000000
READ width=4 address=020022d4 value=00001a2a
READ width=4 address=020022e0 value=00000009
READ width=4 address=020022e4 value=00000007
READ width=4 address=02002290 value=00000000
READ width=4 address=0200228c value=00000000
READ width=4 address=02002294 value=00000000
READ width=4 address=0200229c value=00000000
 
frontier-exchange-pp-up-bought 0 RESULT frames=2800 stop_matched=0 pc=000001f8 rtc=946684800 width=240 height=160 video_hash=f8e9f2a489b8e4bc nonzero_pixels=37241 save_bytes=0
READ width=4 address=020022c4 value=00000010
READ width=4 address=020022ec value=00000001
READ width=4 address=020022f0 value=00000000
READ width=4 address=020022d4 value=00001a2a
READ width=4 address=020022e0 value=00000009
READ width=4 address=020022e4 value=00000007
READ width=4 address=02002290 value=00000000
READ width=4 address=0200228c value=00000000
READ width=4 address=02002294 value=00000000
READ width=4 address=0200229c value=00000000
 
frontier-exchange-buy-exit 0 RESULT frames=3000 stop_matched=0 pc=000001f8 rtc=946684800 width=240 height=160 video_hash=2a6e8cbbcb8ba034 nonzero_pixels=27420 save_bytes=0
READ width=4 address=020022c4 value=00000010
READ width=4 address=020022ec value=00000000
READ width=4 address=020022f0 value=00000000
READ width=4 address=020022d4 value=00001a2a
READ width=4 address=020022e0 value=00000009
READ width=4 address=020022e4 value=00000007
READ width=4 address=02002290 value=00000000
READ width=4 address=0200228c value=00000000
READ width=4 address=02002294 value=00000000
READ width=4 address=0200229c value=00000000
 
frontier-exchange-ready-item-read 0 RESULT frames=30 stop_matched=0 pc=000001f8 rtc=946684800 width=240 height=160 video_hash=60cf986bc9df9f8a nonzero_pixels=27434 save_bytes=0
READ width=4 address=020022c4 value=00000000
READ width=4 address=020022ec value=00000000
READ width=4 address=020022f0 value=00000000
READ width=4 address=020022d4 value=00001a2a
READ width=4 address=020022e0 value=00000009
READ width=4 address=020022e4 value=00000007
READ width=4 address=02002290 value=00000000
READ width=4 address=0200228c value=00000000
READ width=4 address=02002294 value=00000000
READ width=4 address=0200229c value=00000000
 
frontier-exchange-buy-exit-item-read 0 RESULT frames=30 stop_matched=0 pc=000001f8 rtc=946684800 width=240 height=160 video_hash=2a6e8cbbcb8ba034 nonzero_pixels=27420 save_bytes=0
READ width=4 address=020022c4 value=00000001
READ width=4 address=020022ec value=00000000
READ width=4 address=020022f0 value=00000000
READ width=4 address=020022d4 value=00001a2a
READ width=4 address=020022e0 value=00000009
READ width=4 address=020022e4 value=00000007
READ width=4 address=02002290 value=00000000
READ width=4 address=0200228c value=00000000
READ width=4 address=02002294 value=00000000
READ width=4 address=0200229c value=00000000
 
