circuit-entry-cancel-ready levels [80, 80, 80, 80, 80, 80] hp [(170, 170), (239, 239), (241, 241), (242, 242), (210, 210), (260, 260)]
circuit-entry-cancel-ready-active-read 0 RESULT frames=30 stop_matched=0 pc=000001f8 rtc=946684800 width=240 height=160 video_hash=55aff2cc84fb1168 nonzero_pixels=19503 save_bytes=0
READ width=4 address=020022c4 value=00000000
READ width=4 address=020022ec value=00000000
READ width=4 address=020022f0 value=00000000
READ width=4 address=020022d4 value=00001a05
READ width=4 address=020022e0 value=00000017
READ width=4 address=020022e4 value=00000006
READ width=4 address=02002290 value=00000000
READ width=4 address=0200228c value=00000000
READ width=4 address=02002294 value=00000000
READ width=4 address=0200229c value=00000000
 
circuit-entry-cancel-ready-current-read 0 RESULT frames=30 stop_matched=0 pc=000001f8 rtc=946684800 width=240 height=160 video_hash=55aff2cc84fb1168 nonzero_pixels=19503 save_bytes=0
READ width=4 address=020022c4 value=00000000
READ width=4 address=020022ec value=00000000
READ width=4 address=020022f0 value=00000000
READ width=4 address=020022d4 value=00001a05
READ width=4 address=020022e0 value=00000017
READ width=4 address=020022e4 value=00000006
READ width=4 address=02002290 value=00000000
READ width=4 address=0200228c value=00000000
READ width=4 address=02002294 value=00000000
READ width=4 address=0200229c value=00000000
 
circuit-entry-cancel-ready-best-read 0 RESULT frames=30 stop_matched=0 pc=000001f8 rtc=946684800 width=240 height=160 video_hash=55aff2cc84fb1168 nonzero_pixels=19503 save_bytes=0
READ width=4 address=020022c4 value=00000000
READ width=4 address=020022ec value=00000000
READ width=4 address=020022f0 value=00000000
READ width=4 address=020022d4 value=00001a05
READ width=4 address=020022e0 value=00000017
READ width=4 address=020022e4 value=00000006
READ width=4 address=02002290 value=00000000
READ width=4 address=0200228c value=00000000
READ width=4 address=02002294 value=00000000
READ width=4 address=0200229c value=00000000
 
circuit-entry-cancel-ready-total-read 0 RESULT frames=30 stop_matched=0 pc=000001f8 rtc=946684800 width=240 height=160 video_hash=55aff2cc84fb1168 nonzero_pixels=19503 save_bytes=0
READ width=4 address=020022c4 value=00000000
READ width=4 address=020022ec value=00000000
READ width=4 address=020022f0 value=00000000
READ width=4 address=020022d4 value=00001a05
READ width=4 address=020022e0 value=00000017
READ width=4 address=020022e4 value=00000006
READ width=4 address=02002290 value=00000000
READ width=4 address=0200228c value=00000000
READ width=4 address=02002294 value=00000000
READ width=4 address=0200229c value=00000000
 
circuit-entry-cancel-ready-BP-read 0 RESULT frames=30 stop_matched=0 pc=000001f8 rtc=946684800 width=240 height=160 video_hash=55aff2cc84fb1168 nonzero_pixels=19503 save_bytes=0
READ width=4 address=020022c4 value=00000000
READ width=4 address=020022ec value=00000000
READ width=4 address=020022f0 value=00000000
READ width=4 address=020022d4 value=00001a05
READ width=4 address=020022e0 value=00000017
READ width=4 address=020022e4 value=00000006
READ width=4 address=02002290 value=00000000
READ width=4 address=0200228c value=00000000
READ width=4 address=02002294 value=00000000
READ width=4 address=0200229c value=00000000
 
circuit-entry-cancel-ready-CalyrexEligible-read 0 RESULT frames=30 stop_matched=0 pc=000001f8 rtc=946684800 width=240 height=160 video_hash=55aff2cc84fb1168 nonzero_pixels=19503 save_bytes=0
READ width=4 address=020022c4 value=00000001
READ width=4 address=020022ec value=00000000
READ width=4 address=020022f0 value=00000000
READ width=4 address=020022d4 value=00001a05
READ width=4 address=020022e0 value=00000017
READ width=4 address=020022e4 value=00000006
READ width=4 address=02002290 value=00000000
READ width=4 address=0200228c value=00000000
READ width=4 address=02002294 value=00000000
READ width=4 address=0200229c value=00000000
 
STATE circuit-entry-cancel-ready {'levels': [80, 80, 80, 80, 80, 80], 'hp': [(170, 170), (239, 239), (241, 241), (242, 242), (210, 210), (260, 260)], 'active': 0, 'current': 0, 'best': 0, 'total': 0, 'BP': 0, 'CalyrexEligible': 1}
circuit-first-win levels [100, 100, 100, 100, 100, 100] hp [(211, 211), (297, 297), (299, 299), (301, 301), (261, 261), (323, 323)]
circuit-first-win-active-read 0 RESULT frames=30 stop_matched=0 pc=000001f8 rtc=946684800 width=240 height=160 video_hash=5a6344dd425be2eb nonzero_pixels=29355 save_bytes=0
READ width=4 address=020022c4 value=00000001
READ width=4 address=020022ec value=00000001
READ width=4 address=020022f0 value=00000000
READ width=4 address=020022d4 value=00001a08
READ width=4 address=020022e0 value=00000005
READ width=4 address=020022e4 value=00000005
READ width=4 address=02002290 value=00000001
READ width=4 address=0200228c value=00000000
READ width=4 address=02002294 value=00000000
READ width=4 address=0200229c value=00000000
 
circuit-first-win-current-read 0 RESULT frames=30 stop_matched=0 pc=000001f8 rtc=946684800 width=240 height=160 video_hash=5a6344dd425be2eb nonzero_pixels=29355 save_bytes=0
READ width=4 address=020022c4 value=00000001
READ width=4 address=020022ec value=00000001
READ width=4 address=020022f0 value=00000000
READ width=4 address=020022d4 value=00001a08
READ width=4 address=020022e0 value=00000005
READ width=4 address=020022e4 value=00000005
READ width=4 address=02002290 value=00000001
READ width=4 address=0200228c value=00000000
READ width=4 address=02002294 value=00000000
READ width=4 address=0200229c value=00000000
 
circuit-first-win-best-read 0 RESULT frames=30 stop_matched=0 pc=000001f8 rtc=946684800 width=240 height=160 video_hash=5a6344dd425be2eb nonzero_pixels=29355 save_bytes=0
READ width=4 address=020022c4 value=00000001
READ width=4 address=020022ec value=00000001
READ width=4 address=020022f0 value=00000000
READ width=4 address=020022d4 value=00001a08
READ width=4 address=020022e0 value=00000005
READ width=4 address=020022e4 value=00000005
READ width=4 address=02002290 value=00000001
READ width=4 address=0200228c value=00000000
READ width=4 address=02002294 value=00000000
READ width=4 address=0200229c value=00000000
 
circuit-first-win-total-read 0 RESULT frames=30 stop_matched=0 pc=000001f8 rtc=946684800 width=240 height=160 video_hash=5a6344dd425be2eb nonzero_pixels=29355 save_bytes=0
READ width=4 address=020022c4 value=00000001
READ width=4 address=020022ec value=00000001
READ width=4 address=020022f0 value=00000000
READ width=4 address=020022d4 value=00001a08
READ width=4 address=020022e0 value=00000005
READ width=4 address=020022e4 value=00000005
READ width=4 address=02002290 value=00000001
READ width=4 address=0200228c value=00000000
READ width=4 address=02002294 value=00000000
READ width=4 address=0200229c value=00000000
 
circuit-first-win-BP-read 0 RESULT frames=30 stop_matched=0 pc=000001f8 rtc=946684800 width=240 height=160 video_hash=5a6344dd425be2eb nonzero_pixels=29355 save_bytes=0
READ width=4 address=020022c4 value=00000005
READ width=4 address=020022ec value=00000001
READ width=4 address=020022f0 value=00000000
READ width=4 address=020022d4 value=00001a08
READ width=4 address=020022e0 value=00000005
READ width=4 address=020022e4 value=00000005
READ width=4 address=02002290 value=00000001
READ width=4 address=0200228c value=00000000
READ width=4 address=02002294 value=00000000
READ width=4 address=0200229c value=00000000
 
circuit-first-win-CalyrexEligible-read 0 RESULT frames=30 stop_matched=0 pc=000001f8 rtc=946684800 width=240 height=160 video_hash=5a6344dd425be2eb nonzero_pixels=29355 save_bytes=0
READ width=4 address=020022c4 value=00000001
READ width=4 address=020022ec value=00000001
READ width=4 address=020022f0 value=00000000
READ width=4 address=020022d4 value=00001a08
READ width=4 address=020022e0 value=00000005
READ width=4 address=020022e4 value=00000005
READ width=4 address=02002290 value=00000001
READ width=4 address=0200228c value=00000000
READ width=4 address=02002294 value=00000000
READ width=4 address=0200229c value=00000000
 
STATE circuit-first-win {'levels': [100, 100, 100, 100, 100, 100], 'hp': [(211, 211), (297, 297), (299, 299), (301, 301), (261, 261), (323, 323)], 'active': 1, 'current': 1, 'best': 1, 'total': 1, 'BP': 5, 'CalyrexEligible': 1}
circuit-start levels [80, 80, 80, 80, 80, 80] hp [(170, 170), (239, 239), (241, 241), (242, 242), (210, 210), (260, 260)]
circuit-start-active-read 0 RESULT frames=30 stop_matched=0 pc=000001f8 rtc=946684800 width=240 height=160 video_hash=7bd89d628e0a7800 nonzero_pixels=19503 save_bytes=0
READ width=4 address=020022c4 value=00000000
READ width=4 address=020022ec value=00000000
READ width=4 address=020022f0 value=00000000
READ width=4 address=020022d4 value=00001a05
READ width=4 address=020022e0 value=00000017
READ width=4 address=020022e4 value=00000006
READ width=4 address=02002290 value=00000001
READ width=4 address=0200228c value=00000000
READ width=4 address=02002294 value=00000000
READ width=4 address=0200229c value=00000000
 
circuit-start-current-read 0 RESULT frames=30 stop_matched=0 pc=000001f8 rtc=946684800 width=240 height=160 video_hash=7bd89d628e0a7800 nonzero_pixels=19503 save_bytes=0
READ width=4 address=020022c4 value=00000000
READ width=4 address=020022ec value=00000000
READ width=4 address=020022f0 value=00000000
READ width=4 address=020022d4 value=00001a05
READ width=4 address=020022e0 value=00000017
READ width=4 address=020022e4 value=00000006
READ width=4 address=02002290 value=00000001
READ width=4 address=0200228c value=00000000
READ width=4 address=02002294 value=00000000
READ width=4 address=0200229c value=00000000
 
circuit-start-best-read 0 RESULT frames=30 stop_matched=0 pc=000001f8 rtc=946684800 width=240 height=160 video_hash=7bd89d628e0a7800 nonzero_pixels=19503 save_bytes=0
READ width=4 address=020022c4 value=00000001
READ width=4 address=020022ec value=00000000
READ width=4 address=020022f0 value=00000000
READ width=4 address=020022d4 value=00001a05
READ width=4 address=020022e0 value=00000017
READ width=4 address=020022e4 value=00000006
READ width=4 address=02002290 value=00000001
READ width=4 address=0200228c value=00000000
READ width=4 address=02002294 value=00000000
READ width=4 address=0200229c value=00000000
 
circuit-start-total-read 0 RESULT frames=30 stop_matched=0 pc=000001f8 rtc=946684800 width=240 height=160 video_hash=7bd89d628e0a7800 nonzero_pixels=19503 save_bytes=0
READ width=4 address=020022c4 value=00000001
READ width=4 address=020022ec value=00000000
READ width=4 address=020022f0 value=00000000
READ width=4 address=020022d4 value=00001a05
READ width=4 address=020022e0 value=00000017
READ width=4 address=020022e4 value=00000006
READ width=4 address=02002290 value=00000001
READ width=4 address=0200228c value=00000000
READ width=4 address=02002294 value=00000000
READ width=4 address=0200229c value=00000000
 
circuit-start-BP-read 0 RESULT frames=30 stop_matched=0 pc=000001f8 rtc=946684800 width=240 height=160 video_hash=7bd89d628e0a7800 nonzero_pixels=19503 save_bytes=0
READ width=4 address=020022c4 value=00000005
READ width=4 address=020022ec value=00000000
READ width=4 address=020022f0 value=00000000
READ width=4 address=020022d4 value=00001a05
READ width=4 address=020022e0 value=00000017
READ width=4 address=020022e4 value=00000006
READ width=4 address=02002290 value=00000001
READ width=4 address=0200228c value=00000000
READ width=4 address=02002294 value=00000000
READ width=4 address=0200229c value=00000000
 
circuit-start-CalyrexEligible-read 0 RESULT frames=30 stop_matched=0 pc=000001f8 rtc=946684800 width=240 height=160 video_hash=7bd89d628e0a7800 nonzero_pixels=19503 save_bytes=0
READ width=4 address=020022c4 value=00000001
READ width=4 address=020022ec value=00000000
READ width=4 address=020022f0 value=00000000
READ width=4 address=020022d4 value=00001a05
READ width=4 address=020022e0 value=00000017
READ width=4 address=020022e4 value=00000006
READ width=4 address=02002290 value=00000001
READ width=4 address=0200228c value=00000000
READ width=4 address=02002294 value=00000000
READ width=4 address=0200229c value=00000000
 
STATE circuit-start {'levels': [80, 80, 80, 80, 80, 80], 'hp': [(170, 170), (239, 239), (241, 241), (242, 242), (210, 210), (260, 260)], 'active': 0, 'current': 0, 'best': 1, 'total': 1, 'BP': 5, 'CalyrexEligible': 1}
circuit-second-win-retire levels [80, 80, 80, 80, 80, 80] hp [(170, 170), (239, 239), (241, 241), (242, 242), (210, 210), (260, 260)]
circuit-second-win-retire-active-read 0 RESULT frames=30 stop_matched=0 pc=000001f8 rtc=946684800 width=240 height=160 video_hash=ce0801b325090c46 nonzero_pixels=19514 save_bytes=0
READ width=4 address=020022c4 value=00000000
READ width=4 address=020022ec value=00000000
READ width=4 address=020022f0 value=00000000
READ width=4 address=020022d4 value=00001a05
READ width=4 address=020022e0 value=00000017
READ width=4 address=020022e4 value=00000006
READ width=4 address=02002290 value=00000002
READ width=4 address=0200228c value=00000000
READ width=4 address=02002294 value=00000000
READ width=4 address=0200229c value=00000000
 
circuit-second-win-retire-current-read 0 RESULT frames=30 stop_matched=0 pc=000001f8 rtc=946684800 width=240 height=160 video_hash=ce0801b325090c46 nonzero_pixels=19514 save_bytes=0
READ width=4 address=020022c4 value=00000000
READ width=4 address=020022ec value=00000000
READ width=4 address=020022f0 value=00000000
READ width=4 address=020022d4 value=00001a05
READ width=4 address=020022e0 value=00000017
READ width=4 address=020022e4 value=00000006
READ width=4 address=02002290 value=00000002
READ width=4 address=0200228c value=00000000
READ width=4 address=02002294 value=00000000
READ width=4 address=0200229c value=00000000
 
circuit-second-win-retire-best-read 0 RESULT frames=30 stop_matched=0 pc=000001f8 rtc=946684800 width=240 height=160 video_hash=ce0801b325090c46 nonzero_pixels=19514 save_bytes=0
READ width=4 address=020022c4 value=00000002
READ width=4 address=020022ec value=00000000
READ width=4 address=020022f0 value=00000000
READ width=4 address=020022d4 value=00001a05
READ width=4 address=020022e0 value=00000017
READ width=4 address=020022e4 value=00000006
READ width=4 address=02002290 value=00000002
READ width=4 address=0200228c value=00000000
READ width=4 address=02002294 value=00000000
READ width=4 address=0200229c value=00000000
 
circuit-second-win-retire-total-read 0 RESULT frames=30 stop_matched=0 pc=000001f8 rtc=946684800 width=240 height=160 video_hash=ce0801b325090c46 nonzero_pixels=19514 save_bytes=0
READ width=4 address=020022c4 value=00000002
READ width=4 address=020022ec value=00000000
READ width=4 address=020022f0 value=00000000
READ width=4 address=020022d4 value=00001a05
READ width=4 address=020022e0 value=00000017
READ width=4 address=020022e4 value=00000006
READ width=4 address=02002290 value=00000002
READ width=4 address=0200228c value=00000000
READ width=4 address=02002294 value=00000000
READ width=4 address=0200229c value=00000000
 
circuit-second-win-retire-BP-read 0 RESULT frames=30 stop_matched=0 pc=000001f8 rtc=946684800 width=240 height=160 video_hash=ce0801b325090c46 nonzero_pixels=19514 save_bytes=0
READ width=4 address=020022c4 value=0000000b
READ width=4 address=020022ec value=00000000
READ width=4 address=020022f0 value=00000000
READ width=4 address=020022d4 value=00001a05
READ width=4 address=020022e0 value=00000017
READ width=4 address=020022e4 value=00000006
READ width=4 address=02002290 value=00000002
READ width=4 address=0200228c value=00000000
READ width=4 address=02002294 value=00000000
READ width=4 address=0200229c value=00000000
 
circuit-second-win-retire-CalyrexEligible-read 0 RESULT frames=30 stop_matched=0 pc=000001f8 rtc=946684800 width=240 height=160 video_hash=ce0801b325090c46 nonzero_pixels=19514 save_bytes=0
READ width=4 address=020022c4 value=00000000
READ width=4 address=020022ec value=00000000
READ width=4 address=020022f0 value=00000000
READ width=4 address=020022d4 value=00001a05
READ width=4 address=020022e0 value=00000017
READ width=4 address=020022e4 value=00000006
READ width=4 address=02002290 value=00000002
READ width=4 address=0200228c value=00000000
READ width=4 address=02002294 value=00000000
READ width=4 address=0200229c value=00000000
 
STATE circuit-second-win-retire {'levels': [80, 80, 80, 80, 80, 80], 'hp': [(170, 170), (239, 239), (241, 241), (242, 242), (210, 210), (260, 260)], 'active': 0, 'current': 0, 'best': 2, 'total': 2, 'BP': 11, 'CalyrexEligible': 0}
RESTORED circuit-start exact party bytes True changed offsets []
RESTORED circuit-second-win-retire exact party bytes True changed offsets []
