RESULT frames=1000 stop_matched=0 pc=000001f8 rtc=946684800 width=240 height=160 video_hash=f11f5b8859b86503 nonzero_pixels=27492 save_bytes=0

circuit-full-storage-ready 0 RESULT frames=1500 stop_matched=0 pc=000001f8 rtc=946684800 width=240 height=160 video_hash=c951c054ec9dfcd3 nonzero_pixels=19499 save_bytes=0
READ width=4 address=020022c4 value=00000001
READ width=4 address=020022ec value=00000000
READ width=4 address=020022f0 value=00000000
READ width=4 address=020022d4 value=00001a05
READ width=4 address=020022e0 value=00000017
READ width=4 address=020022e4 value=00000006
READ width=4 address=02002290 value=00000000
READ width=4 address=0200228c value=00000000
READ width=4 address=02002294 value=00000000
READ width=4 address=0200229c value=00000000
 
circuit-full-storage-blocked 0 RESULT frames=4000 stop_matched=0 pc=000001f8 rtc=946684800 width=240 height=160 video_hash=6c249834c0125c3d nonzero_pixels=19512 save_bytes=0
READ width=4 address=020022c4 value=00000001
READ width=4 address=020022ec value=00000000
READ width=4 address=020022f0 value=00000000
READ width=4 address=020022d4 value=00001a05
READ width=4 address=020022e0 value=00000017
READ width=4 address=020022e4 value=00000006
READ width=4 address=02002290 value=00000000
READ width=4 address=0200228c value=00000000
READ width=4 address=02002294 value=00000000
READ width=4 address=0200229c value=00000000
 
circuit-storage-recovery 0 RESULT frames=10000 stop_matched=0 pc=000001f8 rtc=946684800 width=240 height=160 video_hash=a53f28c08e3850c3 nonzero_pixels=19514 save_bytes=0
READ width=4 address=020022c4 value=00000000
READ width=4 address=020022ec value=00000000
READ width=4 address=020022f0 value=00000000
READ width=4 address=020022d4 value=00001a05
READ width=4 address=020022e0 value=00000017
READ width=4 address=020022e4 value=00000006
READ width=4 address=02002290 value=00000000
READ width=4 address=0200228c value=00000000
READ width=4 address=02002294 value=00000000
READ width=4 address=0200229c value=00000000
 
circuit-storage-repeat 0 RESULT frames=6000 stop_matched=0 pc=000001f8 rtc=946684800 width=240 height=160 video_hash=ea71c5813b0455e3 nonzero_pixels=19513 save_bytes=0
READ width=4 address=020022c4 value=00000000
READ width=4 address=020022ec value=00000000
READ width=4 address=020022f0 value=00000000
READ width=4 address=020022d4 value=00001a05
READ width=4 address=020022e0 value=00000017
READ width=4 address=020022e4 value=00000006
READ width=4 address=02002290 value=00000000
READ width=4 address=0200228c value=00000000
READ width=4 address=02002294 value=00000000
READ width=4 address=0200229c value=00000000
 
