circuit-second-win-retire-pc0-species 0 RESULT frames=100 stop_matched=0 pc=000001f8 rtc=946684800 width=240 height=160 video_hash=18a47905e7d8e714 nonzero_pixels=19514 save_bytes=0
READ width=4 address=020022c4 value=00000382
READ width=4 address=020022ec value=00000000
READ width=4 address=020022f0 value=00000000
READ width=4 address=020022d4 value=00001a05
READ width=4 address=020022e0 value=00000017
READ width=4 address=020022e4 value=00000006
READ width=4 address=02002290 value=00000002
READ width=4 address=0200228c value=00000000
READ width=4 address=02002294 value=00000000
READ width=4 address=0200229c value=00000000
 
circuit-full-storage-blocked-pc0-species 0 RESULT frames=100 stop_matched=0 pc=000001f8 rtc=946684800 width=240 height=160 video_hash=07437ca2b898802b nonzero_pixels=19514 save_bytes=0
READ width=4 address=020022c4 value=00000107
READ width=4 address=020022ec value=00000000
READ width=4 address=020022f0 value=00000000
READ width=4 address=020022d4 value=00001a05
READ width=4 address=020022e0 value=00000017
READ width=4 address=020022e4 value=00000006
READ width=4 address=02002290 value=00000000
READ width=4 address=0200228c value=00000000
READ width=4 address=02002294 value=00000000
READ width=4 address=0200229c value=00000000
 
circuit-storage-recovery-pc0-species 0 RESULT frames=100 stop_matched=0 pc=000001f8 rtc=946684800 width=240 height=160 video_hash=c7b59541b9fc5037 nonzero_pixels=19509 save_bytes=0
READ width=4 address=020022c4 value=00000382
READ width=4 address=020022ec value=00000000
READ width=4 address=020022f0 value=00000000
READ width=4 address=020022d4 value=00001a05
READ width=4 address=020022e0 value=00000017
READ width=4 address=020022e4 value=00000006
READ width=4 address=02002290 value=00000000
READ width=4 address=0200228c value=00000000
READ width=4 address=02002294 value=00000000
READ width=4 address=0200229c value=00000000
 
circuit-storage-repeat-pc0-species 0 RESULT frames=100 stop_matched=0 pc=000001f8 rtc=946684800 width=240 height=160 video_hash=734c0c235c574de7 nonzero_pixels=19509 save_bytes=0
READ width=4 address=020022c4 value=00000382
READ width=4 address=020022ec value=00000000
READ width=4 address=020022f0 value=00000000
READ width=4 address=020022d4 value=00001a05
READ width=4 address=020022e0 value=00000017
READ width=4 address=020022e4 value=00000006
READ width=4 address=02002290 value=00000000
READ width=4 address=0200228c value=00000000
READ width=4 address=02002294 value=00000000
READ width=4 address=0200229c value=00000000
 
circuit-storage-repeat-pc1-species 0 RESULT frames=100 stop_matched=0 pc=000001f8 rtc=946684800 width=240 height=160 video_hash=734c0c235c574de7 nonzero_pixels=19509 save_bytes=0
READ width=4 address=020022c4 value=00000107
READ width=4 address=020022ec value=00000000
READ width=4 address=020022f0 value=00000000
READ width=4 address=020022d4 value=00001a05
READ width=4 address=020022e0 value=00000017
READ width=4 address=020022e4 value=00000006
READ width=4 address=02002290 value=00000000
READ width=4 address=0200228c value=00000000
READ width=4 address=02002294 value=00000000
READ width=4 address=0200229c value=00000000
 
circuit-reward-to-party 0 RESULT frames=11000 stop_matched=0 pc=000001f8 rtc=946684800 width=240 height=160 video_hash=bd6254faec12fad7 nonzero_pixels=19509 save_bytes=0
READ width=4 address=020022c4 value=00000000
READ width=4 address=020022ec value=00000000
READ width=4 address=020022f0 value=00000000
READ width=4 address=020022d4 value=00001a05
READ width=4 address=020022e0 value=00000017
READ width=4 address=020022e4 value=00000006
READ width=4 address=02002290 value=00000000
READ width=4 address=0200228c value=00000000
READ width=4 address=02002294 value=00000000
READ width=4 address=0200229c value=00000000
 
circuit-reward-party-species 0 RESULT frames=30 stop_matched=0 pc=000001f8 rtc=946684800 width=240 height=160 video_hash=bd6254faec12fad7 nonzero_pixels=19509 save_bytes=0
READ width=4 address=020022c4 value=00000382
READ width=4 address=020022ec value=00000000
READ width=4 address=020022f0 value=00000000
READ width=4 address=020022d4 value=00001a05
READ width=4 address=020022e0 value=00000017
READ width=4 address=020022e4 value=00000006
READ width=4 address=02002290 value=00000000
READ width=4 address=0200228c value=00000000
READ width=4 address=02002294 value=00000000
READ width=4 address=0200229c value=00000000
 
