frontier-null-choice-cancel 0 RESULT frames=4000 stop_matched=0 pc=000001f8 rtc=946684800 width=240 height=160 video_hash=2f53df67c6594bb3 nonzero_pixels=21315 save_bytes=0
READ width=4 address=020022c4 value=00000000
READ width=4 address=020022ec value=00000000
READ width=4 address=020022f0 value=00000000
READ width=4 address=020022d4 value=00001a30
READ width=4 address=020022e0 value=00000002
READ width=4 address=020022e4 value=00000005
READ width=4 address=02002290 value=00000000
READ width=4 address=0200228c value=00000000
READ width=4 address=02002294 value=00000000
READ width=4 address=0200229c value=00000000
 
frontier-null-choice-wrong 0 RESULT frames=4000 stop_matched=0 pc=000001f8 rtc=946684800 width=240 height=160 video_hash=2f53df67c6594bb3 nonzero_pixels=21315 save_bytes=0
READ width=4 address=020022c4 value=00000000
READ width=4 address=020022ec value=00000000
READ width=4 address=020022f0 value=00000000
READ width=4 address=020022d4 value=00001a30
READ width=4 address=020022e0 value=00000002
READ width=4 address=020022e4 value=00000005
READ width=4 address=02002290 value=00000000
READ width=4 address=0200228c value=00000000
READ width=4 address=02002294 value=00000000
READ width=4 address=0200229c value=00000000
 
frontier-null-traded 0 RESULT frames=16000 stop_matched=0 pc=000001f8 rtc=946684800 width=240 height=160 video_hash=2f53df67c6594bb3 nonzero_pixels=21315 save_bytes=0
READ width=4 address=020022c4 value=00000001
READ width=4 address=020022ec value=00000000
READ width=4 address=020022f0 value=00000000
READ width=4 address=020022d4 value=00001a30
READ width=4 address=020022e0 value=00000002
READ width=4 address=020022e4 value=00000005
READ width=4 address=02002290 value=00000000
READ width=4 address=0200228c value=00000000
READ width=4 address=02002294 value=00000000
READ width=4 address=0200229c value=00000000
 
frontier-null-repeat 0 RESULT frames=4000 stop_matched=0 pc=000001f8 rtc=946684800 width=240 height=160 video_hash=2f53df67c6594bb3 nonzero_pixels=21315 save_bytes=0
READ width=4 address=020022c4 value=00000001
READ width=4 address=020022ec value=00000000
READ width=4 address=020022f0 value=00000000
READ width=4 address=020022d4 value=00001a30
READ width=4 address=020022e0 value=00000002
READ width=4 address=020022e4 value=00000005
READ width=4 address=02002290 value=00000000
READ width=4 address=0200228c value=00000000
READ width=4 address=02002294 value=00000000
READ width=4 address=0200229c value=00000000
 
frontier-null-ready-slot4 0 RESULT frames=30 stop_matched=0 pc=000001f8 rtc=946684800 width=240 height=160 video_hash=efe1e895f23d2d81 nonzero_pixels=21319 save_bytes=0
READ width=4 address=020022c4 value=0000012c
READ width=4 address=020022ec value=00000000
READ width=4 address=020022f0 value=00000000
READ width=4 address=020022d4 value=00001a30
READ width=4 address=020022e0 value=00000002
READ width=4 address=020022e4 value=00000005
READ width=4 address=02002290 value=00000000
READ width=4 address=0200228c value=00000000
READ width=4 address=02002294 value=00000000
READ width=4 address=0200229c value=00000000
 
frontier-null-choice-cancel-slot4 0 RESULT frames=30 stop_matched=0 pc=000001f8 rtc=946684800 width=240 height=160 video_hash=2f53df67c6594bb3 nonzero_pixels=21315 save_bytes=0
READ width=4 address=020022c4 value=0000012c
READ width=4 address=020022ec value=00000000
READ width=4 address=020022f0 value=00000000
READ width=4 address=020022d4 value=00001a30
READ width=4 address=020022e0 value=00000002
READ width=4 address=020022e4 value=00000005
READ width=4 address=02002290 value=00000000
READ width=4 address=0200228c value=00000000
READ width=4 address=02002294 value=00000000
READ width=4 address=0200229c value=00000000
 
frontier-null-choice-wrong-slot4 0 RESULT frames=30 stop_matched=0 pc=000001f8 rtc=946684800 width=240 height=160 video_hash=2f53df67c6594bb3 nonzero_pixels=21315 save_bytes=0
READ width=4 address=020022c4 value=0000012c
READ width=4 address=020022ec value=00000000
READ width=4 address=020022f0 value=00000000
READ width=4 address=020022d4 value=00001a30
READ width=4 address=020022e0 value=00000002
READ width=4 address=020022e4 value=00000005
READ width=4 address=02002290 value=00000000
READ width=4 address=0200228c value=00000000
READ width=4 address=02002294 value=00000000
READ width=4 address=0200229c value=00000000
 
frontier-null-traded-slot4 0 RESULT frames=30 stop_matched=0 pc=000001f8 rtc=946684800 width=240 height=160 video_hash=2f53df67c6594bb3 nonzero_pixels=21315 save_bytes=0
READ width=4 address=020022c4 value=00000304
READ width=4 address=020022ec value=00000000
READ width=4 address=020022f0 value=00000000
READ width=4 address=020022d4 value=00001a30
READ width=4 address=020022e0 value=00000002
READ width=4 address=020022e4 value=00000005
READ width=4 address=02002290 value=00000000
READ width=4 address=0200228c value=00000000
READ width=4 address=02002294 value=00000000
READ width=4 address=0200229c value=00000000
 
frontier-null-repeat-slot4 0 RESULT frames=30 stop_matched=0 pc=000001f8 rtc=946684800 width=240 height=160 video_hash=2f53df67c6594bb3 nonzero_pixels=21315 save_bytes=0
READ width=4 address=020022c4 value=00000304
READ width=4 address=020022ec value=00000000
READ width=4 address=020022f0 value=00000000
READ width=4 address=020022d4 value=00001a30
READ width=4 address=020022e0 value=00000002
READ width=4 address=020022e4 value=00000005
READ width=4 address=02002290 value=00000000
READ width=4 address=0200228c value=00000000
READ width=4 address=02002294 value=00000000
READ width=4 address=0200229c value=00000000
 
