Forfeit exact party restored True
circuit-entry-cancel-ready-money-forfeit-read 0 RESULT frames=30 stop_matched=0 pc=000001f8 rtc=946684800 width=240 height=160 video_hash=55aff2cc84fb1168 nonzero_pixels=19503 save_bytes=0
READ width=4 address=020022c4 value=00000bb8
READ width=4 address=020022ec value=00000000
READ width=4 address=020022f0 value=00000000
READ width=4 address=020022d4 value=00001a05
READ width=4 address=020022e0 value=00000017
READ width=4 address=020022e4 value=00000006
READ width=4 address=02002290 value=00000000
READ width=4 address=0200228c value=00000000
READ width=4 address=02002294 value=00000000
READ width=4 address=0200229c value=00000000
 
circuit-entry-cancel-ready-BP-forfeit-read 0 RESULT frames=30 stop_matched=0 pc=000001f8 rtc=946684800 width=240 height=160 video_hash=55aff2cc84fb1168 nonzero_pixels=19503 save_bytes=0
READ width=4 address=020022c4 value=00000000
READ width=4 address=020022ec value=00000000
READ width=4 address=020022f0 value=00000000
READ width=4 address=020022d4 value=00001a05
READ width=4 address=020022e0 value=00000017
READ width=4 address=020022e4 value=00000006
READ width=4 address=02002290 value=00000000
READ width=4 address=0200228c value=00000000
READ width=4 address=02002294 value=00000000
READ width=4 address=0200229c value=00000000
 
circuit-entry-cancel-ready-total-forfeit-read 0 RESULT frames=30 stop_matched=0 pc=000001f8 rtc=946684800 width=240 height=160 video_hash=55aff2cc84fb1168 nonzero_pixels=19503 save_bytes=0
READ width=4 address=020022c4 value=00000000
READ width=4 address=020022ec value=00000000
READ width=4 address=020022f0 value=00000000
READ width=4 address=020022d4 value=00001a05
READ width=4 address=020022e0 value=00000017
READ width=4 address=020022e4 value=00000006
READ width=4 address=02002290 value=00000000
READ width=4 address=0200228c value=00000000
READ width=4 address=02002294 value=00000000
READ width=4 address=0200229c value=00000000
 
circuit-entry-cancel-ready-active-forfeit-read 0 RESULT frames=30 stop_matched=0 pc=000001f8 rtc=946684800 width=240 height=160 video_hash=55aff2cc84fb1168 nonzero_pixels=19503 save_bytes=0
READ width=4 address=020022c4 value=00000000
READ width=4 address=020022ec value=00000000
READ width=4 address=020022f0 value=00000000
READ width=4 address=020022d4 value=00001a05
READ width=4 address=020022e0 value=00000017
READ width=4 address=020022e4 value=00000006
READ width=4 address=02002290 value=00000000
READ width=4 address=0200228c value=00000000
READ width=4 address=02002294 value=00000000
READ width=4 address=0200229c value=00000000
 
circuit-forfeited-money-forfeit-read 0 RESULT frames=30 stop_matched=0 pc=000001f8 rtc=946684800 width=240 height=160 video_hash=fd9c83646c974a6e nonzero_pixels=19514 save_bytes=0
READ width=4 address=020022c4 value=00000bb8
READ width=4 address=020022ec value=00000000
READ width=4 address=020022f0 value=00000000
READ width=4 address=020022d4 value=00001a05
READ width=4 address=020022e0 value=00000017
READ width=4 address=020022e4 value=00000006
READ width=4 address=02002290 value=00000000
READ width=4 address=0200228c value=00000000
READ width=4 address=02002294 value=00000000
READ width=4 address=0200229c value=00000000
 
circuit-forfeited-BP-forfeit-read 0 RESULT frames=30 stop_matched=0 pc=000001f8 rtc=946684800 width=240 height=160 video_hash=fd9c83646c974a6e nonzero_pixels=19514 save_bytes=0
READ width=4 address=020022c4 value=00000000
READ width=4 address=020022ec value=00000000
READ width=4 address=020022f0 value=00000000
READ width=4 address=020022d4 value=00001a05
READ width=4 address=020022e0 value=00000017
READ width=4 address=020022e4 value=00000006
READ width=4 address=02002290 value=00000000
READ width=4 address=0200228c value=00000000
READ width=4 address=02002294 value=00000000
READ width=4 address=0200229c value=00000000
 
circuit-forfeited-total-forfeit-read 0 RESULT frames=30 stop_matched=0 pc=000001f8 rtc=946684800 width=240 height=160 video_hash=fd9c83646c974a6e nonzero_pixels=19514 save_bytes=0
READ width=4 address=020022c4 value=00000000
READ width=4 address=020022ec value=00000000
READ width=4 address=020022f0 value=00000000
READ width=4 address=020022d4 value=00001a05
READ width=4 address=020022e0 value=00000017
READ width=4 address=020022e4 value=00000006
READ width=4 address=02002290 value=00000000
READ width=4 address=0200228c value=00000000
READ width=4 address=02002294 value=00000000
READ width=4 address=0200229c value=00000000
 
circuit-forfeited-active-forfeit-read 0 RESULT frames=30 stop_matched=0 pc=000001f8 rtc=946684800 width=240 height=160 video_hash=fd9c83646c974a6e nonzero_pixels=19514 save_bytes=0
READ width=4 address=020022c4 value=00000000
READ width=4 address=020022ec value=00000000
READ width=4 address=020022f0 value=00000000
READ width=4 address=020022d4 value=00001a05
READ width=4 address=020022e0 value=00000017
READ width=4 address=020022e4 value=00000006
READ width=4 address=02002290 value=00000000
READ width=4 address=0200228c value=00000000
READ width=4 address=02002294 value=00000000
READ width=4 address=0200229c value=00000000
 
