route133-vial-decline 0 RESULT frames=5500 stop_matched=0 pc=000001f8 rtc=946684800 width=240 height=160 video_hash=d7231b7423ff6274 nonzero_pixels=38333 save_bytes=0
READ width=4 address=020022c4 value=00000002
READ width=4 address=020022ec value=00000000
READ width=4 address=020022f0 value=00000000
READ width=4 address=020022d4 value=00000030
READ width=4 address=020022e0 value=00000045
READ width=4 address=020022e4 value=00000006
 
query decline 2 16529 0 RESULT frames=30 stop_matched=0 pc=000001f8 rtc=946684800 width=240 height=160 video_hash=d9960ba8f2095b6b nonzero_pixels=38333 save_bytes=0
READ width=4 address=020022c4 value=00000000

query decline 1 1258 0 RESULT frames=30 stop_matched=0 pc=000001f8 rtc=946684800 width=240 height=160 video_hash=d9960ba8f2095b6b nonzero_pixels=38333 save_bytes=0
READ width=4 address=020022c4 value=00000000

query decline 3 11 0 RESULT frames=30 stop_matched=0 pc=000001f8 rtc=946684800 width=240 height=160 video_hash=d9960ba8f2095b6b nonzero_pixels=38333 save_bytes=0
READ width=4 address=020022c4 value=00000001

query decline 3 12 0 RESULT frames=30 stop_matched=0 pc=000001f8 rtc=946684800 width=240 height=160 video_hash=d9960ba8f2095b6b nonzero_pixels=38333 save_bytes=0
READ width=4 address=020022c4 value=00000001

route133-vial-accept 0 RESULT frames=5500 stop_matched=0 pc=000001f8 rtc=946684800 width=240 height=160 video_hash=c6d8d6eb9bd1a29f nonzero_pixels=38358 save_bytes=0
READ width=4 address=020022c4 value=00000003
READ width=4 address=020022ec value=00000000
READ width=4 address=020022f0 value=00000000
READ width=4 address=020022d4 value=00000030
READ width=4 address=020022e0 value=00000045
READ width=4 address=020022e4 value=00000006
 
query accept 2 16529 0 RESULT frames=30 stop_matched=0 pc=000001f8 rtc=946684800 width=240 height=160 video_hash=735ce70375be3a7b nonzero_pixels=38358 save_bytes=0
READ width=4 address=020022c4 value=00000003

query accept 1 1258 0 RESULT frames=30 stop_matched=0 pc=000001f8 rtc=946684800 width=240 height=160 video_hash=735ce70375be3a7b nonzero_pixels=38358 save_bytes=0
READ width=4 address=020022c4 value=00000001

query accept 3 11 0 RESULT frames=30 stop_matched=0 pc=000001f8 rtc=946684800 width=240 height=160 video_hash=735ce70375be3a7b nonzero_pixels=38358 save_bytes=0
READ width=4 address=020022c4 value=00000000

query accept 3 12 0 RESULT frames=30 stop_matched=0 pc=000001f8 rtc=946684800 width=240 height=160 video_hash=735ce70375be3a7b nonzero_pixels=38358 save_bytes=0
READ width=4 address=020022c4 value=00000000

