WALK NavelRock_Harbor (8, 3) to (8, 4) steps 1
navel-sailor-ready 0 RESULT frames=1548 stop_matched=0 pc=000001f8 rtc=946684800 width=240 height=160 video_hash=5cf6ed21bbe73320 nonzero_pixels=32601 save_bytes=0
READ width=4 address=020022c4 value=00000001
READ width=4 address=020022ec value=00000000
READ width=4 address=020022f0 value=00000000
READ width=4 address=020022d4 value=00001a43
READ width=4 address=020022e0 value=00000008
READ width=4 address=020022e4 value=00000004
READ width=4 address=02002290 value=00000001
READ width=4 address=0200228c value=00000001
READ width=4 address=02002294 value=000000f9
READ width=4 address=0200229c value=00000001
 
navel-sailor-decline 0 RESULT frames=4500 stop_matched=0 pc=000001f8 rtc=946684800 width=240 height=160 video_hash=f676ca07bffad774 nonzero_pixels=32601 save_bytes=0
READ width=4 address=020022c4 value=00000001
READ width=4 address=020022ec value=00000000
READ width=4 address=020022f0 value=00000000
READ width=4 address=020022d4 value=00001a43
READ width=4 address=020022e0 value=00000008
READ width=4 address=020022e4 value=00000004
READ width=4 address=02002290 value=00000001
READ width=4 address=0200228c value=00000001
READ width=4 address=02002294 value=000000f9
READ width=4 address=0200229c value=00000001
 
navel-sailor-accept 0 RESULT frames=5500 stop_matched=0 pc=000001f8 rtc=946684800 width=240 height=160 video_hash=67e95800a961667f nonzero_pixels=32571 save_bytes=0
READ width=4 address=020022c4 value=00000001
READ width=4 address=020022ec value=00000000
READ width=4 address=020022f0 value=00000000
READ width=4 address=020022d4 value=00000d0a
READ width=4 address=020022e0 value=00000008
READ width=4 address=020022e4 value=0000000b
READ width=4 address=02002290 value=00000001
READ width=4 address=0200228c value=00000001
READ width=4 address=02002294 value=000000f9
READ width=4 address=0200229c value=00000001
 
