170-second-entry-species0 0 RESULT frames=6819 stop_matched=1 pc=000001f8 rtc=946684800 width=240 height=160 video_hash=9b588640faeb4bec nonzero_pixels=37947 save_bytes=0
READ width=4 address=020022c4 value=0000004a
READ width=4 address=020022ec value=00000001
READ width=4 address=020022f0 value=00000001
READ width=4 address=02002290 value=00000001
READ width=4 address=020022d4 value=00000e0a
READ width=4 address=020022e0 value=00000002
READ width=4 address=020022e4 value=00000008
READ width=1 address=02033790 value=00000001
READ width=1 address=0203370c value=00000002
READ width=4 address=020000cc value=0040804d
 
170 0 RESULT frames=20000 stop_matched=0 pc=000001f8 rtc=946684800 width=240 height=160 video_hash=2217e3683a158b4a nonzero_pixels=16567 save_bytes=0
READ width=4 address=020022c4 value=00000003
READ width=4 address=020022ec value=00000000
READ width=4 address=020022f0 value=00000000
READ width=4 address=02002290 value=00000001
READ width=4 address=020022d4 value=00000e0a
READ width=4 address=020022e0 value=00000002
READ width=4 address=020022e4 value=00000008
READ width=1 address=02033790 value=00000002
READ width=1 address=0203370c value=00000001
READ width=4 address=020000cc value=0040804d
 
170-second-species1 0 RESULT frames=20000 stop_matched=0 pc=000001f8 rtc=946684800 width=240 height=160 video_hash=f103101233cd6911 nonzero_pixels=16536 save_bytes=0
READ width=4 address=020022c4 value=0000004a
READ width=4 address=020022ec value=00000000
READ width=4 address=020022f0 value=00000000
READ width=4 address=02002290 value=00000001
READ width=4 address=020022d4 value=00000e0a
READ width=4 address=020022e0 value=00000002
READ width=4 address=020022e4 value=00000008
READ width=1 address=02033790 value=00000002
READ width=1 address=0203370c value=00000002
READ width=4 address=020000cc value=0040804d
 
165-guard 0 RESULT frames=12000 stop_matched=0 pc=000001f8 rtc=946684800 width=240 height=160 video_hash=d69797f19bc67714 nonzero_pixels=21523 save_bytes=0
READ width=4 address=020022c4 value=00000001
READ width=4 address=020022ec value=00000000
READ width=4 address=020022f0 value=00000000
READ width=4 address=02002290 value=00000001
READ width=4 address=020022d4 value=00000e09
READ width=4 address=020022e0 value=0000000d
READ width=4 address=020022e4 value=00000003
READ width=1 address=02033790 value=00000002
READ width=1 address=0203370c value=00000000
READ width=4 address=020000cc value=0000000d
READ width=4 address=020022cc value=0000000e
READ width=4 address=020022d0 value=00000002
 
168 0 RESULT frames=20000 stop_matched=0 pc=000001f8 rtc=946684800 width=240 height=160 video_hash=97590ed51e6be694 nonzero_pixels=18940 save_bytes=0
READ width=4 address=020022c4 value=00000002
READ width=4 address=020022ec value=00000000
READ width=4 address=020022f0 value=00000000
READ width=4 address=02002290 value=00000003
READ width=4 address=020022d4 value=00000e0a
READ width=4 address=020022e0 value=0000000d
READ width=4 address=020022e4 value=00000002
READ width=1 address=02033790 value=00000002
READ width=1 address=0203370c value=00000000
READ width=4 address=020000cc value=0000000d
 
166-guard 0 RESULT frames=12000 stop_matched=0 pc=000001f8 rtc=946684800 width=240 height=160 video_hash=e49173a4bc930ccf nonzero_pixels=21507 save_bytes=0
READ width=4 address=020022c4 value=00000001
READ width=4 address=020022ec value=00000000
READ width=4 address=020022f0 value=00000000
READ width=4 address=02002290 value=00000000
READ width=4 address=020022d4 value=00000e09
READ width=4 address=020022e0 value=0000000d
READ width=4 address=020022e4 value=00000003
READ width=1 address=02033790 value=00000002
READ width=1 address=0203370c value=00000000
READ width=4 address=020000cc value=00000000
READ width=4 address=020022cc value=0000000e
READ width=4 address=020022d0 value=00000002
 
