WALK ArtisanCave_B1F (16, 10) to (8, 5) steps 71
artisan-big-pearl-final-approach 0 RESULT frames=4908 stop_matched=0 pc=000001f8 rtc=946684800 width=240 height=160 video_hash=b918c03a8536589e nonzero_pixels=38358 save_bytes=0
READ width=4 address=020022c4 value=00000001
READ width=4 address=020022ec value=00000000
READ width=4 address=020022f0 value=00000000
READ width=4 address=020022d4 value=00001863
READ width=4 address=020022e0 value=00000008
READ width=4 address=020022e4 value=00000005
READ width=4 address=02002290 value=00000002
READ width=4 address=0200228c value=00000000
READ width=4 address=02002294 value=00000000
READ width=4 address=0200229c value=00000000
 
artisan-big-pearl-final-before 0 RESULT frames=100 stop_matched=0 pc=000001f8 rtc=946684800 width=240 height=160 video_hash=b918c03a8536589e nonzero_pixels=38358 save_bytes=0
READ width=4 address=020022c4 value=00000000
READ width=4 address=020022ec value=00000000
READ width=4 address=020022f0 value=00000000
READ width=4 address=020022d4 value=00001863
READ width=4 address=020022e0 value=00000008
READ width=4 address=020022e4 value=00000005
READ width=4 address=02002290 value=00000002
READ width=4 address=0200228c value=00000000
READ width=4 address=02002294 value=00000000
READ width=4 address=0200229c value=00000000
 
artisan-big-pearl-final 0 RESULT frames=3000 stop_matched=0 pc=000001f8 rtc=946684800 width=240 height=160 video_hash=b918c03a8536589e nonzero_pixels=38358 save_bytes=0
READ width=4 address=020022c4 value=00000001
READ width=4 address=020022ec value=00000000
READ width=4 address=020022f0 value=00000000
READ width=4 address=020022d4 value=00001863
READ width=4 address=020022e0 value=00000008
READ width=4 address=020022e4 value=00000005
READ width=4 address=02002290 value=00000002
READ width=4 address=0200228c value=00000000
READ width=4 address=02002294 value=00000000
READ width=4 address=0200229c value=00000000
 
artisan-big-pearl-final-repeat 0 RESULT frames=2300 stop_matched=0 pc=000001f8 rtc=946684800 width=240 height=160 video_hash=b918c03a8536589e nonzero_pixels=38358 save_bytes=0
READ width=4 address=020022c4 value=00000001
READ width=4 address=020022ec value=00000000
READ width=4 address=020022f0 value=00000000
READ width=4 address=020022d4 value=00001863
READ width=4 address=020022e0 value=00000008
READ width=4 address=020022e4 value=00000005
READ width=4 address=02002290 value=00000002
READ width=4 address=0200228c value=00000000
READ width=4 address=02002294 value=00000000
READ width=4 address=0200229c value=00000000
 
WALK ArtisanCave_B1F (8, 5) to (27, 9) steps 61
artisan-star-piece-final-approach 0 RESULT frames=4428 stop_matched=0 pc=000001f8 rtc=946684800 width=240 height=160 video_hash=2e1274097917be45 nonzero_pixels=38343 save_bytes=0
READ width=4 address=020022c4 value=00000001
READ width=4 address=020022ec value=00000000
READ width=4 address=020022f0 value=00000000
READ width=4 address=020022d4 value=00001863
READ width=4 address=020022e0 value=0000001b
READ width=4 address=020022e4 value=00000009
READ width=4 address=02002290 value=00000002
READ width=4 address=0200228c value=00000000
READ width=4 address=02002294 value=00000000
READ width=4 address=0200229c value=00000000
 
artisan-star-piece-final-before 0 RESULT frames=100 stop_matched=0 pc=000001f8 rtc=946684800 width=240 height=160 video_hash=2e1274097917be45 nonzero_pixels=38343 save_bytes=0
READ width=4 address=020022c4 value=00000000
READ width=4 address=020022ec value=00000000
READ width=4 address=020022f0 value=00000000
READ width=4 address=020022d4 value=00001863
READ width=4 address=020022e0 value=0000001b
READ width=4 address=020022e4 value=00000009
READ width=4 address=02002290 value=00000002
READ width=4 address=0200228c value=00000000
READ width=4 address=02002294 value=00000000
READ width=4 address=0200229c value=00000000
 
artisan-star-piece-final 0 RESULT frames=3000 stop_matched=0 pc=000001f8 rtc=946684800 width=240 height=160 video_hash=2e1274097917be45 nonzero_pixels=38343 save_bytes=0
READ width=4 address=020022c4 value=00000001
READ width=4 address=020022ec value=00000000
READ width=4 address=020022f0 value=00000000
READ width=4 address=020022d4 value=00001863
READ width=4 address=020022e0 value=0000001b
READ width=4 address=020022e4 value=00000009
READ width=4 address=02002290 value=00000002
READ width=4 address=0200228c value=00000000
READ width=4 address=02002294 value=00000000
READ width=4 address=0200229c value=00000000
 
artisan-star-piece-final-repeat 0 RESULT frames=2300 stop_matched=0 pc=000001f8 rtc=946684800 width=240 height=160 video_hash=2e1274097917be45 nonzero_pixels=38343 save_bytes=0
READ width=4 address=020022c4 value=00000001
READ width=4 address=020022ec value=00000000
READ width=4 address=020022f0 value=00000000
READ width=4 address=020022d4 value=00001863
READ width=4 address=020022e0 value=0000001b
READ width=4 address=020022e4 value=00000009
READ width=4 address=02002290 value=00000002
READ width=4 address=0200228c value=00000000
READ width=4 address=02002294 value=00000000
READ width=4 address=0200229c value=00000000
 
WALK ArtisanCave_B1F (27, 9) to (38, 5) steps 27
artisan-upstairs-final 0 RESULT frames=2796 stop_matched=0 pc=000001f8 rtc=946684800 width=240 height=160 video_hash=62b8e8c468f90e0d nonzero_pixels=38327 save_bytes=0
READ width=4 address=020022c4 value=00000001
READ width=4 address=020022ec value=00000000
READ width=4 address=020022f0 value=00000000
READ width=4 address=020022d4 value=00001864
READ width=4 address=020022e0 value=00000006
READ width=4 address=020022e4 value=00000005
READ width=4 address=02002290 value=00000002
READ width=4 address=0200228c value=00000000
READ width=4 address=02002294 value=00000000
READ width=4 address=0200229c value=00000000
 
WALK ArtisanCave_1F (6, 5) to (14, 6) steps 27
artisan-big-nugget-final-approach 0 RESULT frames=2796 stop_matched=0 pc=000001f8 rtc=946684800 width=240 height=160 video_hash=58145d0c844449f6 nonzero_pixels=38333 save_bytes=0
READ width=4 address=020022c4 value=00000001
READ width=4 address=020022ec value=00000000
READ width=4 address=020022f0 value=00000000
READ width=4 address=020022d4 value=00001864
READ width=4 address=020022e0 value=0000000e
READ width=4 address=020022e4 value=00000006
READ width=4 address=02002290 value=00000002
READ width=4 address=0200228c value=00000000
READ width=4 address=02002294 value=00000000
READ width=4 address=0200229c value=00000000
 
artisan-big-nugget-final-before 0 RESULT frames=100 stop_matched=0 pc=000001f8 rtc=946684800 width=240 height=160 video_hash=58145d0c844449f6 nonzero_pixels=38333 save_bytes=0
READ width=4 address=020022c4 value=00000000
READ width=4 address=020022ec value=00000000
READ width=4 address=020022f0 value=00000000
READ width=4 address=020022d4 value=00001864
READ width=4 address=020022e0 value=0000000e
READ width=4 address=020022e4 value=00000006
READ width=4 address=02002290 value=00000002
READ width=4 address=0200228c value=00000000
READ width=4 address=02002294 value=00000000
READ width=4 address=0200229c value=00000000
 
artisan-big-nugget-final 0 RESULT frames=3000 stop_matched=0 pc=000001f8 rtc=946684800 width=240 height=160 video_hash=c64aef504ecac7df nonzero_pixels=38343 save_bytes=0
READ width=4 address=020022c4 value=00000001
READ width=4 address=020022ec value=00000000
READ width=4 address=020022f0 value=00000000
READ width=4 address=020022d4 value=00001864
READ width=4 address=020022e0 value=0000000e
READ width=4 address=020022e4 value=00000006
READ width=4 address=02002290 value=00000002
READ width=4 address=0200228c value=00000000
READ width=4 address=02002294 value=00000000
READ width=4 address=0200229c value=00000000
 
artisan-big-nugget-final-repeat 0 RESULT frames=2300 stop_matched=0 pc=000001f8 rtc=946684800 width=240 height=160 video_hash=c64aef504ecac7df nonzero_pixels=38343 save_bytes=0
READ width=4 address=020022c4 value=00000001
READ width=4 address=020022ec value=00000000
READ width=4 address=020022f0 value=00000000
READ width=4 address=020022d4 value=00001864
READ width=4 address=020022e0 value=0000000e
READ width=4 address=020022e4 value=00000006
READ width=4 address=02002290 value=00000002
READ width=4 address=0200228c value=00000000
READ width=4 address=02002294 value=00000000
READ width=4 address=0200229c value=00000000
 
WALK ArtisanCave_1F (14, 6) to (10, 17) steps 15
artisan-east-exit-final 0 RESULT frames=2220 stop_matched=0 pc=000001f8 rtc=946684800 width=240 height=160 video_hash=56bfd350d56f6e7f nonzero_pixels=38315 save_bytes=0
READ width=4 address=020022c4 value=00000001
READ width=4 address=020022ec value=00000000
READ width=4 address=020022f0 value=00000000
READ width=4 address=020022d4 value=00001864
READ width=4 address=020022e0 value=0000000a
READ width=4 address=020022e4 value=00000011
READ width=4 address=02002290 value=00000002
READ width=4 address=0200228c value=00000000
READ width=4 address=02002294 value=00000000
READ width=4 address=0200229c value=00000000
 
artisan-east-exit-final-cross 0 RESULT frames=1500 stop_matched=0 pc=000001f8 rtc=946684800 width=240 height=160 video_hash=c40436fffa50cadc nonzero_pixels=38351 save_bytes=0
READ width=4 address=020022c4 value=00000001
READ width=4 address=020022ec value=00000000
READ width=4 address=020022f0 value=00000000
READ width=4 address=020022d4 value=00001a0e
READ width=4 address=020022e0 value=0000001c
READ width=4 address=020022e4 value=00000008
READ width=4 address=02002290 value=00000002
READ width=4 address=0200228c value=00000000
READ width=4 address=02002294 value=00000000
READ width=4 address=0200229c value=00000000
 
FINAL artisan-east-exit-final-cross [6670, 28, 8]
