92 normal FLAG_RECEIVED_DEVON_SCOPE 0 RESULT frames=12000 stop_matched=0 pc=000001f8 rtc=946684800 width=240 height=160 video_hash=5275766d49c5b09d nonzero_pixels=38352 save_bytes=0
READ width=4 address=0200224c value=00000001
READ width=4 address=02002274 value=00000000
READ width=4 address=02002278 value=00000000
READ width=4 address=0200225c value=00000023
READ width=4 address=02002268 value=0000000d
READ width=4 address=0200226c value=00000010
READ width=4 address=0200227c value=00000001
 
93 normal FLAG_RECEIVED_DEVON_SCOPE 0 RESULT frames=12000 stop_matched=0 pc=000001f8 rtc=946684800 width=240 height=160 video_hash=5275766d49c5b09d nonzero_pixels=38352 save_bytes=0
READ width=4 address=0200224c value=00000001
READ width=4 address=02002274 value=00000000
READ width=4 address=02002278 value=00000000
READ width=4 address=0200225c value=00000023
READ width=4 address=02002268 value=0000000d
READ width=4 address=0200226c value=00000010
READ width=4 address=0200227c value=00000001
 
94 normal FLAG_RECEIVED_DEVON_SCOPE 0 RESULT frames=12000 stop_matched=0 pc=000001f8 rtc=946684800 width=240 height=160 video_hash=9c52b0735d97691d nonzero_pixels=38352 save_bytes=0
READ width=4 address=0200224c value=00000000
READ width=4 address=02002274 value=00000000
READ width=4 address=02002278 value=00000000
READ width=4 address=0200225c value=00000023
READ width=4 address=02002268 value=0000000d
READ width=4 address=0200226c value=00000010
READ width=4 address=0200227c value=00000001
 
95 normal FLAG_RECEIVED_DEVON_SCOPE 0 RESULT frames=12000 stop_matched=0 pc=000001f8 rtc=946684800 width=240 height=160 video_hash=9c52b0735d97691d nonzero_pixels=38352 save_bytes=0
READ width=4 address=0200224c value=00000000
READ width=4 address=02002274 value=00000000
READ width=4 address=02002278 value=00000000
READ width=4 address=0200225c value=00000023
READ width=4 address=02002268 value=0000000d
READ width=4 address=0200226c value=00000010
READ width=4 address=0200227c value=00000001
 
96 normal FLAG_BADGE06_GET 0 RESULT frames=12000 stop_matched=0 pc=000001f8 rtc=946684800 width=240 height=160 video_hash=2c7029f6fe3102a4 nonzero_pixels=25539 save_bytes=0
READ width=4 address=0200224c value=00000001
READ width=4 address=02002274 value=00000000
READ width=4 address=02002278 value=00000000
READ width=4 address=0200225c value=00000c01
READ width=4 address=02002268 value=0000000f
READ width=4 address=0200226c value=00000003
READ width=4 address=0200227c value=00000001
 
98 normal FLAG_KECLEON_FLED_FORTREE 0 RESULT frames=12000 stop_matched=0 pc=000001f8 rtc=946684800 width=240 height=160 video_hash=f97b37ee160e3103 nonzero_pixels=38327 save_bytes=0
READ width=4 address=0200224c value=00000001
READ width=4 address=02002274 value=00000000
READ width=4 address=02002278 value=00000000
READ width=4 address=0200225c value=00000004
READ width=4 address=02002268 value=00000019
READ width=4 address=0200226c value=00000009
READ width=4 address=0200227c value=00000000
 
99 normal FLAG_WINGULL_SENT_ON_ERRAND 0 RESULT frames=12000 stop_matched=0 pc=000001f8 rtc=946684800 width=240 height=160 video_hash=d70322a602584a6a nonzero_pixels=11980 save_bytes=0
READ width=4 address=0200224c value=00000001
READ width=4 address=02002274 value=00000000
READ width=4 address=02002278 value=00000000
READ width=4 address=0200225c value=00000c07
READ width=4 address=02002268 value=00000001
READ width=4 address=0200226c value=00000004
READ width=4 address=0200227c value=00000000
 
100 normal FLAG_HIDE_ROUTE_120_STEVEN 0 RESULT frames=12000 stop_matched=0 pc=000001f8 rtc=946684800 width=240 height=160 video_hash=7b2d166c2d3f0055 nonzero_pixels=38398 save_bytes=0
READ width=4 address=0200224c value=00000001
READ width=4 address=02002274 value=00000000
READ width=4 address=02002278 value=00000000
READ width=4 address=0200225c value=00000023
READ width=4 address=02002268 value=0000000e
READ width=4 address=0200226c value=0000000f
READ width=4 address=0200227c value=00000000
 
