blocks 244 lines 952 over200 25
{"file": "data/maps/SlateportCity/scripts.inc", "label": "SlateportCity_Text_CatchingGuruSellWhatYouNeed", "width": 203, "text": "The right BALL can turn a rare sighting"}
{"file": "data/maps/SlateportCity/scripts.inc", "label": "SlateportCity_Text_WonderIfLighthouseStartlesPokemon", "width": 202, "text": "I wonder if it doesn't startle POKéMON"}
{"file": "data/maps/SlateportCity/scripts.inc", "label": "SlateportCity_Text_VisitedMuseumOften", "width": 203, "text": "I used to dream about the mysteries of"}
{"file": "data/maps/SlateportCity/scripts.inc", "label": "SlateportCity_Text_RemindsMeOfLongLineForGames", "width": 204, "text": "It reminds me of the times I lined up to"}
{"file": "data/maps/SlateportCity/scripts.inc", "label": "SlateportCity_Text_ShouldveBroughtMyGameBoy", "width": 210, "text": "Advance so I wouldn't get bored in line…"}
{"file": "data/maps/SlateportCity/scripts.inc", "label": "SlateportCity_Text_OhPlayerWeMadeDiscovery", "width": 201, "text": "We think it's the habitat of a POKéMON"}
{"file": "data/maps/SlateportCity/scripts.inc", "label": "SlateportCity_Text_OhPlayerWeMadeDiscovery", "width": 201, "text": "that's said to have been long extinct."}
{"file": "data/maps/SlateportCity/scripts.inc", "label": "SlateportCity_Text_ExplainBerryPowder", "width": 203, "text": "POKéMON CENTERS for crushing BERRIES."}
{"file": "data/maps/SlateportCity_BattleTentCorridor/scripts.inc", "label": "SlateportCity_ContestHall_Text_RewardWithSageAdvice", "width": 203, "text": "Oh, hi! You must be a serious fan to get"}
{"file": "data/maps/SlateportCity_Harbor/scripts.inc", "label": "SlateportCity_Harbor_Text_AbnormalWeather", "width": 204, "text": "Speaking of weather, I heard something"}
{"file": "data/maps/SlateportCity_Harbor/scripts.inc", "label": "SlateportCity_Harbor_Text_AbnormalWeather", "width": 207, "text": "You should visit the WEATHER INSTITUTE"}
{"file": "data/maps/SlateportCity_Harbor/scripts.inc", "label": "SlateportCity_Harbor_Text_CaptSternWhyStealMySubmarine", "width": 202, "text": "ARCHIE named LILYCOVE. Reach the city"}
{"file": "data/maps/SlateportCity_Mart/scripts.inc", "label": "SlateportCity_Mart_Text_GreatBallIsBetter", "width": 207, "text": "A GREAT BALL is better than a POKé BALL"}
{"file": "data/maps/SlateportCity_OceanicMuseum_1F/scripts.inc", "label": "SlateportCity_OceanicMuseum_1F_Text_WaterfallExperiment", "width": 201, "text": "WATERFALL using the ball's buoyancy.”"}
{"file": "data/maps/SlateportCity_OceanicMuseum_2F/scripts.inc", "label": "SlateportCity_OceanicMuseum_2F_Text_WellTakeThoseParts", "width": 204, "text": "Hold it. Those parts map pressure below"}
{"file": "data/maps/SlateportCity_OceanicMuseum_2F/scripts.inc", "label": "SlateportCity_OceanicMuseum_2F_Text_WereTeamAqua", "width": 204, "text": "We're TEAM AQUA! Those parts belong to"}
{"file": "data/maps/SlateportCity_OceanicMuseum_2F/scripts.inc", "label": "SlateportCity_OceanicMuseum_2F_Text_ArchieDefeated", "width": 203, "text": "We'll find that current with or without"}
{"file": "data/maps/SlateportCity_OceanicMuseum_2F/scripts.inc", "label": "SlateportCity_OceanicMuseum_2F_Text_PressureExperiment", "width": 203, "text": "“In the sea, the weight of water itself"}
{"file": "data/maps/SlateportCity_OceanicMuseum_2F/scripts.inc", "label": "SlateportCity_OceanicMuseum_2F_Text_DeepSeawaterDisplay", "width": 203, "text": "It's a display on the flow of seawater."}
{"file": "data/maps/SlateportCity_OceanicMuseum_2F/scripts.inc", "label": "SlateportCity_OceanicMuseum_2F_Text_SurfaceSeawaterDisplay", "width": 203, "text": "It's a display on the flow of seawater."}
{"file": "data/maps/SlateportCity_PokemonFanClub/scripts.inc", "label": "SlateportCity_PokemonFanClub_Text_MeetChairman", "width": 202, "text": "They're events where one can show off"}
{"file": "data/maps/SlateportCity_PokemonFanClub/scripts.inc", "label": "SlateportCity_PokemonFanClub_Text_MeetChairman", "width": 206, "text": "However, they're held in far-off towns,"}
{"file": "data/maps/SlateportCity_SternsShipyard_1F/scripts.inc", "label": "SlateportCity_SternsShipyard_1F_Text_CantMakeHeadsOrTails", "width": 211, "text": "So why won't these measurements agree?"}
{"file": "data/maps/SlateportCity_SternsShipyard_1F/scripts.inc", "label": "SlateportCity_SternsShipyard_1F_Text_MeetDockDeliverToStern", "width": 203, "text": "CAPT. STERN asked me to design a ferry."}
{"file": "data/maps/SlateportCity_SternsShipyard_1F/scripts.inc", "label": "SlateportCity_SternsShipyard_1F_Text_CouldUseAdviceFromVeteran", "width": 208, "text": "I really could use advice from a veteran"}
