tools/patchelf/patchelf pokeemerald-test-headless.elf gTestRunnerHeadless '\x01' gTestRunnerSkipIsFail "\x00"
tools/mgba-rom-test-hydra/mgba-rom-test-hydra tools/mgba/mgba-rom-test-mac arm-none-eabi-objcopy pokeemerald-test-headless.elf
Hydra workers: 4
[1] EC expert pair: Glare enables a partner KO but not through a paralysis cure: [32mPASS[0m
[2] EC expert pair: Feint opens partner damage through Protect but not immunity: [32mPASS[0m
[0] EC expert pair: secondary paralysis earns probabilistic partner order with a Cloak control: [32mPASS[0m
[3] EC expert pair: Knock Off timing removes only the later offensive item boost: [32mPASS[0m
[2] EC expert pair: timely primary Charm protects its user 1/1: [31mFAIL[0m
test/battle/ai/ai_doubles.c:2607: Expected target playerLeft, got playerRight
[1] EC expert pair: preserve the Plus Minus partner before taking a boosted knockout: [32mPASS[0m
[1] EC expert pair: non-Flying priority Roost recovers under continued pressure: [32mPASS[0m
[3] EC expert pair: reciprocal Helping Hand secures its concrete partner's spread KOs: [32mPASS[0m
[0] EC expert pair: Nuzzle speed control distinguishes primary and secondary immunity: [32mPASS[0m
[3] EC expert pair: Motor Drive activation earns its same-turn speed crossing: [32mPASS[0m
[1] EC expert pair: Trick Room never cancels itself and is reset after expiry: [32mPASS[0m
[2] EC expert pair: candidate evaluation restores board caches field and RNG: [32mPASS[0m
[3] EC expert pair: Coaching values the partner attack and physical survival: [32mPASS[0m
[1] EC expert pair: Klutz transfers Flame Orb to a vulnerable physical attacker: [32mPASS[0m
[0] EC expert pair: reciprocal Justified activation preserves the recipient's attack: [32mPASS[0m
[2] EC expert pair: Acid Spray enables only a later unblocked special attack: [32mPASS[0m
[3] EC expert pair: Follow Me protects the Trick Room setter: [32mPASS[0m
[1] EC expert pair: Helping Hand requires a damaging partner action: [32mPASS[0m
[0] EC expert pair: partner healing preserves the slower winning attack: [32mPASS[0m
[3] EC expert pair: timing probe with full parties and legal Mega reserves: [32mPASS[0m
full-party paired decision selected=1 frames=30
[2] EC expert pair: Perish countdown survives and simultaneous deadlines choose distinct escapes: [32mPASS[0m
[1] EC expert pair: beneficial weather is established once: [32mPASS[0m
[0] EC expert pair: damage-based recoil distinguishes unsafe and surviving attacks: [32mPASS[0m
[3] EC expert pair: candidate Trace copies deterministic abilities and restores state: [32mPASS[0m
[3] EC expert pair: recoil can trigger Gluttony healing unless Unnerve blocks it 1/3: [31mFAIL[0m
test/battle/ai/ai_doubles.c:303: Unmatched EXPECT_MOVE Protect, got Double-Edge
[1] EC expert pair: Cotton Guard earns only timely physical mitigation: [32mPASS[0m
[3] EC expert pair: Sleep Powder denial respects native accuracy Grass and Goggles 2/3: [31mFAIL[0m
test/battle/ai/ai_doubles.c:216: Unmatched EXPECT_MOVE Protect, got Sleep Powder
[2] EC expert pair: Wish survives modest pressure and pays at the next end turn: [32mPASS[0m
[1] EC expert pair: HP-powered damage follows public faster chip: [32mPASS[0m
[1] EC expert pair: Quiver Dance mitigates only later special attacks: [32mPASS[0m
[0] EC expert pair: offensive drops protect a slower partner only when timely and unblocked: [32mPASS[0m
[3] EC expert pair: personality flags preserve an accurate guaranteed KO: [32mPASS[0m
[0] EC expert pair: Rock Tomb earns a partner crossing unless Cloak blocks it: [32mPASS[0m
[2] EC expert pair: Life Orb costs a hit and stolen Sitrus heals before recoil: [32mPASS[0m
[1] EC expert pair: prevent a priority hit from activating Defeatist before attack: [32mPASS[0m
[1] EC Perish policy: fresh trapped targets, escape timing and immunity guards: [32mPASS[0m
[2] EC expert pair: Iron Defense mitigates only later physical attacks: [32mPASS[0m
[3] EC authored strategy: Tabitha activation requires survival and a useful boost: [32mPASS[0m
[1] EC authored strategy: Parker preserves a nonimmune reserve beside Earthquake: [32mPASS[0m
[2] EC expert pair: Stamina changes the followup after partner chip: [32mPASS[0m
[1] EC authored strategy: Connie's mutual Surf activates Storm Drain: [32mPASS[0m
[0] EC authored strategy: Maura escapes her countdown while retaining the trap: [32mPASS[0m
[2] EC authored strategy: Parker repeats Earthquake safely through Telepathy: [32mPASS[0m
[1] EC live review E0001 Finish: actual Taillow takes the last available KO: [32mPASS[0m
AI decision turn=1 actor=0 move=Psychic target=3
AI decision turn=1 actor=1 move=Giga Drain target=0
AI decision turn=1 actor=3 move=Quick Attack target=0
E1 Finish poisoned=0 executed=Quick Attack playerHP=0 TaillowHP=35 status=0 speeds=40/39
AI decision turn=1 actor=0 move=Psychic target=3
AI decision turn=1 actor=1 move=Giga Drain target=0
AI decision turn=1 actor=3 move=Quick Attack target=0
E1 Finish poisoned=1 executed=Quick Attack playerHP=0 TaillowHP=35 status=128 speeds=40/39
[2] EC authored strategy: Flannery advances Eruption before opposing Rock Slide: [32mPASS[0m
[1] EC live review E0001: actual reserves respect Grass and Magic Bounce: [32mPASS[0m
AI decision turn=1 actor=0 move=Bullet Seed target=1
AI decision turn=1 actor=1 move=Protect target=1
AI decision turn=1 actor=2 move=Psychic target=1
AI decision turn=1 actor=3 move=Protect target=3
AI decision turn=2 actor=1 move=Giga Drain target=2
AI decision turn=2 actor=3 move=Quick Attack target=2
E1 reserves indices=2/3 executed=Protect/Protect HP=47/35 TaillowStatus=128
[1] EC live review E0001: pressure follow-through after opening guards: [32mPASS[0m
AI decision turn=1 actor=0 move=Drain Punch target=1
AI decision turn=1 actor=1 move=Protect target=1
AI decision turn=1 actor=2 move=Drain Punch target=3
AI decision turn=1 actor=3 move=Thunderbolt target=2
AI decision turn=2 actor=0 move=Drain Punch target=1
AI decision turn=2 actor=1 move=Seed Bomb target=0
AI decision turn=2 actor=2 move=Drain Punch target=3
AI decision turn=2 actor=3 move=Thunderbolt target=2
AI decision turn=3 actor=1 move=Seed Bomb target=0
AI decision turn=3 actor=3 move=Electroweb target=0
E1 pressure follow-through sash=0 turns=2 lastExecuted=Seed Bomb/Thunderbolt partyHP=10/34 foesHP=25/0 guardCounters=1/0
AI decision turn=1 actor=0 move=Drain Punch target=1
AI decision turn=1 actor=1 move=Protect target=1
AI decision turn=1 actor=2 move=Drain Punch target=3
AI decision turn=1 actor=3 move=Thunderbolt target=2
AI decision turn=2 actor=0 move=Drain Punch target=1
AI decision turn=2 actor=1 move=Seed Bomb target=2
AI decision turn=2 actor=2 move=Drain Punch target=3
AI decision turn=2 actor=3 move=Electroweb target=0
AI decision turn=3 actor=1 move=Seed Bomb target=0
AI decision turn=3 actor=3 move=Thunderbolt target=0
E1 pressure follow-through sash=1 turns=2 lastExecuted=Seed Bomb/Electroweb partyHP=10/34 foesHP=25/0 guardCounters=1/0
[1] EC battle plans: compiled directives follow trainer ownership and exclude other battle namespaces: [32mPASS[0m
[0] EC live review E0001 timing: complete cold decision with six-player party: [32mPASS[0m
AI decision turn=1 actor=0 move=Protect target=0
AI decision turn=1 actor=1 move=Protect target=1
AI decision turn=1 actor=2 move=Protect target=2
AI decision turn=1 actor=3 move=Fake Out target=2
AI decision turn=2 actor=1 move=Seed Bomb target=0
AI decision turn=2 actor=3 move=Electroweb target=0
E1_COMPLETE_TIMING trainer=520 setupFrames=6 decisionFrames=41 completeFrames=47 warmFrames=40 first=3 moves=Seed Bomb/Electroweb
AI decision turn=1 actor=0 move=Protect target=0
AI decision turn=1 actor=1 move=Protect target=1
AI decision turn=1 actor=2 move=Protect target=2
AI decision turn=1 actor=3 move=Fake Out target=2
AI decision turn=2 actor=1 move=Liquidation target=2
AI decision turn=2 actor=3 move=Electroweb target=0
E1_COMPLETE_TIMING trainer=526 setupFrames=7 decisionFrames=47 completeFrames=54 warmFrames=47 first=3 moves=Liquidation/Electroweb
AI decision turn=1 actor=0 move=Protect target=0
AI decision turn=1 actor=1 move=Protect target=1
AI decision turn=1 actor=2 move=Protect target=2
AI decision turn=1 actor=3 move=Fake Out target=2
AI decision turn=2 actor=1 move=Heat Wave target=0
AI decision turn=2 actor=3 move=Thunderbolt target=0
E1_COMPLETE_TIMING trainer=523 setupFrames=6 decisionFrames=46 completeFrames=52 warmFrames=46 first=3 moves=Heat Wave/Thunderbolt
[3] EC live review E0001: actual Hoenn rival opening decisions: [32mPASS[0m
AI decision turn=1 actor=0 move=Liquidation target=1
AI decision turn=1 actor=1 move=Seed Bomb target=0
AI decision turn=1 actor=2 move=Flamethrower target=1
AI decision turn=1 actor=3 move=Thunderbolt target=0
AI switch turn=1 actor=1 party=3
AI decision turn=2 actor=1 move=Protect target=1
AI decision turn=2 actor=3 move=Protect target=3
E1 trainer=520 disruption=0 completedTurns=1 left=Taillow lastExecuted=- hp=35/35 right=Pikachu lastExecuted=Thunderbolt hp=34/34 playerHP=0/51 versus 41/41 levels=14/14/12/12
AI decision turn=1 actor=0 move=Bullet Seed target=1
AI decision turn=1 actor=1 move=Liquidation target=2
AI decision turn=1 actor=2 move=Flamethrower target=1
AI decision turn=1 actor=3 move=Fake Out target=0
AI decision turn=2 actor=1 move=Protect target=1
AI decision turn=2 actor=3 move=Protect target=3
E1 trainer=526 disruption=0 completedTurns=1 left=Mudkip lastExecuted=Liquidation hp=17/37 right=Pikachu lastExecuted=Fake Out hp=34/34 playerHP=39/48 versus 20/41 levels=14/14/12/12
AI decision turn=1 actor=0 move=Bullet Seed target=1
AI decision turn=1 actor=1 move=Flamethrower target=0
AI decision turn=1 actor=2 move=Liquidation target=1
AI decision turn=1 actor=3 move=Fake Out target=2
AI decision turn=2 actor=1 move=Protect target=1
AI decision turn=2 actor=3 move=Protect target=3
E1 trainer=523 disruption=0 completedTurns=1 left=Torchic lastExecuted=Flamethrower hp=33/36 right=Pikachu lastExecuted=Fake Out hp=34/34 playerHP=0/48 versus 46/51 levels=14/14/12/12
AI decision turn=1 actor=0 move=Liquidation target=1
AI decision turn=1 actor=1 move=Seed Bomb target=0
AI decision turn=1 actor=2 move=Will-O-Wisp target=1
AI decision turn=1 actor=3 move=Thunderbolt target=0
AI decision turn=2 actor=1 move=Protect target=1
AI decision turn=2 actor=3 move=Protect target=3
E1 trainer=529 disruption=1 completedTurns=1 left=Treecko lastExecuted=Seed Bomb hp=33/35 right=Pikachu lastExecuted=Thunderbolt hp=34/34 playerHP=0/51 versus 41/41 levels=14/14/12/12
AI decision turn=1 actor=0 move=Bullet Seed target=1
AI decision turn=1 actor=1 move=Liquidation target=2
AI decision turn=1 actor=2 move=Will-O-Wisp target=1
AI decision turn=1 actor=3 move=Fake Out target=0
AI decision turn=2 actor=1 move=Protect target=1
AI decision turn=2 actor=3 move=Protect target=3
E1 trainer=535 disruption=1 completedTurns=1 left=Mudkip lastExecuted=Liquidation hp=32/37 right=Pikachu lastExecuted=Fake Out hp=34/34 playerHP=39/48 versus 20/41 levels=14/14/12/12
AI decision turn=1 actor=0 move=Bullet Seed target=1
AI decision turn=1 actor=1 move=Flamethrower target=0
AI decision turn=1 actor=2 move=Wide Guard target=2
AI decision turn=1 actor=3 move=Fake Out target=2
AI decision turn=2 actor=1 move=Protect target=1
AI decision turn=2 actor=3 move=Protect target=3
E1 trainer=532 disruption=1 completedTurns=1 left=Torchic lastExecuted=Flamethrower hp=33/36 right=Pikachu lastExecuted=Fake Out hp=34/34 playerHP=0/48 versus 46/51 levels=14/14/12/12
[1] EC expert pair: two eligible partners commit only one Mega for their owner: [32mPASS[0m
[0] EC live review E0001: native counterfactual sash pressure lines: [32mPASS[0m
AI decision turn=1 actor=0 move=Drain Punch target=1
AI decision turn=1 actor=1 move=Protect target=1
AI decision turn=1 actor=2 move=Drain Punch target=3
AI decision turn=1 actor=3 move=Thunderbolt target=0
E1 counterfactual web=0 TreeckoPartyHP=35 PikaPartyHP=3 foesHP=7/41 foeSpeedStages=6/6 leftSpecies=Treecko
AI decision turn=1 actor=0 move=Drain Punch target=1
AI decision turn=1 actor=1 move=Seed Bomb target=0
AI decision turn=1 actor=2 move=Drain Punch target=3
AI decision turn=1 actor=3 move=Electroweb target=0
E1 counterfactual web=1 TreeckoPartyHP=10 PikaPartyHP=3 foesHP=25/40 foeSpeedStages=5/5 leftSpecies=Treecko
[0] EC live review E0001: actual Treecko pair against faster Inner Focus pressure: [32mPASS[0m
AI decision turn=1 actor=0 move=Drain Punch target=1
AI decision turn=1 actor=1 move=Protect target=1
AI decision turn=1 actor=2 move=Drain Punch target=3
AI decision turn=1 actor=3 move=Thunderbolt target=2
AI decision turn=2 actor=1 move=Seed Bomb target=0
AI decision turn=2 actor=3 move=Thunderbolt target=2
E1 pressure sash=0 executed=Protect/Thunderbolt opponentHP=35/34 playerHP=41/17 playerSpeeds=39/39 opponentSpeeds=36/40
AI decision turn=1 actor=0 move=Drain Punch target=1
AI decision turn=1 actor=1 move=Protect target=1
AI decision turn=1 actor=2 move=Drain Punch target=3
AI decision turn=1 actor=3 move=Thunderbolt target=2
AI decision turn=2 actor=1 move=Seed Bomb target=2
AI decision turn=2 actor=3 move=Electroweb target=0
E1 pressure sash=1 executed=Protect/Thunderbolt opponentHP=35/34 playerHP=41/7 playerSpeeds=39/39 opponentSpeeds=36/40
[2] EC live review E0001: actual native regional opening replacements: [32mPASS[0m
AI decision turn=1 actor=0 move=Knock Off target=1
AI decision turn=1 actor=1 move=Protect target=1
AI decision turn=1 actor=2 move=Psychic target=1
AI decision turn=1 actor=3 move=Protect target=3
AI decision turn=2 actor=1 move=Protect target=1
AI decision turn=2 actor=3 move=Electroweb target=0
E1 region=1 slot=0 species=Bulbasaur initialAbility=65 level=12 hp=36/36 lastExecuted=Protect PikachuHP=34 lastExecuted=Protect playerHP=41/39
AI decision turn=1 actor=0 move=Knock Off target=1
AI decision turn=1 actor=1 move=Protect target=1
AI decision turn=1 actor=2 move=Psychic target=1
AI decision turn=1 actor=3 move=Fake Out target=2
AI decision turn=2 actor=1 move=Flamethrower target=2
AI decision turn=2 actor=3 move=Protect target=3
E1 region=1 slot=1 species=Charmander initialAbility=66 level=12 hp=35/35 lastExecuted=Protect PikachuHP=34 lastExecuted=Fake Out playerHP=41/31
AI decision turn=1 actor=0 move=Knock Off target=1
AI decision turn=1 actor=1 move=Follow Me target=1
AI decision turn=1 actor=2 move=Psychic target=1
AI decision turn=1 actor=3 move=Fake Out target=2
AI decision turn=2 actor=1 move=Follow Me target=1
AI decision turn=2 actor=3 move=Electroweb target=0
E1 region=1 slot=2 species=Squirtle initialAbility=67 level=12 hp=28/43 lastExecuted=Follow Me PikachuHP=34 lastExecuted=Fake Out playerHP=41/31
AI decision turn=1 actor=0 move=Knock Off target=1
AI decision turn=1 actor=1 move=Light Screen target=1
AI decision turn=1 actor=2 move=Psychic target=1
AI decision turn=1 actor=3 move=Fake Out target=2
AI decision turn=2 actor=1 move=Protect target=1
AI decision turn=2 actor=3 move=Electroweb target=0
E1 region=2 slot=0 species=Chikorita initialAbility=65 level=12 hp=23/44 lastExecuted=Light Screen PikachuHP=34 lastExecuted=Fake Out playerHP=41/31
AI decision turn=1 actor=0 move=Knock Off target=1
AI decision turn=1 actor=1 move=Eruption target=0
AI decision turn=1 actor=2 move=Psychic target=1
AI decision turn=1 actor=3 move=Fake Out target=2
AI decision turn=2 actor=1 move=Extrasensory target=2
AI decision turn=2 actor=3 move=Thunderbolt target=0
E1 region=2 slot=1 species=Cyndaquil initialAbility=18 level=12 hp=9/35 lastExecuted=Eruption PikachuHP=34 lastExecuted=Fake Out playerHP=25/6
AI decision turn=1 actor=0 move=Knock Off target=1
AI decision turn=1 actor=1 move=Protect target=1
AI decision turn=1 actor=2 move=Psychic target=1
AI decision turn=1 actor=3 move=Fake Out target=2
AI decision turn=2 actor=1 move=Liquidation target=2
AI decision turn=2 actor=3 move=Protect target=3
E1 region=2 slot=2 species=Totodile initialAbility=125 level=12 hp=37/37 lastExecuted=Protect PikachuHP=34 lastExecuted=Fake Out playerHP=41/31
AI decision turn=1 actor=0 move=Knock Off target=1
AI decision turn=1 actor=1 move=Protect target=1
AI decision turn=1 actor=2 move=Psychic target=1
AI decision turn=1 actor=3 move=Fake Out target=2
AI switch turn=2 actor=1 party=3
AI decision turn=2 actor=3 move=Electroweb target=0
E1 region=4 slot=0 species=Turtwig initialAbility=75 level=12 hp=39/39 lastExecuted=Protect PikachuHP=34 lastExecuted=Fake Out playerHP=41/31
AI decision turn=1 actor=0 move=Knock Off target=1
AI decision turn=1 actor=1 move=Fake Out target=2
AI decision turn=1 actor=2 move=Psychic target=1
AI decision turn=1 actor=3 move=Fake Out target=0
AI decision turn=2 actor=1 move=Fire Punch target=2
AI decision turn=2 actor=3 move=Protect target=3
E1 region=4 slot=1 species=Chimchar initialAbility=89 level=12 hp=43/43 lastExecuted=Fake Out PikachuHP=34 lastExecuted=Fake Out playerHP=36/32
AI decision turn=1 actor=0 move=Knock Off target=1
AI decision turn=1 actor=1 move=Protect target=1
AI decision turn=1 actor=2 move=Psychic target=1
AI decision turn=1 actor=3 move=Protect target=3
AI decision turn=2 actor=1 move=Icy Wind target=0
AI decision turn=2 actor=3 move=Electroweb target=0
E1 region=4 slot=2 species=Piplup initialAbility=172 level=12 hp=46/46 lastExecuted=Protect PikachuHP=34 lastExecuted=Protect playerHP=41/39
AI decision turn=1 actor=0 move=Knock Off target=1
AI decision turn=1 actor=1 move=Protect target=1
AI decision turn=1 actor=2 move=Psychic target=1
AI decision turn=1 actor=3 move=Fake Out target=2
AI decision turn=2 actor=1 move=Glare target=0
AI decision turn=2 actor=3 move=Protect target=3
E1 region=5 slot=0 species=Snivy initialAbility=126 level=12 hp=36/36 lastExecuted=Protect PikachuHP=34 lastExecuted=Fake Out playerHP=41/31
AI decision turn=1 actor=0 move=Knock Off target=1
AI decision turn=1 actor=1 move=Protect target=1
AI decision turn=1 actor=2 move=Psychic target=1
AI decision turn=1 actor=3 move=Fake Out target=2
AI decision turn=2 actor=1 move=Head Smash target=2
AI decision turn=2 actor=3 move=Protect target=3
E1 region=5 slot=1 species=Tepig initialAbility=47 level=12 hp=41/41 lastExecuted=Protect PikachuHP=34 lastExecuted=Fake Out playerHP=41/31
AI decision turn=1 actor=0 move=Knock Off target=1
AI decision turn=1 actor=1 move=Protect target=1
AI decision turn=1 actor=2 move=Psychic target=1
AI decision turn=1 actor=3 move=Fake Out target=2
AI decision turn=2 actor=1 move=Icy Wind target=0
AI decision turn=2 actor=3 move=Protect target=3
E1 region=5 slot=2 species=Oshawott initialAbility=75 level=12 hp=46/46 lastExecuted=Protect PikachuHP=34 lastExecuted=Fake Out playerHP=41/31
AI decision turn=1 actor=0 move=Knock Off target=1
AI decision turn=1 actor=1 move=Protect target=1
AI decision turn=1 actor=2 move=Psychic target=1
AI decision turn=1 actor=3 move=Protect target=3
AI decision turn=2 actor=1 move=Super Fang target=0
AI decision turn=2 actor=3 move=Electroweb target=0
E1 region=6 slot=0 species=Chespin initialAbility=171 level=12 hp=46/46 lastExecuted=Protect PikachuHP=34 lastExecuted=Protect playerHP=41/39
AI decision turn=1 actor=0 move=Knock Off target=1
AI decision turn=1 actor=1 move=Protect target=1
AI decision turn=1 actor=2 move=Psychic target=1
AI decision turn=1 actor=3 move=Fake Out target=2
AI switch turn=2 actor=1 party=3
AI decision turn=2 actor=3 move=Electroweb target=0
E1 region=6 slot=1 species=Fennekin initialAbility=66 level=12 hp=35/35 lastExecuted=Protect PikachuHP=34 lastExecuted=Fake Out playerHP=41/31
AI decision turn=1 actor=0 move=Knock Off target=1
AI decision turn=1 actor=1 move=Ice Beam target=2
AI decision turn=1 actor=2 move=Psychic target=1
AI decision turn=1 actor=3 move=Fake Out target=2
AI decision turn=2 actor=1 move=Protect target=1
AI decision turn=2 actor=3 move=Protect target=3
E1 region=6 slot=2 species=Froakie initialAbility=168 level=12 hp=8/35 lastExecuted=Ice Beam PikachuHP=34 lastExecuted=Fake Out playerHP=41/0
AI decision turn=1 actor=0 move=Knock Off target=1
AI decision turn=1 actor=1 move=Brave Bird target=0
AI decision turn=1 actor=2 move=Psychic target=1
AI decision turn=1 actor=3 move=Fake Out target=2
AI decision turn=2 actor=1 move=Leaf Blade target=0
AI decision turn=2 actor=3 move=Electroweb target=0
E1 region=7 slot=0 species=Rowlet initialAbility=65 level=12 hp=9/42 lastExecuted=Brave Bird PikachuHP=34 lastExecuted=Fake Out playerHP=9/31
AI decision turn=1 actor=0 move=Knock Off target=1
AI decision turn=1 actor=1 move=Fake Out target=2
AI decision turn=1 actor=2 move=Psychic target=1
AI decision turn=1 actor=3 move=Fake Out target=0
AI decision turn=2 actor=1 move=Flare Blitz target=0
AI decision turn=2 actor=3 move=Electroweb target=0
E1 region=7 slot=1 species=Litten initialAbility=22 level=12 hp=36/36 lastExecuted=Fake Out PikachuHP=34 lastExecuted=Fake Out playerHP=36/32
AI decision turn=1 actor=0 move=Knock Off target=1
AI decision turn=1 actor=1 move=Protect target=1
AI decision turn=1 actor=2 move=Psychic target=1
AI decision turn=1 actor=3 move=Fake Out target=2
AI decision turn=2 actor=1 move=Moonblast target=0
AI decision turn=2 actor=3 move=Protect target=3
E1 region=7 slot=2 species=Popplio initialAbility=204 level=12 hp=37/37 lastExecuted=Protect PikachuHP=34 lastExecuted=Fake Out playerHP=41/31
AI decision turn=1 actor=0 move=Knock Off target=1
AI decision turn=1 actor=1 move=Fake Out target=2
AI decision turn=1 actor=2 move=Psychic target=1
AI decision turn=1 actor=3 move=Fake Out target=0
AI decision turn=2 actor=1 move=Protect target=1
AI decision turn=2 actor=3 move=Protect target=3
E1 region=8 slot=0 species=Grookey initialAbility=229 level=12 hp=45/45 lastExecuted=Fake Out PikachuHP=34 lastExecuted=Fake Out playerHP=38/32
AI decision turn=1 actor=0 move=Knock Off target=1
AI decision turn=1 actor=1 move=Protect target=1
AI decision turn=1 actor=2 move=Psychic target=1
AI decision turn=1 actor=3 move=Protect target=3
AI decision turn=2 actor=1 move=U-turn target=2
AI decision turn=2 actor=3 move=Electroweb target=0
E1 region=8 slot=1 species=Scorbunny initialAbility=236 level=12 hp=37/37 lastExecuted=Protect PikachuHP=34 lastExecuted=Protect playerHP=41/39
AI decision turn=1 actor=0 move=Knock Off target=1
AI decision turn=1 actor=1 move=Protect target=1
AI decision turn=1 actor=2 move=Psychic target=1
AI decision turn=1 actor=3 move=Protect target=3
AI decision turn=2 actor=1 move=Water Pledge target=2
AI decision turn=2 actor=3 move=Electroweb target=0
E1 region=8 slot=2 species=Sobble initialAbility=97 level=12 hp=37/37 lastExecuted=Protect PikachuHP=34 lastExecuted=Protect playerHP=41/39
AI decision turn=1 actor=0 move=Knock Off target=1
AI decision turn=1 actor=1 move=Play Rough target=0
AI decision turn=1 actor=2 move=Psychic target=1
AI decision turn=1 actor=3 move=Fake Out target=2
AI decision turn=2 actor=1 move=Play Rough target=0
AI decision turn=2 actor=3 move=Thunderbolt target=0
E1 region=9 slot=0 species=Sprigatito initialAbility=168 level=12 hp=12/35 lastExecuted=Play Rough PikachuHP=34 lastExecuted=Fake Out playerHP=15/31
AI decision turn=1 actor=0 move=Knock Off target=1
AI decision turn=1 actor=1 move=Fire Blast target=2
AI decision turn=1 actor=2 move=Psychic target=1
AI decision turn=1 actor=3 move=Protect target=3
AI decision turn=2 actor=1 move=Protect target=1
AI decision turn=2 actor=3 move=Electroweb target=0
E1 region=9 slot=1 species=Fuecoco initialAbility=109 level=12 hp=22/49 lastExecuted=Fire Blast PikachuHP=34 lastExecuted=Protect playerHP=41/18
AI decision turn=1 actor=0 move=Knock Off target=1
AI decision turn=1 actor=1 move=Protect target=1
AI decision turn=1 actor=2 move=Psychic target=1
AI decision turn=1 actor=3 move=Fake Out target=2
AI decision turn=2 actor=1 move=Aqua Jet target=2
AI decision turn=2 actor=3 move=Protect target=3
E1 region=9 slot=2 species=Quaxly initialAbility=153 level=12 hp=39/39 lastExecuted=Protect PikachuHP=34 lastExecuted=Fake Out playerHP=41/31

  [31mFAILED[0m tests:
  - [31mtest/battle/ai/ai_doubles.c:2570[0m: EC expert pair: timely primary Charm protects its user 1/1: 2607: Expected target playerLeft, got playerRight
  - [31mtest/battle/ai/ai_doubles.c:269[0m: EC expert pair: recoil can trigger Gluttony healing unless Unnerve blocks it 1/3: 303: Unmatched EXPECT_MOVE Protect, got Double-Edge
  - [31mtest/battle/ai/ai_doubles.c:182[0m: EC expert pair: Sleep Powder denial respects native accuracy Grass and Goggles 2/3: 216: Unmatched EXPECT_MOVE Protect, got Sleep Powder

- Tests [31mFAILED[0m:          3    Add TESTS='X' to run tests with the defined prefix.
- Tests [32mPASSED[0m:          51
- Tests [34mTOTAL[0m:           54

make: *** [check] Error 1
