tools/patchelf/patchelf pokeemerald-test-headless.elf gTestRunnerHeadless '\x01' gTestRunnerSkipIsFail "\x00"
tools/mgba-rom-test-hydra/mgba-rom-test-hydra tools/mgba/mgba-rom-test-mac arm-none-eabi-objcopy pokeemerald-test-headless.elf
[4] EC expert pair: Helping Hand requires a damaging partner action: [32mPASS[0m
[0] EC expert pair: candidate evaluation restores board caches field and RNG: [32mPASS[0m
[6] EC expert pair: Follow Me protects the Trick Room setter: [32mPASS[0m
[7] EC expert pair: partner healing preserves the slower winning attack: [32mPASS[0m
[7] EC battle plans: compiled directives follow trainer ownership and exclude other battle namespaces: [32mPASS[0m
[4] EC authored strategy: Flannery advances Eruption before opposing Rock Slide: [32mPASS[0m
[1] EC expert pair: reciprocal Helping Hand secures its concrete partner's spread KOs: [32mPASS[0m
[2] EC expert pair: Trick Room never cancels itself and is reset after expiry: [32mPASS[0m
[0] EC expert pair: timing probe with full parties and legal Mega reserves: [32mPASS[0m
full-party paired decision selected=1 frames=18
[5] EC expert pair: beneficial weather is established once: [32mPASS[0m
[6] EC authored strategy: Tabitha activation requires survival and a useful boost 2/3: [31mFAIL[0m
test/battle/ai/emerald_champions_plans.c:139: Unmatched NOT_EXPECT_MOVE Surf
[0] EC expert pair: two eligible partners commit only one Mega for their owner: [32mPASS[0m
[3] EC expert pair: reciprocal Justified activation preserves the recipient's attack: [32mPASS[0m
[2] EC expert pair: personality flags preserve an accurate guaranteed KO: [32mPASS[0m

  [31mFAILED[0m tests:
  - [31mtest/battle/ai/emerald_champions_plans.c:122[0m: EC authored strategy: Tabitha activation requires survival and a useful boost 2/3: 139: Unmatched NOT_EXPECT_MOVE Surf

- Tests [31mFAILED[0m:          1    Add TESTS='X' to run tests with the defined prefix.
- Tests [32mPASSED[0m:          13
- Tests [34mTOTAL[0m:           14

make: *** [check] Error 1
