tools/scaninc/scaninc -M build/emerald-test/data/battle_scripts_1.d -g build/assets -I include -I "" data/battle_scripts_1.s
tools/preproc/preproc -s data/battle_scripts_1.s charmap.txt | arm-none-eabi-cpp -iquote include -Wno-trigraphs -DMODERN=1 -DTESTING=1 -DEMERALD -std=gnu17 -DEC_HEADLESS_FIXTURES=0 -I include - | tools/preproc/preproc -ie data/battle_scripts_1.s charmap.txt | arm-none-eabi-as -mcpu=arm7tdmi -march=armv4t -meabi=5 --defsym MODERN=1 --defsym EMERALD=1 -o build/emerald-test/data/battle_scripts_1.o
cd build/emerald-test && arm-none-eabi-ld -T ld_script_test.ld -o pokeemerald-test.elf <objects> <test-objects> <lib>
arm-none-eabi-ld: warning: pokeemerald-test.elf has a LOAD segment with RWX permissions
tools/gbafix/gbafix build/emerald-test/pokeemerald-test.elf -t"EM CHAMPIONS" -cBPEE -m01 -r0 -d0 --silent
tools/patchelf/patchelf pokeemerald-test-headless.elf gTestRunnerHeadless '\x01' gTestRunnerSkipIsFail "\x00"
tools/mgba-rom-test-hydra/mgba-rom-test-hydra tools/mgba/mgba-rom-test-mac arm-none-eabi-objcopy pokeemerald-test-headless.elf
Hydra workers: 4
[1] EC live review Angelo heal control: native repeat without reserves: [31mFAIL[0m
REVIEW_INPUT trainer=802 slot=0 species=595 lv=28 HP=74 Atk=36 Def=41 SpA=63 SpD=41 Spe=73 item=494 ability=14
REVIEW_INPUT trainer=802 slot=1 species=1328 lv=28 HP=69 Atk=32 Def=33 SpA=62 SpD=36 Spe=77 item=481 ability=277
REVIEW_INPUT trainer=802 slot=2 species=479 lv=28 HP=74 Atk=36 Def=56 SpA=92 SpD=56 Spe=82 item=523 ability=26
REVIEW_INPUT trainer=802 slot=3 species=1329 lv=29 HP=88 Atk=48 Def=48 SpA=93 SpD=48 Spe=114 item=443 ability=10
REVIEW_INPUT trainer=802 slot=4 species=849 lv=29 HP=91 Atk=63 Def=54 SpA=107 SpD=54 Spe=75 item=508 ability=244
REVIEW_INPUT trainer=802 slot=5 species=405 lv=29 HP=94 Atk=111 Def=59 SpA=62 SpD=59 Spe=72 item=442 ability=22
ANGELO_NATIVE_MESSAGE atk=0 target=0 move=0 You are challenged by 2!?
ANGELO_NATIVE_MESSAGE atk=0 target=0 move=0 2 sent out Rotom and Kilowattrel!
ANGELO_NATIVE_MESSAGE atk=0 target=3 move=0 Go! Mienfoo and Lombre!
AI decision turn=1 actor=0 move=Fake Out target=1
AI decision turn=1 actor=1 move=Thunderbolt target=0
AI decision turn=1 actor=2 move=Scald target=3
AI decision turn=1 actor=3 move=Volt Switch target=0
ANGELO_NATIVE_MESSAGE atk=0 target=1 move=252 Mienfoo used Fake?Out!
ANGELO_NATIVE_MESSAGE atk=0 target=1 move=252 It doesn't affect the?opposing Rotom?
ANGELO_NATIVE_MESSAGE atk=3 target=0 move=521 The opposing Kilowattrel?used Volt?Switch!
ANGELO_NATIVE_HP battler=0 old=76 new=1
ANGELO_NATIVE_MESSAGE atk=1 target=0 move=85 The opposing Rotom used Thunderbolt!
ANGELO_NATIVE_HP battler=0 old=1 new=0
ANGELO_NATIVE_MESSAGE atk=1 target=0 move=85 Mienfoo fainted!?
ANGELO_NATIVE_MESSAGE atk=1 target=0 move=85 
ANGELO_NATIVE_MESSAGE atk=2 target=3 move=503 Lombre used Scald!
ANGELO_NATIVE_HP battler=1 old=74 new=34
ANGELO_NATIVE_MESSAGE atk=2 target=1 move=503 
ANGELO_NATIVE_HP battler=1 old=34 new=52
AI decision turn=2 actor=2 move=Scald target=3
AI decision turn=2 actor=1 move=Thunderbolt target=3
ANGELO_NATIVE_MESSAGE atk=1 target=3 move=85 The opposing Rotom used Thunderbolt!
ANGELO_NATIVE_MESSAGE atk=1 target=3 move=85 But it failed!
ANGELO_NATIVE_MESSAGE atk=2 target=3 move=503 Lombre used Scald!
ANGELO_NATIVE_HP battler=1 old=52 new=12
ANGELO_CONTROL_FOE_HP=104
work/angelo_gen9_probe.inc:60022: EXPECT failed
[0] EC live review Angelo heal: inspect actual reserve actions: [32mPASS[0m
REVIEW_INPUT trainer=802 slot=0 species=595 lv=28 HP=74 Atk=36 Def=41 SpA=63 SpD=41 Spe=73 item=494 ability=14
REVIEW_INPUT trainer=802 slot=1 species=1328 lv=28 HP=69 Atk=32 Def=33 SpA=62 SpD=36 Spe=77 item=481 ability=277
REVIEW_INPUT trainer=802 slot=2 species=479 lv=28 HP=74 Atk=36 Def=56 SpA=92 SpD=56 Spe=82 item=523 ability=26
REVIEW_INPUT trainer=802 slot=3 species=1329 lv=29 HP=88 Atk=48 Def=48 SpA=93 SpD=48 Spe=114 item=443 ability=10
REVIEW_INPUT trainer=802 slot=4 species=849 lv=29 HP=91 Atk=63 Def=54 SpA=107 SpD=54 Spe=75 item=508 ability=244
REVIEW_INPUT trainer=802 slot=5 species=405 lv=29 HP=94 Atk=111 Def=59 SpA=62 SpD=59 Spe=72 item=442 ability=22
ANGELO_NATIVE_MESSAGE atk=0 target=0 move=0 You are challenged by?BUG?MANIAC?ANGELO!?
ANGELO_NATIVE_MESSAGE atk=0 target=0 move=0 BUG?MANIAC?ANGELO sent out?Rotom and Kilowattrel!
ANGELO_NATIVE_MESSAGE atk=0 target=3 move=0 Go! Mienfoo and Lombre!
AI decision turn=1 actor=0 move=Fake Out target=1
AI decision turn=1 actor=1 move=Thunderbolt target=0
AI decision turn=1 actor=2 move=Scald target=3
AI decision turn=1 actor=3 move=Volt Switch target=0
ANGELO_NATIVE_MESSAGE atk=0 target=1 move=252 Mienfoo used Fake?Out!
ANGELO_NATIVE_MESSAGE atk=0 target=1 move=252 It doesn't affect the?opposing Rotom?
ANGELO_NATIVE_MESSAGE atk=3 target=0 move=521 The opposing Kilowattrel?used Volt?Switch!
ANGELO_NATIVE_HP battler=0 old=76 new=1
ANGELO_NATIVE_MESSAGE atk=1 target=0 move=85 The opposing Rotom used Thunderbolt!
ANGELO_NATIVE_HP battler=0 old=1 new=0
ANGELO_NATIVE_MESSAGE atk=1 target=0 move=85 Mienfoo fainted!?
ANGELO_NATIVE_MESSAGE atk=1 target=0 move=85 
ANGELO_NATIVE_MESSAGE atk=2 target=3 move=503 Lombre used Scald!
ANGELO_NATIVE_HP battler=1 old=74 new=34
ANGELO_NATIVE_MESSAGE atk=2 target=1 move=503 
ANGELO_NATIVE_HP battler=1 old=34 new=52
AI decision turn=2 actor=2 move=Scald target=3
AI decision turn=2 actor=1 move=Protect target=1
ANGELO_NATIVE_MESSAGE atk=1 target=1 move=182 The opposing Rotom used Protect!
ANGELO_NATIVE_MESSAGE atk=1 target=1 move=182 The opposing Rotom protected itself!
ANGELO_NATIVE_MESSAGE atk=2 target=3 move=503 Lombre used Scald!
ANGELO_NATIVE_MESSAGE atk=2 target=1 move=503 The opposing Rotom protected itself!
AI decision turn=3 actor=2 move=Scald target=3
AI decision turn=3 actor=1 move=Thunderbolt target=2
ANGELO_NATIVE_MESSAGE atk=1 target=2 move=85 The opposing Rotom used Thunderbolt!
ANGELO_NATIVE_HP battler=2 old=104 new=71
ANGELO_NATIVE_MESSAGE atk=1 target=2 move=85 Lombre is paralyzed, so it?may be unable to move!
ANGELO_NATIVE_MESSAGE atk=1 target=2 move=85 
ANGELO_NATIVE_MESSAGE atk=2 target=3 move=503 Lombre couldn't move because?it's paralyzed!
AI decision turn=4 actor=1 move=Thunderbolt target=2
REVIEW_AFTER board=20 turns=3 reserves=1 species=479/1329 HP=52/88 foes=0/71 faints=0/1 initialFrames=24
REVIEW_STATE actor=1 move=Thunderbolt PP=13/15/15/4 Atk=6 Def=6 SpA=6 SpD=6 Spe=6 status=0 ability=26 item=0
REVIEW_STATE actor=3 move=Volt Switch PP=15/15/19/10 Atk=6 Def=6 SpA=6 SpD=6 Spe=6 status=0 ability=10 item=443

  [31mFAILED[0m tests:
  - [31mwork/angelo_gen9_probe.inc:60001[0m: EC live review Angelo heal control: native repeat without reserves: 60022: EXPECT failed

- Tests [31mFAILED[0m:          1    Add TESTS='X' to run tests with the defined prefix.
- Tests [32mPASSED[0m:          1
- Tests [34mTOTAL[0m:           2

make: *** [check] Error 1
