
== core services ==
core_service_static_checks=PASS
pokemon_centers=16
medicine_mart_lists=21
free_battle_items=128

== native field UI ==
PASS: both restored Pokemon Center layouts are exact reviewed 16x9 binaries
PASS: party skin loads the full 11-bank palette
PASS: inherited party/Summary/Bag copy and Pokedex No001 numbering match Inclement
PASS: all 16 Centers have collision-free native geometry and whiteout camera alignment
PASS: the League lobby retains native services and aligned whiteout healing
PASS: Ability selection is direct, measured, and returns in place
PASS: first-screen R-button and move-info paths guard the sprite sentinel
PASS: Leveler batches to the cap, skips Eggs, and chains evolutions
PASS: battle-set recognition and cursor preselection use the full current orientation
PASS: unified move list uses a 16-bit count for Mew's 372 preparation moves
PASS: battle vendor keeps independent cursors and B/Back returns one native level
PASS: every move-specialist branch has explicit one-level cancel/back behavior
PASS: free Stat Point editing is native, bounded to 66/32, and shared with Fallarbor
PASS: free battle-vendor lists show only item names; paid shops retain native prices
PASS: both starter-region flows remember only valid selections across native backtracking
PASS: the Forces of Nature are conditional encounters, never permanent route props
PASS: Inclement's exact eight physical encounters have one-to-one render coverage
PASS: headless fixtures default off and all production callback seams compile out
PASS: renderer preserves 141 required scenarios; Inclement seam renders require decoded-pixel and semantic runtime proof
PASS: Pokedex, Summary, and all eight Bag pockets expose semantic final-state observers
PASS: Furfrou exposes ten ordered trims plus geometry-safe native B/Back scrolling
PASS: 21 Hoenn whiteouts, HOF 1/6, and both 2x2 door halves have semantic fixtures
PASS: high-risk battle, boot, Pokeblock, Storage, Frontier, and Trainer Card fixtures remain composed
PASS: 7 live non-debug dynamic menus stay above the bottom textbox; battle categories show at most 5 rows
EMERALD CHAMPIONS NATIVE UI GATE: PASS

== visual contracts ==
EMERALD CHAMPIONS VISUAL CONTRACTS: PASS
registered_maps=957 map_event_records=9693 registered_warps=2696 reviewed_off_map_events=17
reviewed_unconditional_object_stacks=1
scripted_warp_coordinates=192 reviewed_dynamic_scripted_warps=2
literal_local_id_visual_calls=1849 briney_cross_map_calls=12
map_special_calls=983 map_special_names=260 classified_visual_special_calls=171
direct_map_effect_calls=5 classified_effects=3
world_sparkle_anchors=12 healer_destinations=21
script_world_coordinates=777 reviewed_off_map=1
shared_nurse_callers=18 fixed_screen_placements=8
mutation_probes=10 dormant_frlg_findings=1
INFO dormant FRLG: HEAL_LOCATION_INDIGO_PLATEAU: LOCALID_LEAGUE_NURSE missing from MAP_INDIGO_PLATEAU_POKEMON_CENTER_1F

== compiled map tile compatibility and dynamic inventory ==
{
  "status": "compiled_structure_passed_with_unresolved_states",
  "counts": {
    "registered_maps": 957,
    "compiled_hoenn_maps": 540,
    "dormant_maps": 417,
    "registered_layouts": 807,
    "compiled_layouts": 463,
    "tilesets": 139,
    "placement_cells": 585957,
    "compiled_placement_cells": 346343,
    "used_metatiles_per_layout": 45970,
    "script_writes": 1416,
    "script_write_commands": {
      "setmetatile": 1416
    },
    "script_map_state_changes": 267,
    "unresolved_script_writes": 491,
    "unresolved_script_writes_possible_hoenn": 166,
    "script_writes_without_map_context": 46,
    "errors": 47,
    "compiled_errors": 0,
    "dormant_errors": 47,
    "unresolved_static_ownership": 1
  }
}

== Inclement visual sources ==
PASS: graphics/pokedex/hgss (33 files)
PASS: graphics/summary_screen (16 files)
PASS: graphics/party_menu (13 files)
PASS: graphics/object_events/pics/people/nurse.png
PASS: Nurse Joy uses Inclement's ten unique frames
PASS: Nurse Joy uses Inclement's healing choreography
PASS: high-risk Inclement story choreography is ordered and visible
PASS: all 53 Emerald door assets and renderer mappings compile to Inclement bytes
INCLEMENT VISUAL SOURCE GATE: PASS

== Inclement overworld parity ==
INCLEMENT OVERWORLD PARITY: PASS (540 maps, 2718 visual objects, 1566 tileset assets, semantic adaptations objects=308 coord=15 bg=62, mutation_probes=4, source cf41a95b68a39ca74fefeb934c460f6f47eb0b3b)

== Inclement story parity ==
Coverage: 540 map object comparisons; 490 callback comparisons; 996 current and 553 reference scripts scanned for flag setters; 2 new maps and 419 new map scripts have no historical counterpart; 0 removed maps and 0 removed map scripts are outside object/callback comparison
INCLEMENT STORY PARITY: PASS (19 observed reviewed divergences, baseline cf41a95b; selected static checks only)

== local warp collision regressions ==
Coverage: 540 map pairs compared; 2 new maps checked without a historical counterpart; 0 reference-only maps outside this comparison; 1402 current and 1402 reference warps inspected; 9 current and 9 reference warps unmodeled (border or no collision-free adjacent tile)
MAP REACHABILITY: PASS (local collision heuristic only; Inclement cf41a95b; campaign reachability not verified)

== NPC script integrity ==
NPC SCRIPT INTEGRITY: PASS (3972 NPC scripts, 2375 compared against Inclement, 17278 jump targets resolved)

== retired route conversations ==
PASS: retired route fights preserve NPC placement, dialogue and species showcases

== Verdant visual byte inventory ==
verdant_visual_manifest_fast=PASS current=24591 mutation_probes=1

== finite rewards ==
PASS: 47 scripted rewards and all map TM pickups are finite progression rewards

== reward economy ==
world_item_markers_checked stone_pickups=55
world_mega_stone_pickups=55 unique=55
world_pickup_flags=224 hidden_pickup_flags=113 reward_names_match
direct_reward_flags=97 reward_names_match
PASS: finite reward economy is coherent and one-time world Mega Stones are unique

== interaction rewards ==
PASS: free vendor lists parsed (128 items)
PASS: no NPC gift or pickup duplicates a free vendor held item []
PASS: in-game trades apply the competitive preset after legacy Ability/item fields
PASS: trade table defines INGAME_TRADE_FIDOUGH
PASS: FIDOUGH: perfect IVs
PASS: FIDOUGH: requested SPECIES_ZIGZAGOON is catchable
PASS: FIDOUGH: reward SPECIES_FIDOUGH is trade-exclusive
PASS: trade table defines INGAME_TRADE_BOMBIRDIER
PASS: BOMBIRDIER: perfect IVs
PASS: BOMBIRDIER: requested SPECIES_VOLBEAT is catchable
PASS: BOMBIRDIER: reward SPECIES_BOMBIRDIER is trade-exclusive
PASS: trade table defines INGAME_TRADE_CYCLIZAR
PASS: CYCLIZAR: perfect IVs
PASS: CYCLIZAR: requested SPECIES_BAGON is catchable
PASS: CYCLIZAR: reward SPECIES_CYCLIZAR is trade-exclusive
PASS: trade table defines INGAME_TRADE_TYPE_NULL
PASS: TYPE_NULL: perfect IVs
PASS: TYPE_NULL: requested SPECIES_SKITTY is catchable
PASS: TYPE_NULL: reward SPECIES_TYPE_NULL is trade-exclusive
PASS: trade table defines INGAME_TRADE_TROPIUS
PASS: TROPIUS: perfect IVs
PASS: TROPIUS: requested SPECIES_CROAGUNK is catchable
PASS: trade table defines INGAME_TRADE_HAPPINY
PASS: HAPPINY: perfect IVs
PASS: HAPPINY: requested SPECIES_PYUKUMUKU is catchable
PASS: HAPPINY: reward SPECIES_HAPPINY is trade-exclusive
PASS: Champions Circuit victories award Battle Points
PASS: Circuit room announces the BP award after each win
PASS: BP exchange still sells items
PASS: src/trainer_hill.c awards no Rare Candy
PASS: src/battle_tent.c awards no Rare Candy
PASS: src/lottery_corner.c awards no Rare Candy
PASS: src/field_specials.c awards no Rare Candy
PASS: no map script gives or sells Rare Candy []
PASS: battle experience is disabled
PASS: lottery no longer pays an Exp. Share
PASS: lottery no longer pays medicine
PASS: no NPC gives an Exp. Share []
PASS: Trainer Hill prize tables contain no ITEM_ETHER
PASS: Trainer Hill prize tables contain no ITEM_MAX_POTION
PASS: Trainer Hill prize tables contain no ITEM_REVIVE
PASS: Trainer Hill prize tables contain no ITEM_FLUFFY_TAIL
PASS: Trick House rewards were upgraded (no Smoke Ball, Mega Stone finale)
PASS: Rustboro flat NPC gives an evolution item instead of a free vendor item
PASS: Catching Charm is awarded at the Safari Zone
PASS: Oval Charm is awarded at the Day Care
PASS: a full Bag cannot permanently lose the Day Care Oval Charm
PASS: data/maps/AlteringCave_B1F/scripts.inc no longer holds a charm hostage until the postgame
PASS: data/maps/CaveOfOrigin_DianciesRoom/scripts.inc no longer holds a charm hostage until the postgame
PASS: FLAG_EC_RECEIVED_CATCHING_CHARM defined
PASS: FLAG_EC_RECEIVED_OVAL_CHARM defined

All interaction-reward checks passed

== authored wild distribution ==
PASS: every Hoenn table has the engine's slot count []
PASS: table variety floors hold (land 12, surf 5, fishing 7) []
PASS: no evolved form below its evolution level []
PASS: table levels respect access tiers []
PASS: no species floods the region []
PASS: route sheet covers exactly all generated water maps (sheet-only=[], map-only=[])
PASS: all surf/fishing tables match the authored route sheet []
PASS: no starter in Hoenn wild tables []
PASS: legendary-class wild species all belong to the Sign system []
PASS: trade-exclusive species stay exclusive
PASS: runtime clamps every wild level (land/water/rocks and fishing) to the live cap
PASS: land slot weights are the flattened 14..4 curve, got [14, 12, 11, 10, 9, 9, 8, 7, 6, 5, 5, 4]
PASS: water and Rock Smash slot weights are the flattened 35..10 curve
PASS: fishing slot weights are unchanged (100 per rod)
PASS: land, water and Rock Smash slot weights each sum to 100
PASS: Sweet Scent reverses the full slot order in every table (land/water/rocks/fishing)

All wild-distribution checks passed

== route signs ==
PASS: 32 wayfinding signs show method-grouped live encounters

== competitive presets ==
battle_set_static_checks=PASS
sets=6895
doubles_non_mega_orientations=3907; reviewed forms=2-4 each
singles_sets=2710; ordinary reviewed species=1-2, Mega-bearing forms=2-4 each
hand_reviewed_species=1309
legal_role_syntheses=0
mega_roles=278 across 92 stones
move_access_review=57 retained + 21 replaced; 42 unique tutor extensions
wild_species_with_presets=638
new_campaign_species_with_two_sets=18

== species stat rebalances ==
PASS: 102 selective Inclement stat ports and 3 paired Mega HP adjustments match the configured species table

== upstream critical fixes ==
PASS: critical upstream crash and form-change contracts without runtime coverage

== campaign roster ==
PASS: all 203 Champions families are obtainable before the League
PASS: all 78 original Kanto families are obtainable
PASS: 75 Champions Mega Stones are present in the Mega Ring archive
PASS: 44 evolution items are present in the Mega Ring archive

== Game Corner starter archive ==
PASS: all 27 regional starters have independent persistent claim flags
PASS: initial starter, no-room, preset-failure, payment, and one-time paths are transactional
PASS: all 29 Pokemon prizes receive a non-Mega competitive preset before party/PC delivery
PASS: Castform, Beldum, and all Devon fossil gifts use the retry-safe prepared transaction
PASS: all starter menus and new dialogue fit their native windows

== trainer Ability legality ==
PASS: 2027 authored trainer Abilities are legal for the configured species/form tables

== trainer runtime coherence ==
PASS: 2027 trainer Pokemon have coherent attack natures, charge support, usable Schooling levels, activatable held items, executable fields, and live move-dependent Abilities; 0 reviewed dual-speed parties remain; 0 singles parties still put Protect on every member

== marquee dynamic AI ==
PASS: 5 focused dynamic AI profiles map to 12 reviewed marquee trainers

== trainer row reachability ==
PASS: all 516 materialized opponent rows are reachable campaign branches

== trainer dialogue species ==
PASS: every live Hoenn trainer species mention matches its materialized party or one of 2 reviewed plot references

== story and dialogue ==
PASS: core Hoenn story preserves Magma/Aqua, Rayquaza, Wallace, and the Frontier
PASS: Mega and restored-area progression is narratively discoverable
PASS: Cynthia uses her dedicated overworld sprite and trainer portrait
PASS: every League room has a one-survivor retirement and retry path
PASS: all 25 Inclement NPC bodies have explicit native services or dialogue
PASS: 10915 story dialogue lines fit the native 216px window
PASS: 47717 literal Hoenn dialogue lines fit the native 216px window

== rematch-free Match Call ==
PASS: rematches are disabled; 73 retained battle blocks have no physical entry and 73 conditional entries sit behind the false runtime guard; 71 registration prompts and 0 reachable Match Call texts are promise-free

== map and script structure with selected progression contracts ==
PASS: 540 Hoenn maps have valid layouts, events, warps, and assembled scripts
PASS: 4149 physical NPC/trigger/sign events and 1402 warps resolve
PASS: 18141 control-flow/dialogue/movement references resolve across 105787 script lines
PASS: 368 value-returning special calls never read a void C function
PASS: selected badge, Mega, League, legendary, and story-item source contracts hold
Scope: static references and source patterns only; state-dependent campaign reachability is not verified

== legendary availability ==
PASS: all 101 legendary-class families have a Hoenn acquisition root
PASS: all 82 legendary prerequisite chains terminate
PASS: 6 visible quests and 7 ordinary-wild roots are wired
PASS: 12 finite Circuit rewards finish before the win-40 mastery reward
PASS: all four postgame island passes are obtainable through the native harbor

== legendary signs and Circuit ==
Legendary Signs: 82 complete acquisition definitions
Visible overworld encounters: 8 physical one-off Pokémon
Showdown Circuit: 311 variants, 444 templates
Generated table SHA256: 2efc961e65ecb004747fd572f9a070c346e4758b90f441ab5e43667b9e6a8260

== regional starters ==
PASS: all nine regional starter trios are selectable
PASS: all 81 starter stages have competitive presets
PASS: every rival milestone follows the chosen counter-starter family

== restored world ==
PASS: 22 restored maps are connected to the Hoenn campaign
PASS: 9 Inclement evolution/form rewards and the Dewford Manor sign are restored
PASS: Abandoned Ship has exactly one source-backed Spiritomb interaction
PASS: 104 objects include 42 unique progression pickups
PASS: 21 restored maps have themed wild encounter tables
PASS: 1 Sign objects and 4 static sanctuaries are visible in-world

== single-player evolutions ==
PASS: all 30 trade evolutions have single-player alternatives
PASS: all 15 required evolution items are obtainable
PASS: the Linking Cord is a reusable key item and paired trades retain their partner requirement
PASS: Milcery and both Gimmighoul forms evolve through deterministic Leveler-compatible thresholds

== fossil revival ==
PASS: all 11 complete fossils revive repeatably with native selection and safe delivery

== Poke Vial quest ==
PASS: the native Chansey chase grants the second Poke Vial charge exactly once

== campaign battle master ==
INFO: encounters=468 branches=516 formats={'single': 60, 'double': 442, 'multi': 14} doubles=88.37%
INFO: team sizes={1: 9, 2: 55, 3: 183, 4: 123, 5: 9, 6: 137}
INFO: unique species=782 top usage=[('SPECIES_MANECTRIC', 22), ('SPECIES_BRELOOM', 21), ('SPECIES_SWELLOW', 19), ('SPECIES_MIMIKYU', 13), ('SPECIES_CAMERUPT', 12), ('SPECIES_CROBAT', 12), ('SPECIES_SALAZZLE', 10), ('SPECIES_SHARPEDO', 10), ('SPECIES_MIGHTYENA', 9), ('SPECIES_HARIYAMA', 9), ('SPECIES_HOUNDOOM', 9), ('SPECIES_LANTURN', 9), ('SPECIES_CLAYDOL', 9), ('SPECIES_NINETALES', 9), ('SPECIES_MILOTIC', 9)]
INFO: Mega showcases=92/92 legendary showcases=76/76
INFO: current runtime trainer ids=516 planned restores=0
INFO: primary strategies={'setup + spread pressure': 44, 'balanced tempo': 68, 'spread pressure': 98, 'rain': 10, 'rain + setup + spread pressure': 3, 'setup': 41, 'Trick Room': 13, 'Tailwind + setup': 10, 'sand + spread pressure': 7, 'snow + setup + spread pressure': 2, 'Trick Room + spread pressure': 15, 'rain + spread pressure': 9, 'Tailwind + setup + spread pressure': 12, 'redirection + setup + spread pressure': 7, 'sun + spread pressure': 11, 'rain + setup': 5, 'redirection + spread pressure': 13, 'redirection': 3, 'Trick Room + Tailwind + spread pressure': 1, 'Tailwind': 14, 'Tailwind + spread pressure': 24, 'sand + setup + spread pressure': 6, 'sun + setup + spread pressure': 3, 'snow': 5, 'Trick Room + setup + spread pressure': 5, 'Tailwind + sun + spread pressure': 5, 'Trick Room + setup': 3, 'Tailwind + rain + spread pressure': 7, 'redirection + setup': 2, 'Tailwind + rain': 3, 'snow + redirection + setup': 1, 'sun + snow + spread pressure': 1, 'Trick Room + sand + spread pressure': 1, 'Tailwind + rain + setup + spread pressure': 2, 'rain + snow + spread pressure': 1, 'Trick Room + redirection': 1, 'Tailwind + redirection': 1, 'Trick Room + sun + spread pressure': 1, 'Tailwind + sand + spread pressure': 1, 'snow + spread pressure': 1, 'snow + redirection': 1, 'rain + redirection': 1, 'Tailwind + rain + setup': 2, 'Tailwind + redirection + setup + spread pressure': 1, 'Tailwind + snow': 1, 'Tailwind + sand + redirection + spread pressure': 1, 'sun + redirection + spread pressure': 1} prior-two species-repeat encounters=13
INFO: dossier exact loadout blocks=0 facts=0 source-verified dialogue blocks=293
PASS: campaign battle master satisfies all static closure gates

== battle master regenerates byte-for-byte ==
implemented_trainer_branches=516 through_encounter=513
trainer_master_prefix_verification=PASS

== per-encounter quality audit self-test ==
  ok      Eviolite on a Pokemon that cannot evolve
  ok      Belly Drum with no payment
  ok      weather ability with no setter
  ok      Solar Beam with no sun
  ok      team that cannot damage a type at all
  ok      Assault Vest with a status move
  ok      Nature that lowers the only attacking stat
  ok      Stat Points on a stat the set never uses
  ok      duplicate species on one team
  ok      Choice item on a set that must switch moves
  ok      a well-built team produces no findings
  ok      a rematch ladder that goes backwards
  ok      a multi battle shares weather across the two trainers

PASS: all 13 audit self-tests hold

== per-encounter quality audit ==

inspected 516 trainer branches across 468 encounters

findings by group: none
total findings: 0

== Frontier competitive loadouts ==
PASS: Frontier, Tent, and Brain loadouts match the competitive set corpus

== local-ID sprite bindings ==
PASS: 160 named local IDs are bound to the sprite family their name promises

== battle script formats ==
PASS: all 516 campaign trainer branches use their authored battle format
PASS: resolved flag and variable names and assignments are unique
PASS: player-facing branding and build identity are Emerald Champions

== whitespace and patch integrity ==

== release input content stamp ==
PASS: pokeemerald-release.inputs.json matches 28920 build inputs and artifact bytes: pokeemerald-release.gba, pokeemerald-release.elf
PASS: ROM header, checksum, and GBA memory regions are valid
memory: ROM 27,707,856/33,554,432 (82.58%), EWRAM 232,222/262,144 (88.59%), IWRAM 28,340/32,768 (86.49%)

EMERALD CHAMPIONS RELEASE GATES: PASS
